Archive member included to satisfy reference by file (symbol)

app/libapp.a(main.c.obj)      (--whole-archive)
zephyr/libzephyr.a(cbprintf_packaged.c.obj)
                              (--whole-archive)
zephyr/libzephyr.a(dec.c.obj)
                              (--whole-archive)
zephyr/libzephyr.a(fdtable.c.obj)
                              (--whole-archive)
zephyr/libzephyr.a(hex.c.obj)
                              (--whole-archive)
zephyr/libzephyr.a(printk.c.obj)
                              (--whole-archive)
zephyr/libzephyr.a(rb.c.obj)  (--whole-archive)
zephyr/libzephyr.a(sem.c.obj)
                              (--whole-archive)
zephyr/libzephyr.a(thread_entry.c.obj)
                              (--whole-archive)
zephyr/libzephyr.a(timeutil.c.obj)
                              (--whole-archive)
zephyr/libzephyr.a(heap.c.obj)
                              (--whole-archive)
zephyr/libzephyr.a(heap-validate.c.obj)
                              (--whole-archive)
zephyr/libzephyr.a(bitarray.c.obj)
                              (--whole-archive)
zephyr/libzephyr.a(multi_heap.c.obj)
                              (--whole-archive)
zephyr/libzephyr.a(onoff.c.obj)
                              (--whole-archive)
zephyr/libzephyr.a(notify.c.obj)
                              (--whole-archive)
zephyr/libzephyr.a(cbprintf_complete.c.obj)
                              (--whole-archive)
zephyr/libzephyr.a(assert.c.obj)
                              (--whole-archive)
zephyr/libzephyr.a(reboot.c.obj)
                              (--whole-archive)
zephyr/libzephyr.a(configs.c.obj)
                              (--whole-archive)
zephyr/libzephyr.a(soc.c.obj)
                              (--whole-archive)
zephyr/libzephyr.a(soc_nrf_common.S.obj)
                              (--whole-archive)
zephyr/libzephyr.a(validate_base_addresses.c.obj)
                              (--whole-archive)
zephyr/libzephyr.a(validate_enabled_instances.c.obj)
                              (--whole-archive)
zephyr/libzephyr.a(log_minimal.c.obj)
                              (--whole-archive)
zephyr/libzephyr.a(stream_flash.c.obj)
                              (--whole-archive)
zephyr/libzephyr.a(tracing_none.c.obj)
                              (--whole-archive)
zephyr/libzephyr.a(flash_map_partition_manager.c.obj)
                              (--whole-archive)
zephyr/arch/common/libarch__common.a(sw_isr_common.c.obj)
                              (--whole-archive)
zephyr/arch/arch/arm/core/aarch32/libarch__arm__core__aarch32.a(cpu_idle.S.obj)
                              (--whole-archive)
zephyr/arch/arch/arm/core/aarch32/libarch__arm__core__aarch32.a(fatal.c.obj)
                              (--whole-archive)
zephyr/arch/arch/arm/core/aarch32/libarch__arm__core__aarch32.a(irq_manage.c.obj)
                              (--whole-archive)
zephyr/arch/arch/arm/core/aarch32/libarch__arm__core__aarch32.a(nmi.c.obj)
                              (--whole-archive)
zephyr/arch/arch/arm/core/aarch32/libarch__arm__core__aarch32.a(nmi_on_reset.S.obj)
                              (--whole-archive)
zephyr/arch/arch/arm/core/aarch32/libarch__arm__core__aarch32.a(prep_c.c.obj)
                              (--whole-archive)
zephyr/arch/arch/arm/core/aarch32/libarch__arm__core__aarch32.a(swap.c.obj)
                              (--whole-archive)
zephyr/arch/arch/arm/core/aarch32/libarch__arm__core__aarch32.a(swap_helper.S.obj)
                              (--whole-archive)
zephyr/arch/arch/arm/core/aarch32/libarch__arm__core__aarch32.a(thread.c.obj)
                              (--whole-archive)
zephyr/arch/arch/arm/core/aarch32/libarch__arm__core__aarch32.a(isr_wrapper.S.obj)
                              (--whole-archive)
zephyr/arch/arch/arm/core/aarch32/libarch__arm__core__aarch32.a(tls.c.obj)
                              (--whole-archive)
zephyr/arch/arch/arm/core/aarch32/cortex_m/libarch__arm__core__aarch32__cortex_m.a(exc_exit.S.obj)
                              (--whole-archive)
zephyr/arch/arch/arm/core/aarch32/cortex_m/libarch__arm__core__aarch32__cortex_m.a(fault.c.obj)
                              (--whole-archive)
zephyr/arch/arch/arm/core/aarch32/cortex_m/libarch__arm__core__aarch32__cortex_m.a(fault_s.S.obj)
                              (--whole-archive)
zephyr/arch/arch/arm/core/aarch32/cortex_m/libarch__arm__core__aarch32__cortex_m.a(fpu.c.obj)
                              (--whole-archive)
zephyr/arch/arch/arm/core/aarch32/cortex_m/libarch__arm__core__aarch32__cortex_m.a(irq_init.c.obj)
                              (--whole-archive)
zephyr/arch/arch/arm/core/aarch32/cortex_m/libarch__arm__core__aarch32__cortex_m.a(reset.S.obj)
                              (--whole-archive)
zephyr/arch/arch/arm/core/aarch32/cortex_m/libarch__arm__core__aarch32__cortex_m.a(scb.c.obj)
                              (--whole-archive)
zephyr/arch/arch/arm/core/aarch32/cortex_m/libarch__arm__core__aarch32__cortex_m.a(thread_abort.c.obj)
[...]
Memory Configuration

Name             Origin             Length             Attributes
FLASH            0x0000000001000000 0x0000000000008580 xr
RAM              0x0000000021000000 0x0000000000010000 xw
SRAM1            0x0000000021000000 0x0000000000010000
IDT_LIST         0x00000000fffff7ff 0x0000000000000800 xw
*default*        0x0000000000000000 0xffffffffffffffff

Linker script and memory map

                0x0000000001003a84                vfprintf = __i_vfprintf
                0x0000000000000000                vfscanf = __i_vfscanf
LOAD zephyr/CMakeFiles/zephyr_pre0.dir/misc/empty_file.c.obj
LOAD app/libapp.a
LOAD zephyr/libzephyr.a
LOAD zephyr/arch/common/libarch__common.a
LOAD zephyr/arch/arch/arm/core/aarch32/libarch__arm__core__aarch32.a
LOAD zephyr/arch/arch/arm/core/aarch32/cortex_m/libarch__arm__core__aarch32__cortex_m.a
LOAD zephyr/arch/arch/arm/core/aarch32/cortex_m/cmse/libarch__arm__core__aarch32__cortex_m__cmse.a
LOAD zephyr/lib/libc/picolibc/liblib__libc__picolibc.a
LOAD zephyr/lib/libc/common/liblib__libc__common.a
LOAD zephyr/drivers/clock_control/libdrivers__clock_control.a
LOAD zephyr/drivers/console/libdrivers__console.a
LOAD zephyr/drivers/flash/libdrivers__flash.a
LOAD zephyr/drivers/pinctrl/libdrivers__pinctrl.a
LOAD zephyr/drivers/serial/libdrivers__serial.a
LOAD zephyr/drivers/timer/libdrivers__timer.a
LOAD modules/nrf/lib/fprotect/lib..__nrf__lib__fprotect.a
LOAD modules/nrf/lib/fatal_error/lib..__nrf__lib__fatal_error.a
LOAD modules/nrf/subsys/bootloader/bl_boot/lib..__nrf__subsys__bootloader__bl_boot.a
LOAD modules/nrf/subsys/bootloader/bl_crypto/lib..__nrf__subsys__bootloader__bl_crypto.a
LOAD modules/nrf/subsys/bootloader/bl_validation/lib..__nrf__subsys__bootloader__bl_validation.a
LOAD modules/nrf/subsys/bootloader/bl_storage/lib..__nrf__subsys__bootloader__bl_storage.a
LOAD modules/nrf/subsys/pcd/lib..__nrf__subsys__pcd.a
LOAD modules/nrf/subsys/fw_info/lib..__nrf__subsys__fw_info.a
LOAD modules/hal_nordic/nrfx/libmodules__hal_nordic__nrfx.a
LOAD zephyr/kernel/libkernel.a
LOAD zephyr/CMakeFiles/offsets.dir/./arch/arm/core/offsets/offsets.c.obj
LOAD /home/zachary/ncs/toolchains/7795df4459/opt/zephyr-sdk/arm-zephyr-eabi/bin/../lib/gcc/arm-zephyr-eabi/12.2.0/thumb/v8-m.main/nofp/libgcc.a
LOAD zephyr/arch/common/libisr_tables.a
LOAD /home/zachary/ncs/v2.5.0/nrfxlib/crypto/nrf_oberon/lib/cortex-m33+nodsp/soft-float/liboberon_3.0.13.a
LOAD /home/zachary/ncs/toolchains/7795df4459/opt/zephyr-sdk/arm-zephyr-eabi/bin/../lib/gcc/../../picolibc/arm-zephyr-eabi/lib/thumb/v8-m.main/nofp/libc.a
LOAD /home/zachary/ncs/toolchains/7795df4459/opt/zephyr-sdk/arm-zephyr-eabi/bin/../lib/gcc/arm-zephyr-eabi/12.2.0/thumb/v8-m.main/nofp/libgcc.a
                0x0000000000000004                _region_min_align = 0x4

.rel.plt        0x0000000001000000        0x0
 *(SORT_BY_ALIGNMENT(.rel.plt))
                [!provide]                        PROVIDE (__rel_iplt_start = .)
 *(SORT_BY_ALIGNMENT(.rel.iplt))
 .rel.iplt      0x0000000001000000        0x0 app/libapp.a(main.c.obj)
                [!provide]                        PROVIDE (__rel_iplt_end = .)

.rela.plt       0x0000000000000000        0x0
 *(SORT_BY_ALIGNMENT(.rela.plt))
                [!provide]                        PROVIDE (__rela_iplt_start = .)
 *(SORT_BY_ALIGNMENT(.rela.iplt))
                [!provide]                        PROVIDE (__rela_iplt_end = .)

.rel.dyn
 *(SORT_BY_ALIGNMENT(.rel.*))

.rela.dyn
 *(SORT_BY_ALIGNMENT(.rela.*))

/DISCARD/
 *(SORT_BY_ALIGNMENT(.plt))

/DISCARD/
 *(SORT_BY_ALIGNMENT(.iplt))
                0x0000000001000000                __rom_region_start = 0x1000000

rom_start       0x0000000001000000      0x23c
                0x0000000001000000                __rom_start_address = .
                0x0000000001000000                . = (. + (0x0 - (. - __rom_start_address)))
                0x0000000001000000                . = ALIGN (0x4)
                0x0000000001000000                . = ALIGN (0x80)
                0x0000000001000000                . = ALIGN (0x100)
                0x0000000001000000                _vector_start = .
 *(SORT_BY_ALIGNMENT(.exc_vector_table))
 *(SORT_BY_ALIGNMENT(.exc_vector_table.*))
 .exc_vector_table._vector_table_section
                0x0000000001000000       0x40 zephyr/arch/arch/arm/core/aarch32/cortex_m/libarch__arm__core__aarch32__cortex_m.a(vector_table.S.obj)
                0x0000000001000000                _vector_table
 *(SORT_BY_ALIGNMENT(.vectors))
                0x00000000010000b8                _vector_end = .
                0x0000000001000040                . = ALIGN (0x4)
 *(SORT_BY_ALIGNMENT(.gnu.linkonce.irq_vector_table*))
 .gnu.linkonce.irq_vector_table
                0x0000000001000040       0x78 zephyr/arch/common/libisr_tables.a(isr_tables.c.obj)
                0x0000000001000040                _irq_vector_table
                0x00000000010000b8                _vector_end = .
                0x0000000000000200                . = 0x200
 *fill*         0x00000000010000b8      0x148 
                0x0000000001000200                _fw_info_start = .
 *(SORT_BY_NAME(SORT_BY_ALIGNMENT(.firmware_info*)))
 .firmware_info
                0x0000000001000200       0x3c modules/nrf/subsys/fw_info/lib..__nrf__subsys__fw_info.a(fw_info.c.obj)
                0x0000000001000200                m_firmware_info
                0x000000000000003c                _fw_info_size = ABSOLUTE ((. - _fw_info_start))

text            0x000000000100023c     0x4538
                0x000000000100023c                __text_region_start = .
 *(SORT_BY_ALIGNMENT(.text))
 .text          0x000000000100023c       0x5c /home/zachary/ncs/v2.5.0/nrfxlib/crypto/nrf_oberon/lib/cortex-m33+nodsp/soft-float/liboberon_3.0.13.a(ocrypto_constant_time.s.obj)
                0x000000000100023c                ocrypto_constant_time_equal
                0x0000000001000264                ocrypto_constant_time_is_zero
                0x0000000001000280                ocrypto_constant_time_xor
 .text          0x0000000001000298      0x334 /home/zachary/ncs/v2.5.0/nrfxlib/crypto/nrf_oberon/lib/cortex-m33+nodsp/soft-float/liboberon_3.0.13.a(ocrypto_sha256_loop.s.obj)
                0x0000000001000298                ocrypto_sha256_loop
 *(SORT_BY_ALIGNMENT(.text.*))
 .text.main     0x00000000010005cc       0xec app/libapp.a(main.c.obj)
                0x00000000010005cc                main
 .text.char_out
                0x00000000010006b8        0xc zephyr/libzephyr.a(printk.c.obj)
 .text.__printk_hook_install
                0x00000000010006c4        0xc zephyr/libzephyr.a(printk.c.obj)
                0x00000000010006c4                __printk_hook_install
 .text.vprintk  0x00000000010006d0       0x30 zephyr/libzephyr.a(printk.c.obj)
                0x00000000010006d0                vprintk
 .text.sys_heap_init
                0x0000000001000700      0x10c zephyr/libzephyr.a(heap.c.obj)
                0x0000000001000700                sys_heap_init
 .text.process_event
                0x000000000100080c      0x2fc zephyr/libzephyr.a(onoff.c.obj)
 .text.onoff_request
                0x0000000001000b08       0xd0 zephyr/libzephyr.a(onoff.c.obj)
                0x0000000001000b08                onoff_request
 .text.sys_notify_finalize
                0x0000000001000bd8       0x38 zephyr/libzephyr.a(notify.c.obj)
                0x0000000001000bd8                sys_notify_finalize
 .text.rtc_pretick_finish_previous
                0x0000000001000c10       0x24 zephyr/libzephyr.a(soc.c.obj)
 .text.nordicsemi_nrf53_init
                0x0000000001000c34       0x10 zephyr/libzephyr.a(soc.c.obj)
 .text.rtc_pretick_init
                0x0000000001000c44       0xa4 zephyr/libzephyr.a(soc.c.obj)
 .text.z_arm_on_enter_cpu_idle_prepare
                0x0000000001000ce8       0xfc zephyr/libzephyr.a(soc.c.obj)
                0x0000000001000ce8                z_arm_on_enter_cpu_idle_prepare
 .text.z_arm_on_enter_cpu_idle
                0x0000000001000de4       0x9c zephyr/libzephyr.a(soc.c.obj)
                0x0000000001000de4                z_arm_on_enter_cpu_idle
 .text.arch_busy_wait
                0x0000000001000e80       0x14 zephyr/libzephyr.a(soc.c.obj)
                0x0000000001000e80                arch_busy_wait
 .text.z_arm_platform_init
                0x0000000001000e94        0x4 zephyr/libzephyr.a(soc_nrf_common.S.obj)
                0x0000000001000e94                z_arm_platform_init
 .text.find_flash_total_size
                0x0000000001000e98       0x28 zephyr/libzephyr.a(stream_flash.c.obj)
 .text.stream_flash_erase_page
                0x0000000001000ec0       0x54 zephyr/libzephyr.a(stream_flash.c.obj)
                0x0000000001000ec0                stream_flash_erase_page
 .text.flash_sync
                0x0000000001000f14       0xdc zephyr/libzephyr.a(stream_flash.c.obj)
 .text.stream_flash_init
                0x0000000001000ff0       0xa0 zephyr/libzephyr.a(stream_flash.c.obj)
                0x0000000001000ff0                stream_flash_init
 .text.z_arm_cpu_idle_init
                0x0000000001001090        0xc zephyr/arch/arch/arm/core/aarch32/libarch__arm__core__aarch32.a(cpu_idle.S.obj)
                0x0000000001001090                z_arm_cpu_idle_init
 .text.arch_cpu_atomic_idle
                0x000000000100109c       0x38 zephyr/arch/arch/arm/core/aarch32/libarch__arm__core__aarch32.a(cpu_idle.S.obj)
                0x000000000100109c                arch_cpu_atomic_idle
 .text.z_arm_fatal_error
                0x00000000010010d4       0x5c zephyr/arch/arch/arm/core/aarch32/libarch__arm__core__aarch32.a(fatal.c.obj)
                0x00000000010010d4                z_arm_fatal_error
 .text.arch_irq_enable
                0x0000000001001130       0x1c zephyr/arch/arch/arm/core/aarch32/libarch__arm__core__aarch32.a(irq_manage.c.obj)
                0x0000000001001130                arch_irq_enable
 .text.arch_irq_is_enabled
                0x000000000100114c       0x1c zephyr/arch/arch/arm/core/aarch32/libarch__arm__core__aarch32.a(irq_manage.c.obj)
                0x000000000100114c                arch_irq_is_enabled
 .text.z_arm_irq_priority_set
                0x0000000001001168       0x4c zephyr/arch/arch/arm/core/aarch32/libarch__arm__core__aarch32.a(irq_manage.c.obj)
                0x0000000001001168                z_arm_irq_priority_set
 .text.z_SysNmiOnReset
                0x00000000010011b4        0x8 zephyr/arch/arch/arm/core/aarch32/libarch__arm__core__aarch32.a(nmi_on_reset.S.obj)
                0x00000000010011b4                z_SysNmiOnReset
 .text.z_arm_prep_c
                0x00000000010011bc       0x2c zephyr/arch/arch/arm/core/aarch32/libarch__arm__core__aarch32.a(prep_c.c.obj)
                0x00000000010011bc                z_arm_prep_c
 .text.z_arm_svc
                0x00000000010011e8       0x20 zephyr/arch/arch/arm/core/aarch32/libarch__arm__core__aarch32.a(swap_helper.S.obj)
                0x00000000010011e8                z_arm_svc
 .text.z_arm_switch_to_main_no_multithreading
                0x0000000001001208       0x3c zephyr/arch/arch/arm/core/aarch32/libarch__arm__core__aarch32.a(thread.c.obj)
                0x0000000001001208                z_arm_switch_to_main_no_multithreading
 .text._isr_wrapper
                0x0000000001001244       0x28 zephyr/arch/arch/arm/core/aarch32/libarch__arm__core__aarch32.a(isr_wrapper.S.obj)
                0x0000000001001244                _isr_wrapper
 .text._HandlerModeExit
                0x000000000100126c        0x4 zephyr/arch/arch/arm/core/aarch32/cortex_m/libarch__arm__core__aarch32__cortex_m.a(exc_exit.S.obj)
                0x000000000100126c                z_arm_exc_exit
                0x000000000100126c                z_arm_int_exit
 .text.usage_fault.constprop.0
                0x0000000001001270       0xb8 zephyr/arch/arch/arm/core/aarch32/cortex_m/libarch__arm__core__aarch32__cortex_m.a(fault.c.obj)
 .text.bus_fault.constprop.0
                0x0000000001001328       0xb4 zephyr/arch/arch/arm/core/aarch32/cortex_m/libarch__arm__core__aarch32__cortex_m.a(fault.c.obj)
 .text.mem_manage_fault.constprop.0
                0x00000000010013dc       0xd0 zephyr/arch/arch/arm/core/aarch32/cortex_m/libarch__arm__core__aarch32__cortex_m.a(fault.c.obj)
 .text.z_arm_fault
                0x00000000010014ac      0x1e8 zephyr/arch/arch/arm/core/aarch32/cortex_m/libarch__arm__core__aarch32__cortex_m.a(fault.c.obj)
                0x00000000010014ac                z_arm_fault
 .text.z_arm_fault_init
                0x0000000001001694       0x18 zephyr/arch/arch/arm/core/aarch32/cortex_m/libarch__arm__core__aarch32__cortex_m.a(fault.c.obj)
                0x0000000001001694                z_arm_fault_init
 .text.__fault  0x00000000010016ac       0x14 zephyr/arch/arch/arm/core/aarch32/cortex_m/libarch__arm__core__aarch32__cortex_m.a(fault_s.S.obj)
                0x00000000010016ac                z_arm_bus_fault
                0x00000000010016ac                z_arm_usage_fault
                0x00000000010016ac                z_arm_mpu_fault
                0x00000000010016ac                z_arm_exc_spurious
                0x00000000010016ac                z_arm_debug_monitor
                0x00000000010016ac                z_arm_hard_fault
 .text.z_arm_interrupt_init
                0x00000000010016c0       0x18 zephyr/arch/arch/arm/core/aarch32/cortex_m/libarch__arm__core__aarch32__cortex_m.a(irq_init.c.obj)
                0x00000000010016c0                z_arm_interrupt_init
 .text._reset_section
                0x00000000010016d8       0x60 zephyr/arch/arch/arm/core/aarch32/cortex_m/libarch__arm__core__aarch32__cortex_m.a(reset.S.obj)
                0x00000000010016d8                z_arm_reset
                0x00000000010016d8                __start
 .text.sys_arch_reboot
                0x0000000001001738       0x24 zephyr/arch/arch/arm/core/aarch32/cortex_m/libarch__arm__core__aarch32__cortex_m.a(scb.c.obj)
                0x0000000001001738                sys_arch_reboot
 .text.z_arm_init_arch_hw_at_boot
                0x000000000100175c       0x44 zephyr/arch/arch/arm/core/aarch32/cortex_m/libarch__arm__core__aarch32__cortex_m.a(scb.c.obj)
                0x000000000100175c                z_arm_init_arch_hw_at_boot
 .text.z_impl_zephyr_fputc
                0x00000000010017a0       0x10 zephyr/lib/libc/picolibc/liblib__libc__picolibc.a(libc-hooks.c.obj)
                0x00000000010017a0                z_impl_zephyr_fputc
 .text.__stdout_hook_install
                0x00000000010017b0       0x18 zephyr/lib/libc/picolibc/liblib__libc__picolibc.a(libc-hooks.c.obj)
                0x00000000010017b0                __stdout_hook_install
 .text.malloc_prepare
                0x00000000010017c8       0x24 zephyr/lib/libc/common/liblib__libc__common.a(malloc.c.obj)
 .text.onoff_start
                0x00000000010017ec       0x44 zephyr/drivers/clock_control/libdrivers__clock_control.a(clock_control_nrf.c.obj)
 .text.get_status
                0x0000000001001830       0x34 zephyr/drivers/clock_control/libdrivers__clock_control.a(clock_control_nrf.c.obj)
 .text.stop     0x0000000001001864       0x74 zephyr/drivers/clock_control/libdrivers__clock_control.a(clock_control_nrf.c.obj)
 .text.onoff_stop
                0x00000000010018d8       0x30 zephyr/drivers/clock_control/libdrivers__clock_control.a(clock_control_nrf.c.obj)
 .text.clk_init
                0x0000000001001908       0x58 zephyr/drivers/clock_control/libdrivers__clock_control.a(clock_control_nrf.c.obj)
 .text.clkstarted_handle.constprop.0
                0x0000000001001960       0x34 zephyr/drivers/clock_control/libdrivers__clock_control.a(clock_control_nrf.c.obj)
 .text.clock_event_handler
                0x0000000001001994       0x54 zephyr/drivers/clock_control/libdrivers__clock_control.a(clock_control_nrf.c.obj)
 .text.generic_hfclk_start
                0x00000000010019e8       0x64 zephyr/drivers/clock_control/libdrivers__clock_control.a(clock_control_nrf.c.obj)
 .text.generic_hfclk_stop
                0x0000000001001a4c       0x34 zephyr/drivers/clock_control/libdrivers__clock_control.a(clock_control_nrf.c.obj)
 .text.z_nrf_clock_control_lf_on
                0x0000000001001a80      0x124 zephyr/drivers/clock_control/libdrivers__clock_control.a(clock_control_nrf.c.obj)
                0x0000000001001a80                z_nrf_clock_control_lf_on
 .text.uart_console_init
                0x0000000001001ba4       0x28 zephyr/drivers/console/libdrivers__console.a(uart_console.c.obj)
 .text.console_out
                0x0000000001001bcc       0x28 zephyr/drivers/console/libdrivers__console.a(uart_console.c.obj)
 .text.flash_nrf_pages_layout
                0x0000000001001bf4       0x10 zephyr/drivers/flash/libdrivers__flash.a(soc_flash_nrf.c.obj)
 .text.flash_nrf_get_parameters
                0x0000000001001c04        0x8 zephyr/drivers/flash/libdrivers__flash.a(soc_flash_nrf.c.obj)
 .text.nrf_flash_init
                0x0000000001001c0c       0x18 zephyr/drivers/flash/libdrivers__flash.a(soc_flash_nrf.c.obj)
 .text.flash_nrf_erase
                0x0000000001001c24       0x70 zephyr/drivers/flash/libdrivers__flash.a(soc_flash_nrf.c.obj)
 .text.flash_nrf_write
                0x0000000001001c94       0x6c zephyr/drivers/flash/libdrivers__flash.a(soc_flash_nrf.c.obj)
 .text.flash_nrf_read
                0x0000000001001d00       0x3c zephyr/drivers/flash/libdrivers__flash.a(soc_flash_nrf.c.obj)
 .text.nrf_gpio_pin_port_decode
                0x0000000001001d3c       0x58 zephyr/drivers/pinctrl/libdrivers__pinctrl.a(pinctrl_nrf.c.obj)
 .text.pinctrl_configure_pins
                0x0000000001001d94       0xd4 zephyr/drivers/pinctrl/libdrivers__pinctrl.a(pinctrl_nrf.c.obj)
                0x0000000001001d94                pinctrl_configure_pins
 .text.uarte_nrfx_poll_out
                0x0000000001001e68       0xc4 zephyr/drivers/serial/libdrivers__serial.a(uart_nrfx_uarte.c.obj)
 .text.uarte_nrfx_configure
                0x0000000001001f2c      0x17c zephyr/drivers/serial/libdrivers__serial.a(uart_nrfx_uarte.c.obj)
 .text.uarte_0_init
                0x00000000010020a8       0xf0 zephyr/drivers/serial/libdrivers__serial.a(uart_nrfx_uarte.c.obj)
 .text.z_nrf_rtc_timer_read
                0x0000000001002198       0x44 zephyr/drivers/timer/libdrivers__timer.a(nrf_rtc_timer.c.obj)
                0x0000000001002198                z_nrf_rtc_timer_read
 .text.rtc_nrf_isr
                0x00000000010021dc       0xd4 zephyr/drivers/timer/libdrivers__timer.a(nrf_rtc_timer.c.obj)
                0x00000000010021dc                rtc_nrf_isr
 .text.compare_set.constprop.0.isra.0
                0x00000000010022b0      0x168 zephyr/drivers/timer/libdrivers__timer.a(nrf_rtc_timer.c.obj)
 .text.sys_clock_driver_init
                0x0000000001002418       0x80 zephyr/drivers/timer/libdrivers__timer.a(nrf_rtc_timer.c.obj)
 .text.sys_clock_timeout_handler
                0x0000000001002498       0x60 zephyr/drivers/timer/libdrivers__timer.a(nrf_rtc_timer.c.obj)
 .text.find_free_region
                0x00000000010024f8       0x3c modules/nrf/lib/fprotect/lib..__nrf__lib__fprotect.a(fprotect_acl.c.obj)
 .text.fprotect_set_permission
                0x0000000001002534      0x120 modules/nrf/lib/fprotect/lib..__nrf__lib__fprotect.a(fprotect_acl.c.obj)
 .text.k_sys_fatal_error_handler
                0x0000000001002654       0x14 modules/nrf/lib/fatal_error/lib..__nrf__lib__fatal_error.a(fatal_error.c.obj)
                0x0000000001002654                k_sys_fatal_error_handler
 .text.bl_boot  0x0000000001002668       0xc4 modules/nrf/subsys/bootloader/bl_boot/lib..__nrf__subsys__bootloader__bl_boot.a(bl_boot.c.obj)
                0x0000000001002668                bl_boot
 .text.fw_info_check
                0x000000000100272c       0x28 modules/nrf/subsys/bootloader/bl_validation/lib..__nrf__subsys__bootloader__bl_validation.a(bl_validation.c.obj)
 .text.fw_info_find
                0x0000000001002754       0x20 modules/nrf/subsys/bootloader/bl_validation/lib..__nrf__subsys__bootloader__bl_validation.a(bl_validation.c.obj)
 .text.validate_firmware
                0x0000000001002774      0x220 modules/nrf/subsys/bootloader/bl_validation/lib..__nrf__subsys__bootloader__bl_validation.a(bl_validation.c.obj)
 .text.get_counter_struct
                0x0000000001002994       0x60 modules/nrf/subsys/bootloader/bl_storage/lib..__nrf__subsys__bootloader__bl_storage.a(bl_storage.c.obj)
 .text.s0_address_read
                0x00000000010029f4        0xc modules/nrf/subsys/bootloader/bl_storage/lib..__nrf__subsys__bootloader__bl_storage.a(bl_storage.c.obj)
                0x00000000010029f4                s0_address_read
 .text.pcd_fw_copy_invalidate
                0x0000000001002a00       0x10 modules/nrf/subsys/pcd/lib..__nrf__subsys__pcd.a(pcd.c.obj)
                0x0000000001002a00                pcd_fw_copy_invalidate
 .text.pcd_fw_copy_status_get
                0x0000000001002a10       0x38 modules/nrf/subsys/pcd/lib..__nrf__subsys__pcd.a(pcd.c.obj)
                0x0000000001002a10                pcd_fw_copy_status_get
 .text.pcd_fw_copy
                0x0000000001002a48       0x78 modules/nrf/subsys/pcd/lib..__nrf__subsys__pcd.a(pcd.c.obj)
                0x0000000001002a48                pcd_fw_copy
 .text.pcd_done
                0x0000000001002ac0       0x10 modules/nrf/subsys/pcd/lib..__nrf__subsys__pcd.a(pcd.c.obj)
                0x0000000001002ac0                pcd_done
 .text.check_ext_api_requests
                0x0000000001002ad0       0x9c modules/nrf/subsys/fw_info/lib..__nrf__subsys__fw_info.a(fw_info.c.obj)
 .text.fw_info_ext_api_provide
                0x0000000001002b6c       0xe0 modules/nrf/subsys/fw_info/lib..__nrf__subsys__fw_info.a(fw_info.c.obj)
                0x0000000001002b6c                fw_info_ext_api_provide
 .text.SystemInit
                0x0000000001002c4c       0xd0 modules/hal_nordic/nrfx/libmodules__hal_nordic__nrfx.a(system_nrf5340_network.c.obj)
                0x0000000001002c4c                SystemInit
 .text.nrfx_flag32_alloc
                0x0000000001002d1c       0x40 modules/hal_nordic/nrfx/libmodules__hal_nordic__nrfx.a(nrfx_flag32_allocator.c.obj)
                0x0000000001002d1c                nrfx_flag32_alloc
 .text.nrfx_gppi_channels_enable
                0x0000000001002d5c        0xc modules/hal_nordic/nrfx/libmodules__hal_nordic__nrfx.a(nrfx_gppi_dppi.c.obj)
                0x0000000001002d5c                nrfx_gppi_channels_enable
 .text.nrfx_gppi_event_endpoint_setup
                0x0000000001002d68       0x28 modules/hal_nordic/nrfx/libmodules__hal_nordic__nrfx.a(nrfx_gppi_dppi.c.obj)
                0x0000000001002d68                nrfx_gppi_event_endpoint_setup
 .text.nrfx_gppi_task_endpoint_setup
                0x0000000001002d90       0x28 modules/hal_nordic/nrfx/libmodules__hal_nordic__nrfx.a(nrfx_gppi_dppi.c.obj)
                0x0000000001002d90                nrfx_gppi_task_endpoint_setup
 .text.clock_stop
                0x0000000001002db8       0xdc modules/hal_nordic/nrfx/libmodules__hal_nordic__nrfx.a(nrfx_clock.c.obj)
 .text.nrfx_clock_init
                0x0000000001002e94       0x44 modules/hal_nordic/nrfx/libmodules__hal_nordic__nrfx.a(nrfx_clock.c.obj)
                0x0000000001002e94                nrfx_clock_init
 .text.nrfx_clock_enable
                0x0000000001002ed8       0x4c modules/hal_nordic/nrfx/libmodules__hal_nordic__nrfx.a(nrfx_clock.c.obj)
                0x0000000001002ed8                nrfx_clock_enable
 .text.nrfx_clock_start
                0x0000000001002f24       0xb4 modules/hal_nordic/nrfx/libmodules__hal_nordic__nrfx.a(nrfx_clock.c.obj)
                0x0000000001002f24                nrfx_clock_start
 .text.nrfx_clock_stop
                0x0000000001002fd8       0x34 modules/hal_nordic/nrfx/libmodules__hal_nordic__nrfx.a(nrfx_clock.c.obj)
                0x0000000001002fd8                nrfx_clock_stop
 .text.nrfx_power_clock_irq_handler
                0x000000000100300c       0x64 modules/hal_nordic/nrfx/libmodules__hal_nordic__nrfx.a(nrfx_clock.c.obj)
                0x000000000100300c                nrfx_power_clock_irq_handler
 .text.nrfx_dppi_channel_alloc
                0x0000000001003070        0xc modules/hal_nordic/nrfx/libmodules__hal_nordic__nrfx.a(nrfx_dppi.c.obj)
                0x0000000001003070                nrfx_dppi_channel_alloc
 .text.nvmc_word_write
                0x000000000100307c       0x18 modules/hal_nordic/nrfx/libmodules__hal_nordic__nrfx.a(nrfx_nvmc.c.obj)
 .text.nrfx_nvmc_page_erase
                0x0000000001003094       0x60 modules/hal_nordic/nrfx/libmodules__hal_nordic__nrfx.a(nrfx_nvmc.c.obj)
                0x0000000001003094                nrfx_nvmc_page_erase
 .text.nrfx_nvmc_word_write
                0x00000000010030f4       0x5c modules/hal_nordic/nrfx/libmodules__hal_nordic__nrfx.a(nrfx_nvmc.c.obj)
                0x00000000010030f4                nrfx_nvmc_word_write
 .text.nrfx_nvmc_otp_halfword_read
                0x0000000001003150       0x34 modules/hal_nordic/nrfx/libmodules__hal_nordic__nrfx.a(nrfx_nvmc.c.obj)
                0x0000000001003150                nrfx_nvmc_otp_halfword_read
 .text.z_device_state_init
                0x0000000001003184       0x34 zephyr/kernel/libkernel.a(device.c.obj)
                0x0000000001003184                z_device_state_init
 .text.z_fatal_error
                0x00000000010031b8       0x98 zephyr/kernel/libkernel.a(fatal.c.obj)
                0x00000000010031b8                z_fatal_error
 .text.z_sys_init_run_level
                0x0000000001003250       0x48 zephyr/kernel/libkernel.a(init.c.obj)
 .text.bg_thread_main
                0x0000000001003298       0x30 zephyr/kernel/libkernel.a(init.c.obj)
 .text.z_bss_zero
                0x00000000010032c8       0x18 zephyr/kernel/libkernel.a(init.c.obj)
                0x00000000010032c8                z_bss_zero
 .text.z_cstart
                0x00000000010032e0       0x70 zephyr/kernel/libkernel.a(init.c.obj)
                0x00000000010032e0                z_cstart
 .text.z_data_copy
                0x0000000001003350       0x34 zephyr/kernel/libkernel.a(xip.c.obj)
                0x0000000001003350                z_data_copy
 .text.elapsed  0x0000000001003384       0x14 zephyr/kernel/libkernel.a(timeout.c.obj)
 .text.next_timeout
                0x0000000001003398       0x40 zephyr/kernel/libkernel.a(timeout.c.obj)
 .text.remove_timeout
                0x00000000010033d8       0x38 zephyr/kernel/libkernel.a(timeout.c.obj)
 .text.sys_clock_announce
                0x0000000001003410       0xd0 zephyr/kernel/libkernel.a(timeout.c.obj)
                0x0000000001003410                sys_clock_announce
 .text.boot_banner
                0x00000000010034e0        0xc zephyr/kernel/libkernel.a(banner.c.obj)
                0x00000000010034e0                boot_banner
 .text.sha256_blocks
                0x00000000010034ec       0xbc /home/zachary/ncs/v2.5.0/nrfxlib/crypto/nrf_oberon/lib/cortex-m33+nodsp/soft-float/liboberon_3.0.13.a(ocrypto_sha256.c.obj)
 .text.sha256_blocks.constprop.0
                0x00000000010035a8       0x74 /home/zachary/ncs/v2.5.0/nrfxlib/crypto/nrf_oberon/lib/cortex-m33+nodsp/soft-float/liboberon_3.0.13.a(ocrypto_sha256.c.obj)
 .text.ocrypto_sha256
                0x000000000100361c      0x468 /home/zachary/ncs/v2.5.0/nrfxlib/crypto/nrf_oberon/lib/cortex-m33+nodsp/soft-float/liboberon_3.0.13.a(ocrypto_sha256.c.obj)
                0x000000000100361c                ocrypto_sha256
 .text.__i_vfprintf
                0x0000000001003a84      0x48c /home/zachary/ncs/toolchains/7795df4459/opt/zephyr-sdk/arm-zephyr-eabi/bin/../lib/gcc/../../picolibc/arm-zephyr-eabi/lib/thumb/v8-m.main/nofp/libc.a(libc_tinystdio_vfiprintf.c.o)
                0x0000000001003a84                __i_vfprintf
 .text.arch_printk_char_out
                0x0000000001003f10        0x4 zephyr/libzephyr.a(printk.c.obj)
                0x0000000001003f10                arch_printk_char_out
 .text.printk   0x0000000001003f14       0x1a zephyr/libzephyr.a(printk.c.obj)
                0x0000000001003f14                printk
 .text.chunk_field
                0x0000000001003f2e       0x16 zephyr/libzephyr.a(heap.c.obj)
 .text.chunk_set
                0x0000000001003f44       0x16 zephyr/libzephyr.a(heap.c.obj)
 .text.chunk_size
                0x0000000001003f5a        0xc zephyr/libzephyr.a(heap.c.obj)
 .text.set_chunk_used
                0x0000000001003f66       0x30 zephyr/libzephyr.a(heap.c.obj)
 .text.set_chunk_size
                0x0000000001003f96        0x8 zephyr/libzephyr.a(heap.c.obj)
 .text.bytes_to_chunksz.isra.0
                0x0000000001003f9e       0x12 zephyr/libzephyr.a(heap.c.obj)
 .text.bucket_idx.isra.0
                0x0000000001003fb0       0x18 zephyr/libzephyr.a(heap.c.obj)
 .text.free_list_add
                0x0000000001003fc8       0x84 zephyr/libzephyr.a(heap.c.obj)
 .text.process_recheck
                0x000000000100404c       0x38 zephyr/libzephyr.a(onoff.c.obj)
 .text.validate_args
                0x0000000001004084       0x20 zephyr/libzephyr.a(onoff.c.obj)
 .text.notify_one
                0x00000000010040a4       0x2c zephyr/libzephyr.a(onoff.c.obj)
 .text.transition_complete
                0x00000000010040d0       0x1c zephyr/libzephyr.a(onoff.c.obj)
 .text.onoff_manager_init
                0x00000000010040ec       0x26 zephyr/libzephyr.a(onoff.c.obj)
                0x00000000010040ec                onoff_manager_init
 .text.sys_notify_validate
                0x0000000001004112       0x22 zephyr/libzephyr.a(notify.c.obj)
                0x0000000001004112                sys_notify_validate
 .text.assert_post_action
                0x0000000001004134        0xe zephyr/libzephyr.a(assert.c.obj)
                0x0000000001004134                assert_post_action
 .text.assert_print
                0x0000000001004142       0x1a zephyr/libzephyr.a(assert.c.obj)
                0x0000000001004142                assert_print
 .text._ConfigAbsSyms
                0x000000000100415c        0x2 zephyr/libzephyr.a(configs.c.obj)
                0x000000000100415c                _ConfigAbsSyms
 .text.rtc_ticks_to_next_event_get
                0x000000000100415e       0x5e zephyr/libzephyr.a(soc.c.obj)
 .text.rtc_pretick_rtc1_isr_hook
                0x00000000010041bc        0x4 zephyr/libzephyr.a(soc.c.obj)
                0x00000000010041bc                rtc_pretick_rtc1_isr_hook
 .text.z_log_minimal_printk
                0x00000000010041c0       0x1a zephyr/libzephyr.a(log_minimal.c.obj)
                0x00000000010041c0                z_log_minimal_printk
 .text.flash_get_write_block_size
                0x00000000010041da        0xc zephyr/libzephyr.a(stream_flash.c.obj)
 .text.stream_flash_buffered_write
                0x00000000010041e6       0x88 zephyr/libzephyr.a(stream_flash.c.obj)
                0x00000000010041e6                stream_flash_buffered_write
 .text.z_do_kernel_oops
                0x000000000100426e        0x8 zephyr/arch/arch/arm/core/aarch32/libarch__arm__core__aarch32.a(fatal.c.obj)
                0x000000000100426e                z_do_kernel_oops
 .text.z_irq_spurious
                0x0000000001004276        0x8 zephyr/arch/arch/arm/core/aarch32/libarch__arm__core__aarch32.a(irq_manage.c.obj)
                0x0000000001004276                z_irq_spurious
 .text.z_arm_nmi
                0x000000000100427e        0xe zephyr/arch/arch/arm/core/aarch32/libarch__arm__core__aarch32.a(nmi.c.obj)
                0x000000000100427e                z_arm_nmi
 .text.picolibc_put
                0x000000000100428c        0xa zephyr/lib/libc/picolibc/liblib__libc__picolibc.a(libc-hooks.c.obj)
 .text.set_on_state
                0x0000000001004296       0x26 zephyr/drivers/clock_control/libdrivers__clock_control.a(clock_control_nrf.c.obj)
 .text.async_start
                0x00000000010042bc       0x5c zephyr/drivers/clock_control/libdrivers__clock_control.a(clock_control_nrf.c.obj)
 .text.api_start
                0x0000000001004318        0xe zephyr/drivers/clock_control/libdrivers__clock_control.a(clock_control_nrf.c.obj)
 .text.api_blocking_start
                0x0000000001004326        0x6 zephyr/drivers/clock_control/libdrivers__clock_control.a(clock_control_nrf.c.obj)
 .text.onoff_started_callback
                0x000000000100432c       0x12 zephyr/drivers/clock_control/libdrivers__clock_control.a(clock_control_nrf.c.obj)
 .text.lfclk_start
                0x000000000100433e        0x6 zephyr/drivers/clock_control/libdrivers__clock_control.a(clock_control_nrf.c.obj)
 .text.lfclk_stop
                0x0000000001004344        0x6 zephyr/drivers/clock_control/libdrivers__clock_control.a(clock_control_nrf.c.obj)
 .text.api_stop
                0x000000000100434a        0x6 zephyr/drivers/clock_control/libdrivers__clock_control.a(clock_control_nrf.c.obj)
 .text.is_regular_addr_valid
                0x0000000001004350       0x22 zephyr/drivers/flash/libdrivers__flash.a(soc_flash_nrf.c.obj)
 .text.flash_get_page_info
                0x0000000001004372       0x62 zephyr/drivers/flash/libdrivers__flash.a(flash_page_layout.c.obj)
 .text.z_impl_flash_get_page_info_by_offs
                0x00000000010043d4        0x8 zephyr/drivers/flash/libdrivers__flash.a(flash_page_layout.c.obj)
                0x00000000010043d4                z_impl_flash_get_page_info_by_offs
 .text.flash_page_foreach
                0x00000000010043dc       0x58 zephyr/drivers/flash/libdrivers__flash.a(flash_page_layout.c.obj)
                0x00000000010043dc                flash_page_foreach
 .text.pinctrl_lookup_state
                0x0000000001004434       0x26 zephyr/drivers/pinctrl/libdrivers__pinctrl.a(common.c.obj)
                0x0000000001004434                pinctrl_lookup_state
 .text.uarte_nrfx_config_get
                0x000000000100445a       0x10 zephyr/drivers/serial/libdrivers__serial.a(uart_nrfx_uarte.c.obj)
 .text.uarte_nrfx_err_check
                0x000000000100446a        0xe zephyr/drivers/serial/libdrivers__serial.a(uart_nrfx_uarte.c.obj)
 .text.uarte_nrfx_poll_in
                0x0000000001004478       0x28 zephyr/drivers/serial/libdrivers__serial.a(uart_nrfx_uarte.c.obj)
 .text.is_tx_ready.isra.0
                0x00000000010044a0       0x20 zephyr/drivers/serial/libdrivers__serial.a(uart_nrfx_uarte.c.obj)
 .text.uarte_nrfx_isr_int
                0x00000000010044c0       0x72 zephyr/drivers/serial/libdrivers__serial.a(uart_nrfx_uarte.c.obj)
 .text.sys_clock_set_timeout
                0x0000000001004532        0x2 zephyr/drivers/timer/libdrivers__timer.a(nrf_rtc_timer.c.obj)
                0x0000000001004532                sys_clock_set_timeout
 .text.sys_clock_elapsed
                0x0000000001004534        0x4 zephyr/drivers/timer/libdrivers__timer.a(nrf_rtc_timer.c.obj)
                0x0000000001004534                sys_clock_elapsed
 .text.sys_clock_cycle_get_32
                0x0000000001004538        0x8 zephyr/drivers/timer/libdrivers__timer.a(nrf_rtc_timer.c.obj)
                0x0000000001004538                sys_clock_cycle_get_32
 .text.fprotect_area
                0x0000000001004540        0x6 modules/nrf/lib/fprotect/lib..__nrf__lib__fprotect.a(fprotect_acl.c.obj)
                0x0000000001004540                fprotect_area
 .text.crypto_init_signing
                0x0000000001004546        0x4 modules/nrf/subsys/bootloader/bl_crypto/lib..__nrf__subsys__bootloader__bl_crypto.a(bl_crypto.c.obj)
                0x0000000001004546                crypto_init_signing
 .text.crypto_init_hash
                0x000000000100454a        0x4 modules/nrf/subsys/bootloader/bl_crypto/lib..__nrf__subsys__bootloader__bl_crypto.a(bl_crypto.c.obj)
                0x000000000100454a                crypto_init_hash
 .text.bl_crypto_init
                0x000000000100454e        0xe modules/nrf/subsys/bootloader/bl_crypto/lib..__nrf__subsys__bootloader__bl_crypto.a(bl_crypto.c.obj)
                0x000000000100454e                bl_crypto_init
 .text.bl_sha256_verify
                0x000000000100455c       0x2e modules/nrf/subsys/bootloader/bl_crypto/lib..__nrf__subsys__bootloader__bl_crypto.a(bl_crypto.c.obj)
                0x000000000100455c                bl_sha256_verify
 .text.get_hash
                0x000000000100458a        0xa modules/nrf/subsys/bootloader/bl_crypto/lib..__nrf__subsys__bootloader__bl_crypto.a(bl_crypto_oberon_hash.c.obj)
                0x000000000100458a                get_hash
 .text.get_monotonic_version
                0x0000000001004594       0x24 modules/nrf/subsys/bootloader/bl_validation/lib..__nrf__subsys__bootloader__bl_validation.a(bl_validation.c.obj)
                0x0000000001004594                get_monotonic_version
 .text.bl_validate_firmware
                0x00000000010045b8       0x1c modules/nrf/subsys/bootloader/bl_validation/lib..__nrf__subsys__bootloader__bl_validation.a(bl_validation.c.obj)
                0x00000000010045b8                bl_validate_firmware
 .text.get_counter
                0x00000000010045d4       0x56 modules/nrf/subsys/bootloader/bl_storage/lib..__nrf__subsys__bootloader__bl_storage.a(bl_storage.c.obj)
 .text.get_monotonic_counter
                0x000000000100462a        0x6 modules/nrf/subsys/bootloader/bl_storage/lib..__nrf__subsys__bootloader__bl_storage.a(bl_storage.c.obj)
                0x000000000100462a                get_monotonic_counter
 .text.pcd_cmd_data_ptr_get
                0x0000000001004630        0x8 modules/nrf/subsys/pcd/lib..__nrf__subsys__pcd.a(pcd.c.obj)
                0x0000000001004630                pcd_cmd_data_ptr_get
 .text.skip_ext_apis
                0x0000000001004638       0x16 modules/nrf/subsys/fw_info/lib..__nrf__subsys__fw_info.a(fw_info.c.obj)
                0x0000000001004638                skip_ext_apis
 .text.nrfx_isr
                0x000000000100464e        0x2 modules/hal_nordic/nrfx/libmodules__hal_nordic__nrfx.a(nrfx_glue.c.obj)
                0x000000000100464e                nrfx_isr
 .text.nrfx_busy_wait
                0x0000000001004650        0x4 modules/hal_nordic/nrfx/libmodules__hal_nordic__nrfx.a(nrfx_glue.c.obj)
                0x0000000001004650                nrfx_busy_wait
 .text.nrfx_gppi_channel_endpoints_setup
                0x0000000001004654       0x16 modules/hal_nordic/nrfx/libmodules__hal_nordic__nrfx.a(nrfx_gppi_dppi.c.obj)
                0x0000000001004654                nrfx_gppi_channel_endpoints_setup
 .text.nrfx_gppi_channel_alloc
                0x000000000100466a        0x4 modules/hal_nordic/nrfx/libmodules__hal_nordic__nrfx.a(nrfx_gppi_dppi.c.obj)
                0x000000000100466a                nrfx_gppi_channel_alloc
 .text.is_valid_address
                0x000000000100466e       0x28 modules/hal_nordic/nrfx/libmodules__hal_nordic__nrfx.a(nrfx_nvmc.c.obj)
 .text.nrfx_nvmc_flash_size_get
                0x0000000001004696        0x6 modules/hal_nordic/nrfx/libmodules__hal_nordic__nrfx.a(nrfx_nvmc.c.obj)
                0x0000000001004696                nrfx_nvmc_flash_size_get
 .text.nrfx_nvmc_flash_page_size_get
                0x000000000100469c        0x6 modules/hal_nordic/nrfx/libmodules__hal_nordic__nrfx.a(nrfx_nvmc.c.obj)
                0x000000000100469c                nrfx_nvmc_flash_page_size_get
 .text.nrfx_nvmc_flash_page_count_get
                0x00000000010046a2        0x4 modules/hal_nordic/nrfx/libmodules__hal_nordic__nrfx.a(nrfx_nvmc.c.obj)
                0x00000000010046a2                nrfx_nvmc_flash_page_count_get
 .text.z_impl_k_busy_wait
                0x00000000010046a6        0x8 zephyr/kernel/libkernel.a(busy_wait.c.obj)
                0x00000000010046a6                z_impl_k_busy_wait
 .text.z_device_is_ready
                0x00000000010046ae       0x16 zephyr/kernel/libkernel.a(device.c.obj)
                0x00000000010046ae                z_device_is_ready
 .text.z_early_memset
                0x00000000010046c4        0x4 zephyr/kernel/libkernel.a(init.c.obj)
                0x00000000010046c4                z_early_memset
 .text.z_early_memcpy
                0x00000000010046c8        0x4 zephyr/kernel/libkernel.a(init.c.obj)
                0x00000000010046c8                z_early_memcpy
 .text.k_is_in_isr
                0x00000000010046cc        0xc zephyr/kernel/libkernel.a(thread.c.obj)
                0x00000000010046cc                k_is_in_isr
 .text._OffsetAbsSyms
                0x00000000010046d8        0x2 zephyr/CMakeFiles/offsets.dir/./arch/arm/core/offsets/offsets.c.obj
                0x00000000010046d8                _OffsetAbsSyms
 .text.memcmp   0x00000000010046da       0x20 /home/zachary/ncs/toolchains/7795df4459/opt/zephyr-sdk/arm-zephyr-eabi/bin/../lib/gcc/../../picolibc/arm-zephyr-eabi/lib/thumb/v8-m.main/nofp/libc.a(libc_string_memcmp.c.o)
                0x00000000010046da                memcmp
 .text.strnlen  0x00000000010046fa       0x18 /home/zachary/ncs/toolchains/7795df4459/opt/zephyr-sdk/arm-zephyr-eabi/bin/../lib/gcc/../../picolibc/arm-zephyr-eabi/lib/thumb/v8-m.main/nofp/libc.a(libc_string_strnlen.c.o)
                0x00000000010046fa                strnlen
 .text.__ultoa_invert
                0x0000000001004712       0x38 /home/zachary/ncs/toolchains/7795df4459/opt/zephyr-sdk/arm-zephyr-eabi/bin/../lib/gcc/../../picolibc/arm-zephyr-eabi/lib/thumb/v8-m.main/nofp/libc.a(libc_tinystdio_vfiprintf.c.o)
 .text.memcpy   0x000000000100474a       0x1a /home/zachary/ncs/toolchains/7795df4459/opt/zephyr-sdk/arm-zephyr-eabi/bin/../lib/gcc/../../picolibc/arm-zephyr-eabi/lib/thumb/v8-m.main/nofp/libc.a(memcpy.c.o)
                0x000000000100474a                memcpy
                0x000000000100474a                __aeabi_memcpy
                0x000000000100474a                __aeabi_memcpy4
                0x000000000100474a                __aeabi_memcpy8
 .text.memset   0x0000000001004764       0x10 /home/zachary/ncs/toolchains/7795df4459/opt/zephyr-sdk/arm-zephyr-eabi/bin/../lib/gcc/../../picolibc/arm-zephyr-eabi/lib/thumb/v8-m.main/nofp/libc.a(memset.c.o)
                0x0000000001004764                memset
 *(SORT_BY_ALIGNMENT(.TEXT.*))
 *(SORT_BY_ALIGNMENT(.gnu.linkonce.t.*))
 *(SORT_BY_ALIGNMENT(.glue_7t))
 .glue_7t       0x0000000001004774        0x0 linker stubs
 *(SORT_BY_ALIGNMENT(.glue_7))
 .glue_7        0x0000000001004774        0x0 linker stubs
 *(SORT_BY_ALIGNMENT(.vfp11_veneer))
 .vfp11_veneer  0x0000000001004774        0x0 linker stubs
 *(SORT_BY_ALIGNMENT(.v4_bx))
 .v4_bx         0x0000000001004774        0x0 linker stubs
                0x0000000001004774                . = ALIGN (0x4)
                0x0000000001004774                __text_region_end = .

.ARM.exidx      0x0000000001004774        0x0
                0x0000000001004774                __exidx_start = .
 *(SORT_BY_ALIGNMENT(.ARM.exidx*) SORT_BY_ALIGNMENT(gnu.linkonce.armexidx.*))
                0x0000000001004774                __exidx_end = .
                0x0000000001004774                __rodata_region_start = .

initlevel       0x0000000001004774       0x48
                0x0000000001004774                __init_start = .
                0x0000000001004774                __init_EARLY_start = .
 *(SORT_BY_NAME(SORT_BY_ALIGNMENT(.z_init_EARLY?_*)))
 *(SORT_BY_NAME(SORT_BY_ALIGNMENT(.z_init_EARLY??_*)))
                0x0000000001004774                __init_PRE_KERNEL_1_start = .
 *(SORT_BY_NAME(SORT_BY_ALIGNMENT(.z_init_PRE_KERNEL_1?_*)))
 .z_init_PRE_KERNEL_10_0_
                0x0000000001004774        0x8 zephyr/libzephyr.a(soc.c.obj)
 *(SORT_BY_NAME(SORT_BY_ALIGNMENT(.z_init_PRE_KERNEL_1??_*)))
 .z_init_PRE_KERNEL_130_00042_
                0x000000000100477c        0x8 zephyr/drivers/clock_control/libdrivers__clock_control.a(clock_control_nrf.c.obj)
 .z_init_PRE_KERNEL_155_00063_
                0x0000000001004784        0x8 zephyr/drivers/serial/libdrivers__serial.a(uart_nrfx_uarte.c.obj)
 .z_init_PRE_KERNEL_160_0_
                0x000000000100478c        0x8 zephyr/drivers/console/libdrivers__console.a(uart_console.c.obj)
                0x0000000001004794                __init_PRE_KERNEL_2_start = .
 *(SORT_BY_NAME(SORT_BY_ALIGNMENT(.z_init_PRE_KERNEL_2?_*)))
 .z_init_PRE_KERNEL_20_0_
                0x0000000001004794        0x8 zephyr/drivers/timer/libdrivers__timer.a(nrf_rtc_timer.c.obj)
 *(SORT_BY_NAME(SORT_BY_ALIGNMENT(.z_init_PRE_KERNEL_2??_*)))
                0x000000000100479c                __init_POST_KERNEL_start = .
 *(SORT_BY_NAME(SORT_BY_ALIGNMENT(.z_init_POST_KERNEL?_*)))
 .z_init_POST_KERNEL0_0_
                0x000000000100479c        0x8 zephyr/libzephyr.a(soc.c.obj)
 *(SORT_BY_NAME(SORT_BY_ALIGNMENT(.z_init_POST_KERNEL??_*)))
 .z_init_POST_KERNEL40_0_
                0x00000000010047a4        0x8 zephyr/lib/libc/common/liblib__libc__common.a(malloc.c.obj)
 .z_init_POST_KERNEL50_00067_
                0x00000000010047ac        0x8 zephyr/drivers/flash/libdrivers__flash.a(soc_flash_nrf.c.obj)
 .z_init_POST_KERNEL90_0_
                0x00000000010047b4        0x8 modules/nrf/subsys/fw_info/lib..__nrf__subsys__fw_info.a(fw_info.c.obj)
                0x00000000010047bc                __init_APPLICATION_start = .
 *(SORT_BY_NAME(SORT_BY_ALIGNMENT(.z_init_APPLICATION?_*)))
 *(SORT_BY_NAME(SORT_BY_ALIGNMENT(.z_init_APPLICATION??_*)))
                0x00000000010047bc                __init_SMP_start = .
 *(SORT_BY_NAME(SORT_BY_ALIGNMENT(.z_init_SMP?_*)))
 *(SORT_BY_NAME(SORT_BY_ALIGNMENT(.z_init_SMP??_*)))
                0x00000000010047bc                __init_end = .

device_area     0x00000000010047bc       0x3c
                0x00000000010047bc                _device_list_start = .
 *(SORT_BY_NAME(SORT_BY_ALIGNMENT(._device.static.*_?_*)))
 *(SORT_BY_NAME(SORT_BY_ALIGNMENT(._device.static.*_??_*)))
 ._device.static.1_30_
                0x00000000010047bc       0x14 zephyr/drivers/clock_control/libdrivers__clock_control.a(clock_control_nrf.c.obj)
                0x00000000010047bc                __device_dts_ord_42
 ._device.static.1_55_
                0x00000000010047d0       0x14 zephyr/drivers/serial/libdrivers__serial.a(uart_nrfx_uarte.c.obj)
                0x00000000010047d0                __device_dts_ord_63
 ._device.static.3_50_
                0x00000000010047e4       0x14 zephyr/drivers/flash/libdrivers__flash.a(soc_flash_nrf.c.obj)
                0x00000000010047e4                __device_dts_ord_67
                0x00000000010047f8                _device_list_end = .

sw_isr_table    0x00000000010047f8       0xf0
                0x00000000010047f8                . = ALIGN (0x4)
 *(SORT_BY_ALIGNMENT(.gnu.linkonce.sw_isr_table*))
 .gnu.linkonce.sw_isr_table
                0x00000000010047f8       0xf0 zephyr/arch/common/libisr_tables.a(isr_tables.c.obj)
                0x00000000010047f8                _sw_isr_table

initlevel_error
                0x0000000001004774        0x0
 *(SORT_BY_NAME(SORT_BY_ALIGNMENT(.z_init_[_A-Z0-9]*)))
                0x0000000000000001                ASSERT ((SIZEOF (initlevel_error) == 0x0), Undefined initialization levels used.)

app_shmem_regions
                0x00000000010048e8        0x0
                0x00000000010048e8                __app_shmem_regions_start = .
 *(SORT_BY_NAME(SORT_BY_ALIGNMENT(.app_regions.*)))
                0x00000000010048e8                __app_shmem_regions_end = .

k_p4wq_initparam_area
                0x00000000010048e8        0x0
                0x00000000010048e8                _k_p4wq_initparam_list_start = .
 *(SORT_BY_NAME(SORT_BY_ALIGNMENT(._k_p4wq_initparam.static.*)))
                0x00000000010048e8                _k_p4wq_initparam_list_end = .

_static_thread_data_area
                0x00000000010048e8        0x0
                0x00000000010048e8                __static_thread_data_list_start = .
 *(SORT_BY_NAME(SORT_BY_ALIGNMENT(.__static_thread_data.static.*)))
                0x00000000010048e8                __static_thread_data_list_end = .

device_deps     0x00000000010048e8        0x0
                0x00000000010048e8                __device_deps_start = .
 *(SORT_BY_NAME(SORT_BY_ALIGNMENT(.__device_deps_pass2*)))
                0x00000000010048e8                __device_deps_end = .

ztest           0x00000000010048e8        0x0
                0x00000000010048e8                _ztest_expected_result_entry_list_start = .
 *(SORT_BY_NAME(SORT_BY_ALIGNMENT(._ztest_expected_result_entry.static.*)))
                0x00000000010048e8                _ztest_expected_result_entry_list_end = .
                0x00000000010048e8                _ztest_suite_node_list_start = .
 *(SORT_BY_NAME(SORT_BY_ALIGNMENT(._ztest_suite_node.static.*)))
                0x00000000010048e8                _ztest_suite_node_list_end = .
                0x00000000010048e8                _ztest_unit_test_list_start = .
 *(SORT_BY_NAME(SORT_BY_ALIGNMENT(._ztest_unit_test.static.*)))
                0x00000000010048e8                _ztest_unit_test_list_end = .
                0x00000000010048e8                _ztest_test_rule_list_start = .
 *(SORT_BY_NAME(SORT_BY_ALIGNMENT(._ztest_test_rule.static.*)))
                0x00000000010048e8                _ztest_test_rule_list_end = .

bt_l2cap_fixed_chan_area
                0x00000000010048e8        0x0
                0x00000000010048e8                _bt_l2cap_fixed_chan_list_start = .
 *(SORT_BY_NAME(SORT_BY_ALIGNMENT(._bt_l2cap_fixed_chan.static.*)))
                0x00000000010048e8                _bt_l2cap_fixed_chan_list_end = .

bt_gatt_service_static_area
                0x00000000010048e8        0x0
                0x00000000010048e8                _bt_gatt_service_static_list_start = .
 *(SORT_BY_NAME(SORT_BY_ALIGNMENT(._bt_gatt_service_static.static.*)))
                0x00000000010048e8                _bt_gatt_service_static_list_end = .

log_strings_area
                0x00000000010048e8        0x0
                0x00000000010048e8                _log_strings_list_start = .
 *(SORT_BY_NAME(SORT_BY_ALIGNMENT(._log_strings.static.*)))
                0x00000000010048e8                _log_strings_list_end = .

log_const_area  0x00000000010048e8       0x58
                0x00000000010048e8                _log_const_list_start = .
 *(SORT_BY_NAME(SORT_BY_ALIGNMENT(._log_const.static.*)))
 ._log_const.static.log_const_NRFX_CLOCK_
                0x00000000010048e8        0x8 modules/hal_nordic/nrfx/libmodules__hal_nordic__nrfx.a(nrfx_clock.c.obj)
                0x00000000010048e8                log_const_NRFX_CLOCK
 ._log_const.static.log_const_NRFX_DPPI_
                0x00000000010048f0        0x8 modules/hal_nordic/nrfx/libmodules__hal_nordic__nrfx.a(nrfx_dppi.c.obj)
                0x00000000010048f0                log_const_NRFX_DPPI
 ._log_const.static.log_const_STREAM_FLASH_
                0x00000000010048f8        0x8 zephyr/libzephyr.a(stream_flash.c.obj)
                0x00000000010048f8                log_const_STREAM_FLASH
 ._log_const.static.log_const_cbprintf_package_
                0x0000000001004900        0x8 zephyr/libzephyr.a(cbprintf_packaged.c.obj)
                0x0000000001004900                log_const_cbprintf_package
 ._log_const.static.log_const_clock_control_
                0x0000000001004908        0x8 zephyr/drivers/clock_control/libdrivers__clock_control.a(clock_control_nrf.c.obj)
                0x0000000001004908                log_const_clock_control
 ._log_const.static.log_const_fatal_error_
                0x0000000001004910        0x8 modules/nrf/lib/fatal_error/lib..__nrf__lib__fatal_error.a(fatal_error.c.obj)
                0x0000000001004910                log_const_fatal_error
 ._log_const.static.log_const_flash_nrf_
                0x0000000001004918        0x8 zephyr/drivers/flash/libdrivers__flash.a(soc_flash_nrf.c.obj)
                0x0000000001004918                log_const_flash_nrf
 ._log_const.static.log_const_os_
                0x0000000001004920        0x8 zephyr/kernel/libkernel.a(init.c.obj)
                0x0000000001004920                log_const_os
 ._log_const.static.log_const_pcd_
                0x0000000001004928        0x8 modules/nrf/subsys/pcd/lib..__nrf__subsys__pcd.a(pcd.c.obj)
                0x0000000001004928                log_const_pcd
 ._log_const.static.log_const_soc_
                0x0000000001004930        0x8 zephyr/libzephyr.a(soc.c.obj)
                0x0000000001004930                log_const_soc
 ._log_const.static.log_const_uart_nrfx_uarte_
                0x0000000001004938        0x8 zephyr/drivers/serial/libdrivers__serial.a(uart_nrfx_uarte.c.obj)
                0x0000000001004938                log_const_uart_nrfx_uarte
                0x0000000001004940                _log_const_list_end = .

log_backend_area
                0x0000000001004940        0x0
                0x0000000001004940                _log_backend_list_start = .
 *(SORT_BY_NAME(SORT_BY_ALIGNMENT(._log_backend.static.*)))
                0x0000000001004940                _log_backend_list_end = .

log_link_area   0x0000000001004940        0x0
                0x0000000001004940                _log_link_list_start = .
 *(SORT_BY_NAME(SORT_BY_ALIGNMENT(._log_link.static.*)))
                0x0000000001004940                _log_link_list_end = .

tracing_backend_area
                0x0000000001004940        0x0
                0x0000000001004940                _tracing_backend_list_start = .
 *(SORT_BY_NAME(SORT_BY_ALIGNMENT(._tracing_backend.static.*)))
                0x0000000001004940                _tracing_backend_list_end = .

zephyr_dbg_info
 *(SORT_BY_ALIGNMENT(.dbg_thread_info))

symbol_to_keep  0x0000000001004940        0x0
                0x0000000001004940                __symbol_to_keep_start = .
 *(SORT_BY_NAME(SORT_BY_ALIGNMENT(.symbol_to_keep*)))
                0x0000000001004940                __symbol_to_keep_end = .

shell_area      0x0000000001004940        0x0
                0x0000000001004940                _shell_list_start = .
 *(SORT_BY_NAME(SORT_BY_ALIGNMENT(._shell.static.*)))
                0x0000000001004940                _shell_list_end = .

shell_root_cmds_area
                0x0000000001004940        0x0
                0x0000000001004940                _shell_root_cmds_list_start = .
 *(SORT_BY_NAME(SORT_BY_ALIGNMENT(._shell_root_cmds.static.*)))
                0x0000000001004940                _shell_root_cmds_list_end = .

shell_subcmds_area
                0x0000000001004940        0x0
                0x0000000001004940                _shell_subcmds_list_start = .
 *(SORT_BY_NAME(SORT_BY_ALIGNMENT(._shell_subcmds.static.*)))
                0x0000000001004940                _shell_subcmds_list_end = .

shell_dynamic_subcmds_area
                0x0000000001004940        0x0
                0x0000000001004940                _shell_dynamic_subcmds_list_start = .
 *(SORT_BY_NAME(SORT_BY_ALIGNMENT(._shell_dynamic_subcmds.static.*)))
                0x0000000001004940                _shell_dynamic_subcmds_list_end = .

cfb_font_area   0x0000000001004940        0x0
                0x0000000001004940                _cfb_font_list_start = .
 *(SORT_BY_NAME(SORT_BY_ALIGNMENT(._cfb_font.static.*)))
                0x0000000001004940                _cfb_font_list_end = .

tdata           0x0000000001004940        0x0
 *(SORT_BY_ALIGNMENT(.tdata) SORT_BY_ALIGNMENT(.tdata.*) SORT_BY_ALIGNMENT(.gnu.linkonce.td.*))

tbss            0x0000000001004940        0x0
 *(SORT_BY_ALIGNMENT(.tbss) SORT_BY_ALIGNMENT(.tbss.*) SORT_BY_ALIGNMENT(.gnu.linkonce.tb.*) SORT_BY_ALIGNMENT(.tcommon))
                0x0000000001004940                PROVIDE (__tdata_start = LOADADDR (tdata))
                0x0000000000000000                PROVIDE (__tdata_size = SIZEOF (tdata))
                [!provide]                        PROVIDE (__tdata_end = (__tdata_start + __tdata_size))
                0x0000000000000001                PROVIDE (__tdata_align = ALIGNOF (tdata))
                [!provide]                        PROVIDE (__tbss_start = ADDR (tbss))
                0x0000000000000000                PROVIDE (__tbss_size = SIZEOF (tbss))
                [!provide]                        PROVIDE (__tbss_end = (__tbss_start + __tbss_size))
                0x0000000000000001                PROVIDE (__tbss_align = ALIGNOF (tbss))
                [!provide]                        PROVIDE (__tls_start = __tdata_start)
                [!provide]                        PROVIDE (__tls_end = __tbss_end)
                [!provide]                        PROVIDE (__tls_size = (__tbss_end - __tdata_start))

rodata          0x0000000001004940     0x11ec
 *(SORT_BY_ALIGNMENT(.rodata))
 .rodata        0x0000000001004940        0xc app/libapp.a(main.c.obj)
 .rodata        0x000000000100494c       0x18 modules/nrf/subsys/bootloader/bl_validation/lib..__nrf__subsys__bootloader__bl_validation.a(bl_validation.c.obj)
 .rodata        0x0000000001004964       0x18 modules/nrf/subsys/fw_info/lib..__nrf__subsys__fw_info.a(fw_info.c.obj)
 *(SORT_BY_ALIGNMENT(.rodata.*))
 *fill*         0x000000000100497c        0x4 
 .rodata.delay_machine_code.0
                0x0000000001004980        0x6 zephyr/libzephyr.a(soc.c.obj)
 *fill*         0x0000000001004986        0x2 
 .rodata.fw_info_allowed_offsets
                0x0000000001004988       0x14 app/libapp.a(main.c.obj)
 .rodata.transitions.0
                0x000000000100499c        0xc zephyr/drivers/clock_control/libdrivers__clock_control.a(clock_control_nrf.c.obj)
 .rodata.config
                0x00000000010049a8       0x18 zephyr/drivers/clock_control/libdrivers__clock_control.a(clock_control_nrf.c.obj)
 .rodata.clock_control_api
                0x00000000010049c0       0x1c zephyr/drivers/clock_control/libdrivers__clock_control.a(clock_control_nrf.c.obj)
 .rodata.flash_nrf_api
                0x00000000010049dc       0x14 zephyr/drivers/flash/libdrivers__flash.a(soc_flash_nrf.c.obj)
 .rodata.flash_nrf_parameters
                0x00000000010049f0        0x8 zephyr/drivers/flash/libdrivers__flash.a(soc_flash_nrf.c.obj)
 .rodata.uarte_0z_config
                0x00000000010049f8       0x10 zephyr/drivers/serial/libdrivers__serial.a(uart_nrfx_uarte.c.obj)
 .rodata.__pinctrl_dev_config__device_dts_ord_63
                0x0000000001004a08        0xc zephyr/drivers/serial/libdrivers__serial.a(uart_nrfx_uarte.c.obj)
 .rodata.__pinctrl_states__device_dts_ord_63
                0x0000000001004a14        0x8 zephyr/drivers/serial/libdrivers__serial.a(uart_nrfx_uarte.c.obj)
 .rodata.__pinctrl_state_pins_0__device_dts_ord_63
                0x0000000001004a1c       0x10 zephyr/drivers/serial/libdrivers__serial.a(uart_nrfx_uarte.c.obj)
 .rodata.uart_nrfx_uarte_driver_api
                0x0000000001004a2c       0x14 zephyr/drivers/serial/libdrivers__serial.a(uart_nrfx_uarte.c.obj)
 .rodata.fw_info_allowed_offsets
                0x0000000001004a40       0x14 modules/nrf/subsys/bootloader/bl_validation/lib..__nrf__subsys__bootloader__bl_validation.a(bl_validation.c.obj)
 .rodata.fw_info_allowed_offsets
                0x0000000001004a54       0x14 modules/nrf/subsys/fw_info/lib..__nrf__subsys__fw_info.a(fw_info.c.obj)
 .rodata.CSWTCH.487
                0x0000000001004a68       0x14 zephyr/kernel/libkernel.a(fatal.c.obj)
 .rodata.levels.0
                0x0000000001004a7c       0x18 zephyr/kernel/libkernel.a(init.c.obj)
 .rodata.const_table
                0x0000000001004a94      0x100 /home/zachary/ncs/v2.5.0/nrfxlib/crypto/nrf_oberon/lib/cortex-m33+nodsp/soft-float/liboberon_3.0.13.a(ocrypto_sha256.c.obj)
 .rodata.main.str1.1
                0x0000000001004b94       0xb1 app/libapp.a(main.c.obj)
 .rodata.str1.1
                0x0000000001004c45       0x11 zephyr/libzephyr.a(cbprintf_packaged.c.obj)
 .rodata.sys_heap_free.str1.1
                0x0000000001004c56       0x39 zephyr/libzephyr.a(heap.c.obj)
 .rodata.process_event.str1.1
                0x0000000001004c8f       0x22 zephyr/libzephyr.a(onoff.c.obj)
                                         0x3a (size before relaxing)
 .rodata.sys_notify_finalize.str1.1
                0x0000000001004cb1       0x23 zephyr/libzephyr.a(notify.c.obj)
                                         0x3b (size before relaxing)
 .rodata.str1.1
                0x0000000001004cd4        0x4 zephyr/libzephyr.a(soc.c.obj)
 .rodata.find_flash_total_size.str1.1
                0x0000000001004cd8       0x25 zephyr/libzephyr.a(stream_flash.c.obj)
 .rodata.stream_flash_erase_page.str1.1
                0x0000000001004cfd       0x47 zephyr/libzephyr.a(stream_flash.c.obj)
 .rodata.flash_sync.str1.1
                0x0000000001004d44       0x90 zephyr/libzephyr.a(stream_flash.c.obj)
 .rodata.stream_flash_init.str1.1
                0x0000000001004dd4       0x55 zephyr/libzephyr.a(stream_flash.c.obj)
 .rodata.str1.1
                0x0000000001004e29        0xd zephyr/libzephyr.a(stream_flash.c.obj)
 .rodata.z_arm_fatal_error.str1.1
                0x0000000001004e36       0xaf zephyr/arch/arch/arm/core/aarch32/libarch__arm__core__aarch32.a(fatal.c.obj)
 .rodata.z_arm_irq_priority_set.str1.1
                0x0000000001004ee5       0x36 zephyr/arch/arch/arm/core/aarch32/libarch__arm__core__aarch32.a(irq_manage.c.obj)
                                         0x4e (size before relaxing)
 .rodata.usage_fault.constprop.0.str1.1
                0x0000000001004f1b      0x11f zephyr/arch/arch/arm/core/aarch32/cortex_m/libarch__arm__core__aarch32__cortex_m.a(fault.c.obj)
 .rodata.bus_fault.constprop.0.str1.1
                0x000000000100503a       0xbe zephyr/arch/arch/arm/core/aarch32/cortex_m/libarch__arm__core__aarch32__cortex_m.a(fault.c.obj)
 .rodata.mem_manage_fault.constprop.0.str1.1
                0x00000000010050f8       0xe9 zephyr/arch/arch/arm/core/aarch32/cortex_m/libarch__arm__core__aarch32__cortex_m.a(fault.c.obj)
                                        0x101 (size before relaxing)
 .rodata.z_arm_fault.str1.1
                0x00000000010051e1      0x139 zephyr/arch/arch/arm/core/aarch32/cortex_m/libarch__arm__core__aarch32__cortex_m.a(fault.c.obj)
 .rodata.get_status.str1.1
                0x000000000100531a       0x3d zephyr/drivers/clock_control/libdrivers__clock_control.a(clock_control_nrf.c.obj)
                                         0x55 (size before relaxing)
 .rodata.str1.1
                0x0000000001005357       0x29 zephyr/drivers/clock_control/libdrivers__clock_control.a(clock_control_nrf.c.obj)
 .rodata.flash_nrf_erase.str1.1
                0x0000000001005380       0x46 zephyr/drivers/flash/libdrivers__flash.a(soc_flash_nrf.c.obj)
 .rodata.flash_nrf_write.str1.1
                0x00000000010053c6       0x23 zephyr/drivers/flash/libdrivers__flash.a(soc_flash_nrf.c.obj)
 .rodata.str1.1
                0x00000000010053e9       0x24 zephyr/drivers/flash/libdrivers__flash.a(soc_flash_nrf.c.obj)
 .rodata.nrf_gpio_pin_port_decode.str1.1
                0x000000000100540d       0x33 zephyr/drivers/pinctrl/libdrivers__pinctrl.a(pinctrl_nrf.c.obj)
                                         0x4b (size before relaxing)
 .rodata.uarte_0_init.str1.1
                0x0000000001005440       0x24 zephyr/drivers/serial/libdrivers__serial.a(uart_nrfx_uarte.c.obj)
 .rodata.str1.1
                0x0000000001005464       0x1e zephyr/drivers/serial/libdrivers__serial.a(uart_nrfx_uarte.c.obj)
 .rodata.fprotect_set_permission.str1.1
                0x0000000001005482       0x5e modules/nrf/lib/fprotect/lib..__nrf__lib__fprotect.a(fprotect_acl.c.obj)
                                         0x76 (size before relaxing)
 .rodata.k_sys_fatal_error_handler.str1.1
                0x00000000010054e0       0x16 modules/nrf/lib/fatal_error/lib..__nrf__lib__fatal_error.a(fatal_error.c.obj)
 .rodata.str1.1
                0x00000000010054f6        0xc modules/nrf/lib/fatal_error/lib..__nrf__lib__fatal_error.a(fatal_error.c.obj)
 .rodata.bl_boot.str1.1
                0x0000000001005502       0x12 modules/nrf/subsys/bootloader/bl_boot/lib..__nrf__subsys__bootloader__bl_boot.a(bl_boot.c.obj)
 .rodata.validate_firmware.str1.1
                0x0000000001005514      0x2ca modules/nrf/subsys/bootloader/bl_validation/lib..__nrf__subsys__bootloader__bl_validation.a(bl_validation.c.obj)
 .rodata.pcd_fw_copy.str1.1
                0x00000000010057de       0x5f modules/nrf/subsys/pcd/lib..__nrf__subsys__pcd.a(pcd.c.obj)
 .rodata.str1.1
                0x000000000100583d        0x4 modules/nrf/subsys/pcd/lib..__nrf__subsys__pcd.a(pcd.c.obj)
 .rodata.check_ext_api_requests.str1.1
                0x0000000001005841       0x5c modules/nrf/subsys/fw_info/lib..__nrf__subsys__fw_info.a(fw_info.c.obj)
 .rodata.CSWTCH.4
                0x000000000100589d        0x4 modules/hal_nordic/nrfx/libmodules__hal_nordic__nrfx.a(system_nrf5340_network.c.obj)
 .rodata.CSWTCH.1
                0x00000000010058a1        0x4 modules/hal_nordic/nrfx/libmodules__hal_nordic__nrfx.a(system_nrf5340_network.c.obj)
 .rodata.nrfx_gppi_channel_check.str1.1
                0x00000000010058a5       0x33 modules/hal_nordic/nrfx/libmodules__hal_nordic__nrfx.a(nrfx_gppi_dppi.c.obj)
                                         0x4b (size before relaxing)
 .rodata.nrfx_gppi_event_endpoint_setup.str1.1
                0x00000000010058d8       0x3d modules/hal_nordic/nrfx/libmodules__hal_nordic__nrfx.a(nrfx_gppi_dppi.c.obj)
 .rodata.clock_stop.str1.1
                0x0000000001005915       0x71 modules/hal_nordic/nrfx/libmodules__hal_nordic__nrfx.a(nrfx_clock.c.obj)
                                         0x89 (size before relaxing)
 .rodata.str1.1
                0x0000000001005986        0xb modules/hal_nordic/nrfx/libmodules__hal_nordic__nrfx.a(nrfx_clock.c.obj)
 .rodata.str1.1
                0x0000000001005991        0xa modules/hal_nordic/nrfx/libmodules__hal_nordic__nrfx.a(nrfx_dppi.c.obj)
 .rodata.partial_word_create.str1.1
                0x000000000100599b       0x3c modules/hal_nordic/nrfx/libmodules__hal_nordic__nrfx.a(nrfx_nvmc.c.obj)
                                         0x54 (size before relaxing)
 .rodata.z_device_state_init.str1.1
                0x00000000010059d7       0x23 zephyr/kernel/libkernel.a(device.c.obj)
                                         0x3b (size before relaxing)
 .rodata.z_fatal_error.str1.1
                0x00000000010059fa       0xa8 zephyr/kernel/libkernel.a(fatal.c.obj)
                                         0xc0 (size before relaxing)
 .rodata.str1.1
                0x0000000001005aa2       0x4a zephyr/kernel/libkernel.a(fatal.c.obj)
 .rodata.str1.1
                0x0000000001005aec        0x3 zephyr/kernel/libkernel.a(init.c.obj)
 .rodata.boot_banner.str1.1
                0x0000000001005aef       0x28 zephyr/kernel/libkernel.a(banner.c.obj)
 .rodata.__i_vfprintf.str1.1
                0x0000000001005b17        0xf /home/zachary/ncs/toolchains/7795df4459/opt/zephyr-sdk/arm-zephyr-eabi/bin/../lib/gcc/../../picolibc/arm-zephyr-eabi/lib/thumb/v8-m.main/nofp/libc.a(libc_tinystdio_vfiprintf.c.o)
 *(SORT_BY_ALIGNMENT(.gnu.linkonce.r.*))
                0x0000000001005b28                . = ALIGN (0x4)
 *fill*         0x0000000001005b26        0x2 
                0x0000000001005b28                _fw_info_images_start = .
 *(SORT_BY_ALIGNMENT(.fw_info_images))
 .fw_info_images
                0x0000000001005b28        0x4 modules/nrf/subsys/fw_info/lib..__nrf__subsys__fw_info.a(fw_info.c.obj)
                0x0000000001005b28                self_image
                0x0000000000000001                _fw_info_images_size = ABSOLUTE (((. - _fw_info_images_start) / 0x4))
                0x0000000001005b2c                _ext_apis_start = .
 *(SORT_BY_ALIGNMENT(.ext_apis))
                0x0000000000000000                _ext_apis_size = ABSOLUTE ((. - _ext_apis_start))
                0x0000000001005b2c                _ext_apis_req_start = .
 *(SORT_BY_ALIGNMENT(.ext_apis_req))
                0x0000000000000000                _ext_apis_req_size = ABSOLUTE ((. - _ext_apis_req_start))
                0x0000000001005b2c                . = ALIGN (0x4)
                0x0000000001005b2c                __rodata_region_end = .
                0x0000000001005b2c                . = ALIGN (_region_min_align)
                0x0000000001005b2c                __rom_region_end = ((__rom_region_start + .) - ADDR (rom_start))

/DISCARD/
 *(SORT_BY_ALIGNMENT(.got.plt))
 *(SORT_BY_ALIGNMENT(.igot.plt))
 *(SORT_BY_ALIGNMENT(.got))
 *(SORT_BY_ALIGNMENT(.igot))
                0x0000000021000000                . = 0x21000000
                0x0000000021000000                . = ALIGN (_region_min_align)
                0x0000000021000000                _image_ram_start = .

.ramfunc        0x0000000021000000        0x0 load address 0x0000000001005b2c
                0x0000000021000000                . = ALIGN (_region_min_align)
                0x0000000021000000                __ramfunc_start = .
 *(SORT_BY_ALIGNMENT(.ramfunc))
 *(SORT_BY_ALIGNMENT(.ramfunc.*))
                0x0000000021000000                . = ALIGN (_region_min_align)
                0x0000000021000000                __ramfunc_end = .
                0x0000000000000000                __ramfunc_size = (__ramfunc_end - __ramfunc_start)
                0x0000000001005b2c                __ramfunc_load_start = LOADADDR (.ramfunc)

datas           0x0000000021000000       0x3c load address 0x0000000001005b2c
                0x0000000021000000                __data_region_start = .
                0x0000000021000000                __data_start = .
 *(SORT_BY_ALIGNMENT(.data))
 *(SORT_BY_ALIGNMENT(.data.*))
 .data._char_out
                0x0000000021000000        0x4 zephyr/libzephyr.a(printk.c.obj)
                0x0000000021000000                _char_out
 .data.__stdout
                0x0000000021000004       0x10 zephyr/lib/libc/picolibc/liblib__libc__picolibc.a(libc-hooks.c.obj)
 .data.uarte_0_data
                0x0000000021000014       0x1c zephyr/drivers/serial/libdrivers__serial.a(uart_nrfx_uarte.c.obj)
 .data.m_allocated_channels
                0x0000000021000030        0x4 modules/hal_nordic/nrfx/libmodules__hal_nordic__nrfx.a(nrfx_dppi.c.obj)
 .data.timeout_list
                0x0000000021000034        0x8 zephyr/kernel/libkernel.a(timeout.c.obj)
 *(SORT_BY_ALIGNMENT(.kernel.*))
                0x000000002100003c                __data_end = .
                0x000000000000003c                __data_size = (__data_end - __data_start)
                0x0000000001005b2c                __data_load_start = LOADADDR (datas)
                0x0000000001005b2c                __data_region_load_start = LOADADDR (datas)

device_states   0x000000002100003c        0x6 load address 0x0000000001005b68
                0x000000002100003c                __device_states_start = .
 *(SORT_BY_ALIGNMENT(.z_devstate))
 .z_devstate    0x000000002100003c        0x2 zephyr/drivers/clock_control/libdrivers__clock_control.a(clock_control_nrf.c.obj)
 .z_devstate    0x000000002100003e        0x2 zephyr/drivers/flash/libdrivers__flash.a(soc_flash_nrf.c.obj)
 .z_devstate    0x0000000021000040        0x2 zephyr/drivers/serial/libdrivers__serial.a(uart_nrfx_uarte.c.obj)
 *(SORT_BY_ALIGNMENT(.z_devstate.*))
                0x0000000021000042                __device_states_end = .

log_mpsc_pbuf_area
                0x0000000021000042        0x0 load address 0x0000000001005b6e
                0x0000000021000042                _log_mpsc_pbuf_list_start = .
 *(SORT_BY_NAME(SORT_BY_ALIGNMENT(._log_mpsc_pbuf.static.*)))
                0x0000000021000042                _log_mpsc_pbuf_list_end = .

log_msg_ptr_area
                0x0000000021000042        0x0 load address 0x0000000001005b6e
                0x0000000021000042                _log_msg_ptr_list_start = .
 *(SORT_BY_NAME(SORT_BY_ALIGNMENT(._log_msg_ptr.static.*)))
                0x0000000021000042                _log_msg_ptr_list_end = .

log_dynamic_area
                0x0000000021000042        0x0 load address 0x0000000001005b6e
                0x0000000021000042                _log_dynamic_list_start = .
 *(SORT_BY_NAME(SORT_BY_ALIGNMENT(._log_dynamic.static.*)))
                0x0000000021000042                _log_dynamic_list_end = .

k_timer_area    0x0000000021000042        0x0 load address 0x0000000001005b6e
                0x0000000021000042                _k_timer_list_start = .
 *(SORT_BY_NAME(SORT_BY_ALIGNMENT(._k_timer.static.*)))
                0x0000000021000042                _k_timer_list_end = .

k_mem_slab_area
                0x0000000021000042        0x0 load address 0x0000000001005b6e
                0x0000000021000042                _k_mem_slab_list_start = .
 *(SORT_BY_NAME(SORT_BY_ALIGNMENT(._k_mem_slab.static.*)))
                0x0000000021000042                _k_mem_slab_list_end = .

k_heap_area     0x0000000021000042        0x0 load address 0x0000000001005b6e
                0x0000000021000042                _k_heap_list_start = .
 *(SORT_BY_NAME(SORT_BY_ALIGNMENT(._k_heap.static.*)))
                0x0000000021000042                _k_heap_list_end = .

k_mutex_area    0x0000000021000042        0x0 load address 0x0000000001005b6e
                0x0000000021000042                _k_mutex_list_start = .
 *(SORT_BY_NAME(SORT_BY_ALIGNMENT(._k_mutex.static.*)))
                0x0000000021000042                _k_mutex_list_end = .

k_stack_area    0x0000000021000042        0x0 load address 0x0000000001005b6e
                0x0000000021000042                _k_stack_list_start = .
 *(SORT_BY_NAME(SORT_BY_ALIGNMENT(._k_stack.static.*)))
                0x0000000021000042                _k_stack_list_end = .

k_msgq_area     0x0000000021000042        0x0 load address 0x0000000001005b6e
                0x0000000021000042                _k_msgq_list_start = .
 *(SORT_BY_NAME(SORT_BY_ALIGNMENT(._k_msgq.static.*)))
                0x0000000021000042                _k_msgq_list_end = .

k_mbox_area     0x0000000021000042        0x0 load address 0x0000000001005b6e
                0x0000000021000042                _k_mbox_list_start = .
 *(SORT_BY_NAME(SORT_BY_ALIGNMENT(._k_mbox.static.*)))
                0x0000000021000042                _k_mbox_list_end = .

k_pipe_area     0x0000000021000042        0x0 load address 0x0000000001005b6e
                0x0000000021000042                _k_pipe_list_start = .
 *(SORT_BY_NAME(SORT_BY_ALIGNMENT(._k_pipe.static.*)))
                0x0000000021000042                _k_pipe_list_end = .

k_sem_area      0x0000000021000042        0x0 load address 0x0000000001005b6e
                0x0000000021000042                _k_sem_list_start = .
 *(SORT_BY_NAME(SORT_BY_ALIGNMENT(._k_sem.static.*)))
                0x0000000021000042                _k_sem_list_end = .

k_event_area    0x0000000021000042        0x0 load address 0x0000000001005b6e
                0x0000000021000042                _k_event_list_start = .
 *(SORT_BY_NAME(SORT_BY_ALIGNMENT(._k_event.static.*)))
                0x0000000021000042                _k_event_list_end = .

k_queue_area    0x0000000021000042        0x0 load address 0x0000000001005b6e
                0x0000000021000042                _k_queue_list_start = .
 *(SORT_BY_NAME(SORT_BY_ALIGNMENT(._k_queue.static.*)))
                0x0000000021000042                _k_queue_list_end = .

k_condvar_area  0x0000000021000042        0x0 load address 0x0000000001005b6e
                0x0000000021000042                _k_condvar_list_start = .
 *(SORT_BY_NAME(SORT_BY_ALIGNMENT(._k_condvar.static.*)))
                0x0000000021000042                _k_condvar_list_end = .

net_buf_pool_area
                0x0000000021000042        0x0 load address 0x0000000001005b6e
                0x0000000021000042                _net_buf_pool_list_start = .
 *(SORT_BY_NAME(SORT_BY_ALIGNMENT(._net_buf_pool.static.*)))
                0x0000000021000042                _net_buf_pool_list_end = .
                0x0000000021000042                __data_region_end = .

bss             0x0000000021000048      0x154
                0x0000000021000048                . = ALIGN (0x4)
                0x0000000021000048                __bss_start = .
                0x0000000021000048                __kernel_ram_start = .
 *(SORT_BY_ALIGNMENT(.bss))
 *(SORT_BY_ALIGNMENT(.bss.*))
 .bss.cc_data   0x0000000021000048       0x10 zephyr/drivers/timer/libdrivers__timer.a(nrf_rtc_timer.c.obj)
 .bss.last_count
                0x0000000021000058        0x8 zephyr/drivers/timer/libdrivers__timer.a(nrf_rtc_timer.c.obj)
 .bss.anchor    0x0000000021000060        0x8 zephyr/drivers/timer/libdrivers__timer.a(nrf_rtc_timer.c.obj)
 .bss.z_main_thread
                0x0000000021000068       0x80 zephyr/kernel/libkernel.a(init.c.obj)
                0x0000000021000068                z_main_thread
 .bss.curr_tick
                0x00000000210000e8        0x8 zephyr/kernel/libkernel.a(timeout.c.obj)
 .bss.timestamps.1
                0x00000000210000f0       0x14 zephyr/libzephyr.a(soc.c.obj)
 .bss._stdout_hook
                0x0000000021000104        0x4 zephyr/lib/libc/picolibc/liblib__libc__picolibc.a(libc-hooks.c.obj)
 .bss.cli.1     0x0000000021000108       0x10 zephyr/drivers/clock_control/libdrivers__clock_control.a(clock_control_nrf.c.obj)
 .bss.on.2      0x0000000021000118        0x4 zephyr/drivers/clock_control/libdrivers__clock_control.a(clock_control_nrf.c.obj)
 .bss.data      0x000000002100011c       0x50 zephyr/drivers/clock_control/libdrivers__clock_control.a(clock_control_nrf.c.obj)
 .bss.hfclk_users
                0x000000002100016c        0x4 zephyr/drivers/clock_control/libdrivers__clock_control.a(clock_control_nrf.c.obj)
 .bss.dev_layout
                0x0000000021000170        0x8 zephyr/drivers/flash/libdrivers__flash.a(soc_flash_nrf.c.obj)
 .bss.force_isr_mask
                0x0000000021000178        0x4 zephyr/drivers/timer/libdrivers__timer.a(nrf_rtc_timer.c.obj)
 .bss.int_mask  0x000000002100017c        0x4 zephyr/drivers/timer/libdrivers__timer.a(nrf_rtc_timer.c.obj)
 .bss.overflow_cnt
                0x0000000021000180        0x4 zephyr/drivers/timer/libdrivers__timer.a(nrf_rtc_timer.c.obj)
 .bss.idx.0     0x0000000021000184        0x4 modules/nrf/lib/fprotect/lib..__nrf__lib__fprotect.a(fprotect_acl.c.obj)
 .bss.m_clock_cb
                0x0000000021000188        0x8 modules/hal_nordic/nrfx/libmodules__hal_nordic__nrfx.a(nrfx_clock.c.obj)
 .bss.announce_remaining
                0x0000000021000190        0x4 zephyr/kernel/libkernel.a(timeout.c.obj)
 .bss.timestamps_filled.2
                0x0000000021000194        0x1 zephyr/libzephyr.a(soc.c.obj)
 .bss.current.3
                0x0000000021000195        0x1 zephyr/libzephyr.a(soc.c.obj)
 .bss.rtc_pretick_cc_set_on_time.4
                0x0000000021000196        0x1 zephyr/libzephyr.a(soc.c.obj)
 .bss.cpu_idle_prepare_allows_sleep
                0x0000000021000197        0x1 zephyr/libzephyr.a(soc.c.obj)
 .bss.cpu_idle_prepare_monitor_dummy
                0x0000000021000198        0x1 zephyr/libzephyr.a(soc.c.obj)
 .bss.uarte0_rx_data
                0x0000000021000199        0x1 zephyr/drivers/serial/libdrivers__serial.a(uart_nrfx_uarte.c.obj)
 .bss.uarte0_char_out
                0x000000002100019a        0x1 zephyr/drivers/serial/libdrivers__serial.a(uart_nrfx_uarte.c.obj)
 .bss.z_sys_post_kernel
                0x000000002100019b        0x1 zephyr/kernel/libkernel.a(init.c.obj)
                0x000000002100019b                z_sys_post_kernel
 *(SORT_BY_ALIGNMENT(COMMON))
 *(SORT_BY_ALIGNMENT(.kernel_bss.*))
                0x000000002100019c                __bss_end = ALIGN (0x4)

noinit          0x00000000210001a0      0xc0c
 *(SORT_BY_ALIGNMENT(.noinit))
 *(SORT_BY_ALIGNMENT(.noinit.*))
 .noinit."WEST_TOPDIR/zephyr/kernel/init.c".1
                0x00000000210001a0      0x800 zephyr/kernel/libkernel.a(init.c.obj)
                0x00000000210001a0                z_interrupt_stacks
 .noinit."WEST_TOPDIR/zephyr/kernel/init.c".0
                0x00000000210009a0      0x400 zephyr/kernel/libkernel.a(init.c.obj)
                0x00000000210009a0                z_main_stack
 .noinit."WEST_TOPDIR/zephyr/lib/libc/common/source/stdlib/malloc.c".0
                0x0000000021000da0        0xc zephyr/lib/libc/common/liblib__libc__common.a(malloc.c.obj)
 *(SORT_BY_ALIGNMENT(.kernel_noinit.*))
                0x0000000021010000                __kernel_ram_end = 0x21010000
                0x000000000000ffb8                __kernel_ram_size = (__kernel_ram_end - __kernel_ram_start)

.intList        0x00000000fffff800       0x38
 *(SORT_BY_ALIGNMENT(.irq_info*))
 .irq_info      0x00000000fffff800        0x8 zephyr/arch/common/libisr_tables.a(isr_tables.c.obj)
                0x00000000fffff800                _iheader
 *(SORT_BY_ALIGNMENT(.intList*))
 .intList       0x00000000fffff808       0x10 zephyr/drivers/clock_control/libdrivers__clock_control.a(clock_control_nrf.c.obj)
 .intList       0x00000000fffff818       0x10 zephyr/drivers/serial/libdrivers__serial.a(uart_nrfx_uarte.c.obj)
 .intList       0x00000000fffff828       0x10 zephyr/drivers/timer/libdrivers__timer.a(nrf_rtc_timer.c.obj)

.last_ram_section
                0x0000000021000dac        0x0
                0x0000000021000dac                _image_ram_end = .
                0x0000000000000dac                _image_ram_size = (_image_ram_end - _image_ram_start)
                0x0000000021000dac                _end = .
                0x0000000021000dac                z_mapped_end = .

.stab
 *(SORT_BY_ALIGNMENT(.stab))

.stabstr
 *(SORT_BY_ALIGNMENT(.stabstr))

.stab.excl
 *(SORT_BY_ALIGNMENT(.stab.excl))

.stab.exclstr
 *(SORT_BY_ALIGNMENT(.stab.exclstr))

.stab.index
 *(SORT_BY_ALIGNMENT(.stab.index))

.stab.indexstr
 *(SORT_BY_ALIGNMENT(.stab.indexstr))

.gnu.build.attributes
 *(SORT_BY_ALIGNMENT(.gnu.build.attributes) SORT_BY_ALIGNMENT(.gnu.build.attributes.*))

.comment        0x0000000000000000       0x40
 *(SORT_BY_ALIGNMENT(.comment))
 .comment       0x0000000000000000       0x20 app/libapp.a(main.c.obj)
                                         0x21 (size before relaxing)
 .comment       0x0000000000000020       0x21 zephyr/libzephyr.a(cbprintf_packaged.c.obj)
 .comment       0x0000000000000020       0x21 zephyr/libzephyr.a(printk.c.obj)
 .comment       0x0000000000000020       0x21 zephyr/libzephyr.a(heap.c.obj)
 .comment       0x0000000000000020       0x21 zephyr/libzephyr.a(onoff.c.obj)
 .comment       0x0000000000000020       0x21 zephyr/libzephyr.a(notify.c.obj)
 .comment       0x0000000000000020       0x21 zephyr/libzephyr.a(assert.c.obj)
 .comment       0x0000000000000020       0x21 zephyr/libzephyr.a(configs.c.obj)
 .comment       0x0000000000000020       0x21 zephyr/libzephyr.a(soc.c.obj)
 .comment       0x0000000000000020       0x21 zephyr/libzephyr.a(log_minimal.c.obj)
 .comment       0x0000000000000020       0x21 zephyr/libzephyr.a(stream_flash.c.obj)
 .comment       0x0000000000000020       0x21 zephyr/arch/arch/arm/core/aarch32/libarch__arm__core__aarch32.a(fatal.c.obj)
 .comment       0x0000000000000020       0x21 zephyr/arch/arch/arm/core/aarch32/libarch__arm__core__aarch32.a(irq_manage.c.obj)
 .comment       0x0000000000000020       0x21 zephyr/arch/arch/arm/core/aarch32/libarch__arm__core__aarch32.a(nmi.c.obj)
 .comment       0x0000000000000020       0x21 zephyr/arch/arch/arm/core/aarch32/libarch__arm__core__aarch32.a(prep_c.c.obj)
 .comment       0x0000000000000020       0x21 zephyr/arch/arch/arm/core/aarch32/libarch__arm__core__aarch32.a(thread.c.obj)
 .comment       0x0000000000000020       0x21 zephyr/arch/arch/arm/core/aarch32/cortex_m/libarch__arm__core__aarch32__cortex_m.a(fault.c.obj)
 .comment       0x0000000000000020       0x21 zephyr/arch/arch/arm/core/aarch32/cortex_m/libarch__arm__core__aarch32__cortex_m.a(irq_init.c.obj)
 .comment       0x0000000000000020       0x21 zephyr/arch/arch/arm/core/aarch32/cortex_m/libarch__arm__core__aarch32__cortex_m.a(scb.c.obj)
 .comment       0x0000000000000020       0x21 zephyr/lib/libc/picolibc/liblib__libc__picolibc.a(libc-hooks.c.obj)
 .comment       0x0000000000000020       0x21 zephyr/lib/libc/common/liblib__libc__common.a(malloc.c.obj)
 .comment       0x0000000000000020       0x21 zephyr/drivers/clock_control/libdrivers__clock_control.a(clock_control_nrf.c.obj)
 .comment       0x0000000000000020       0x21 zephyr/drivers/console/libdrivers__console.a(uart_console.c.obj)
 .comment       0x0000000000000020       0x21 zephyr/drivers/flash/libdrivers__flash.a(soc_flash_nrf.c.obj)
 .comment       0x0000000000000020       0x21 zephyr/drivers/flash/libdrivers__flash.a(flash_page_layout.c.obj)
 .comment       0x0000000000000020       0x21 zephyr/drivers/pinctrl/libdrivers__pinctrl.a(common.c.obj)
 .comment       0x0000000000000020       0x21 zephyr/drivers/pinctrl/libdrivers__pinctrl.a(pinctrl_nrf.c.obj)
 .comment       0x0000000000000020       0x21 zephyr/drivers/serial/libdrivers__serial.a(uart_nrfx_uarte.c.obj)
 .comment       0x0000000000000020       0x21 zephyr/drivers/timer/libdrivers__timer.a(nrf_rtc_timer.c.obj)
 .comment       0x0000000000000020       0x21 modules/nrf/lib/fprotect/lib..__nrf__lib__fprotect.a(fprotect_acl.c.obj)
 .comment       0x0000000000000020       0x21 modules/nrf/lib/fatal_error/lib..__nrf__lib__fatal_error.a(fatal_error.c.obj)
 .comment       0x0000000000000020       0x21 modules/nrf/subsys/bootloader/bl_boot/lib..__nrf__subsys__bootloader__bl_boot.a(bl_boot.c.obj)
 .comment       0x0000000000000020       0x21 modules/nrf/subsys/bootloader/bl_crypto/lib..__nrf__subsys__bootloader__bl_crypto.a(bl_crypto.c.obj)
 .comment       0x0000000000000020       0x21 modules/nrf/subsys/bootloader/bl_crypto/lib..__nrf__subsys__bootloader__bl_crypto.a(bl_crypto_oberon_hash.c.obj)
 .comment       0x0000000000000020       0x21 modules/nrf/subsys/bootloader/bl_validation/lib..__nrf__subsys__bootloader__bl_validation.a(bl_validation.c.obj)
 .comment       0x0000000000000020       0x21 modules/nrf/subsys/bootloader/bl_storage/lib..__nrf__subsys__bootloader__bl_storage.a(bl_storage.c.obj)
 .comment       0x0000000000000020       0x21 modules/nrf/subsys/pcd/lib..__nrf__subsys__pcd.a(pcd.c.obj)
 .comment       0x0000000000000020       0x21 modules/nrf/subsys/fw_info/lib..__nrf__subsys__fw_info.a(fw_info.c.obj)
 .comment       0x0000000000000020       0x21 modules/hal_nordic/nrfx/libmodules__hal_nordic__nrfx.a(system_nrf5340_network.c.obj)
 .comment       0x0000000000000020       0x21 modules/hal_nordic/nrfx/libmodules__hal_nordic__nrfx.a(nrfx_glue.c.obj)
 .comment       0x0000000000000020       0x21 modules/hal_nordic/nrfx/libmodules__hal_nordic__nrfx.a(nrfx_flag32_allocator.c.obj)
 .comment       0x0000000000000020       0x21 modules/hal_nordic/nrfx/libmodules__hal_nordic__nrfx.a(nrfx_gppi_dppi.c.obj)
 .comment       0x0000000000000020       0x21 modules/hal_nordic/nrfx/libmodules__hal_nordic__nrfx.a(nrfx_clock.c.obj)
 .comment       0x0000000000000020       0x21 modules/hal_nordic/nrfx/libmodules__hal_nordic__nrfx.a(nrfx_dppi.c.obj)
 .comment       0x0000000000000020       0x21 modules/hal_nordic/nrfx/libmodules__hal_nordic__nrfx.a(nrfx_nvmc.c.obj)
 .comment       0x0000000000000020       0x21 zephyr/kernel/libkernel.a(busy_wait.c.obj)
 .comment       0x0000000000000020       0x21 zephyr/kernel/libkernel.a(device.c.obj)
 .comment       0x0000000000000020       0x21 zephyr/kernel/libkernel.a(fatal.c.obj)
 .comment       0x0000000000000020       0x21 zephyr/kernel/libkernel.a(init.c.obj)
 .comment       0x0000000000000020       0x21 zephyr/kernel/libkernel.a(thread.c.obj)
 .comment       0x0000000000000020       0x21 zephyr/kernel/libkernel.a(xip.c.obj)
 .comment       0x0000000000000020       0x21 zephyr/kernel/libkernel.a(timeout.c.obj)
 .comment       0x0000000000000020       0x21 zephyr/kernel/libkernel.a(banner.c.obj)
 .comment       0x0000000000000020       0x21 zephyr/CMakeFiles/offsets.dir/./arch/arm/core/offsets/offsets.c.obj
 .comment       0x0000000000000020       0x21 zephyr/arch/common/libisr_tables.a(isr_tables.c.obj)
 .comment       0x0000000000000020       0x20 /home/zachary/ncs/v2.5.0/nrfxlib/crypto/nrf_oberon/lib/cortex-m33+nodsp/soft-float/liboberon_3.0.13.a(ocrypto_sha256.c.obj)
                                         0x21 (size before relaxing)

.debug
 *(SORT_BY_ALIGNMENT(.debug))

.line
 *(SORT_BY_ALIGNMENT(.line))

.debug_srcinfo
 *(SORT_BY_ALIGNMENT(.debug_srcinfo))

.debug_sfnames
 *(SORT_BY_ALIGNMENT(.debug_sfnames))

.debug_aranges  0x0000000000000000     0x1170
 *(SORT_BY_ALIGNMENT(.debug_aranges))
 .debug_aranges
                0x0000000000000000       0x20 zephyr/libzephyr.a(soc_nrf_common.S.obj)
 .debug_aranges
                0x0000000000000020       0x30 zephyr/arch/arch/arm/core/aarch32/libarch__arm__core__aarch32.a(cpu_idle.S.obj)
 .debug_aranges
                0x0000000000000050       0x20 zephyr/arch/arch/arm/core/aarch32/libarch__arm__core__aarch32.a(nmi_on_reset.S.obj)
 .debug_aranges
                0x0000000000000070       0x28 zephyr/arch/arch/arm/core/aarch32/libarch__arm__core__aarch32.a(swap_helper.S.obj)
 .debug_aranges
                0x0000000000000098       0x20 zephyr/arch/arch/arm/core/aarch32/libarch__arm__core__aarch32.a(isr_wrapper.S.obj)
 .debug_aranges
                0x00000000000000b8       0x20 zephyr/arch/arch/arm/core/aarch32/cortex_m/libarch__arm__core__aarch32__cortex_m.a(exc_exit.S.obj)
 .debug_aranges
                0x00000000000000d8       0x20 zephyr/arch/arch/arm/core/aarch32/cortex_m/libarch__arm__core__aarch32__cortex_m.a(fault_s.S.obj)
 .debug_aranges
                0x00000000000000f8       0x20 zephyr/arch/arch/arm/core/aarch32/cortex_m/libarch__arm__core__aarch32__cortex_m.a(reset.S.obj)
 .debug_aranges
                0x0000000000000118       0x20 app/libapp.a(main.c.obj)
 .debug_aranges
                0x0000000000000138       0x40 zephyr/libzephyr.a(cbprintf_packaged.c.obj)
 .debug_aranges
                0x0000000000000178       0x50 zephyr/libzephyr.a(printk.c.obj)
 .debug_aranges
                0x00000000000001c8       0xc0 zephyr/libzephyr.a(heap.c.obj)
 .debug_aranges
                0x0000000000000288       0x90 zephyr/libzephyr.a(onoff.c.obj)
 .debug_aranges
                0x0000000000000318       0x28 zephyr/libzephyr.a(notify.c.obj)
 .debug_aranges
                0x0000000000000340       0x28 zephyr/libzephyr.a(assert.c.obj)
 .debug_aranges
                0x0000000000000368       0x20 zephyr/libzephyr.a(configs.c.obj)
 .debug_aranges
                0x0000000000000388       0x60 zephyr/libzephyr.a(soc.c.obj)
 .debug_aranges
                0x00000000000003e8       0x30 zephyr/libzephyr.a(log_minimal.c.obj)
 .debug_aranges
                0x0000000000000418       0x50 zephyr/libzephyr.a(stream_flash.c.obj)
 .debug_aranges
                0x0000000000000468       0x30 zephyr/arch/arch/arm/core/aarch32/libarch__arm__core__aarch32.a(fatal.c.obj)
 .debug_aranges
                0x0000000000000498       0x40 zephyr/arch/arch/arm/core/aarch32/libarch__arm__core__aarch32.a(irq_manage.c.obj)
 .debug_aranges
                0x00000000000004d8       0x20 zephyr/arch/arch/arm/core/aarch32/libarch__arm__core__aarch32.a(nmi.c.obj)
 .debug_aranges
                0x00000000000004f8       0x20 zephyr/arch/arch/arm/core/aarch32/libarch__arm__core__aarch32.a(prep_c.c.obj)
 .debug_aranges
                0x0000000000000518       0x38 zephyr/arch/arch/arm/core/aarch32/libarch__arm__core__aarch32.a(thread.c.obj)
 .debug_aranges
                0x0000000000000550       0x40 zephyr/arch/arch/arm/core/aarch32/cortex_m/libarch__arm__core__aarch32__cortex_m.a(fault.c.obj)
 .debug_aranges
                0x0000000000000590       0x20 zephyr/arch/arch/arm/core/aarch32/cortex_m/libarch__arm__core__aarch32__cortex_m.a(irq_init.c.obj)
 .debug_aranges
                0x00000000000005b0       0x28 zephyr/arch/arch/arm/core/aarch32/cortex_m/libarch__arm__core__aarch32__cortex_m.a(scb.c.obj)
 .debug_aranges
                0x00000000000005d8       0x58 zephyr/lib/libc/picolibc/liblib__libc__picolibc.a(libc-hooks.c.obj)
 .debug_aranges
                0x0000000000000630       0x58 zephyr/lib/libc/common/liblib__libc__common.a(malloc.c.obj)
 .debug_aranges
                0x0000000000000688       0xc0 zephyr/drivers/clock_control/libdrivers__clock_control.a(clock_control_nrf.c.obj)
 .debug_aranges
                0x0000000000000748       0x30 zephyr/drivers/console/libdrivers__console.a(uart_console.c.obj)
 .debug_aranges
                0x0000000000000778       0x50 zephyr/drivers/flash/libdrivers__flash.a(soc_flash_nrf.c.obj)
 .debug_aranges
                0x00000000000007c8       0x40 zephyr/drivers/flash/libdrivers__flash.a(flash_page_layout.c.obj)
 .debug_aranges
                0x0000000000000808       0x20 zephyr/drivers/pinctrl/libdrivers__pinctrl.a(common.c.obj)
 .debug_aranges
                0x0000000000000828       0x28 zephyr/drivers/pinctrl/libdrivers__pinctrl.a(pinctrl_nrf.c.obj)
 .debug_aranges
                0x0000000000000850       0x58 zephyr/drivers/serial/libdrivers__serial.a(uart_nrfx_uarte.c.obj)
 .debug_aranges
                0x00000000000008a8       0xc0 zephyr/drivers/timer/libdrivers__timer.a(nrf_rtc_timer.c.obj)
 .debug_aranges
                0x0000000000000968       0x40 modules/nrf/lib/fprotect/lib..__nrf__lib__fprotect.a(fprotect_acl.c.obj)
 .debug_aranges
                0x00000000000009a8       0x20 modules/nrf/lib/fatal_error/lib..__nrf__lib__fatal_error.a(fatal_error.c.obj)
 .debug_aranges
                0x00000000000009c8       0x20 modules/nrf/subsys/bootloader/bl_boot/lib..__nrf__subsys__bootloader__bl_boot.a(bl_boot.c.obj)
 .debug_aranges
                0x00000000000009e8       0x50 modules/nrf/subsys/bootloader/bl_crypto/lib..__nrf__subsys__bootloader__bl_crypto.a(bl_crypto.c.obj)
 .debug_aranges
                0x0000000000000a38       0x38 modules/nrf/subsys/bootloader/bl_crypto/lib..__nrf__subsys__bootloader__bl_crypto.a(bl_crypto_oberon_hash.c.obj)
 .debug_aranges
                0x0000000000000a70       0x60 modules/nrf/subsys/bootloader/bl_validation/lib..__nrf__subsys__bootloader__bl_validation.a(bl_validation.c.obj)
 .debug_aranges
                0x0000000000000ad0       0x70 modules/nrf/subsys/bootloader/bl_storage/lib..__nrf__subsys__bootloader__bl_storage.a(bl_storage.c.obj)
 .debug_aranges
                0x0000000000000b40       0x40 modules/nrf/subsys/pcd/lib..__nrf__subsys__pcd.a(pcd.c.obj)
 .debug_aranges