Archive member included to satisfy reference by file (symbol)

app/libapp.a(main.c.obj)      (--whole-archive)
app/libapp.a(flash_map_extended.c.obj)
                              (--whole-archive)
app/libapp.a(os.c.obj)        (--whole-archive)
app/libapp.a(keys.c.obj)      (--whole-archive)
app/libapp.a(boot_serial_extensions.c.obj)
                              (--whole-archive)
app/libapp.a(image_validate.c.obj)
                              (--whole-archive)
app/libapp.a(tlv.c.obj)       (--whole-archive)
app/libapp.a(encrypted.c.obj)
                              (--whole-archive)
app/libapp.a(image_rsa.c.obj)
                              (--whole-archive)
app/libapp.a(image_ecdsa.c.obj)
                              (--whole-archive)
app/libapp.a(image_ed25519.c.obj)
                              (--whole-archive)
app/libapp.a(bootutil_misc.c.obj)
                              (--whole-archive)
app/libapp.a(fault_injection_hardening.c.obj)
                              (--whole-archive)
app/libapp.a(loader.c.obj)    (--whole-archive)
app/libapp.a(swap_misc.c.obj)
                              (--whole-archive)
app/libapp.a(swap_scratch.c.obj)
                              (--whole-archive)
app/libapp.a(swap_move.c.obj)
                              (--whole-archive)
app/libapp.a(caps.c.obj)      (--whole-archive)
app/libapp.a(autogen-pubkey.c.obj)
                              (--whole-archive)
app/libapp.a(arm_cleanup.c.obj)
                              (--whole-archive)
app/libapp.a(nrf_cleanup.c.obj)
                              (--whole-archive)
zephyr/libzephyr.a(cbprintf_packaged.c.obj)
                              (--whole-archive)
zephyr/libzephyr.a(dec.c.obj)
                              (--whole-archive)
zephyr/libzephyr.a(fdtable.c.obj)
                              (--whole-archive)
zephyr/libzephyr.a(hex.c.obj)
                              (--whole-archive)
zephyr/libzephyr.a(printk.c.obj)
                              (--whole-archive)
zephyr/libzephyr.a(rb.c.obj)  (--whole-archive)
zephyr/libzephyr.a(sem.c.obj)
                              (--whole-archive)
zephyr/libzephyr.a(thread_entry.c.obj)
                              (--whole-archive)
zephyr/libzephyr.a(timeutil.c.obj)
                              (--whole-archive)
zephyr/libzephyr.a(heap.c.obj)
                              (--whole-archive)
zephyr/libzephyr.a(heap-validate.c.obj)
                              (--whole-archive)
zephyr/libzephyr.a(bitarray.c.obj)
                              (--whole-archive)
zephyr/libzephyr.a(multi_heap.c.obj)
                              (--whole-archive)
zephyr/libzephyr.a(onoff.c.obj)
                              (--whole-archive)
zephyr/libzephyr.a(notify.c.obj)
                              (--whole-archive)
zephyr/libzephyr.a(cbprintf_complete.c.obj)
                              (--whole-archive)
zephyr/libzephyr.a(cbprintf.c.obj)
                              (--whole-archive)
zephyr/libzephyr.a(assert.c.obj)
                              (--whole-archive)
zephyr/libzephyr.a(configs.c.obj)
                              (--whole-archive)
zephyr/libzephyr.a(soc.c.obj)
                              (--whole-archive)
zephyr/libzephyr.a(soc_nrf_common.S.obj)
                              (--whole-archive)
zephyr/libzephyr.a(validate_base_addresses.c.obj)
                              (--whole-archive)
zephyr/libzephyr.a(validate_enabled_instances.c.obj)
                              (--whole-archive)
zephyr/libzephyr.a(flash_map.c.obj)
                              (--whole-archive)
zephyr/libzephyr.a(flash_map_layout.c.obj)
                              (--whole-archive)
zephyr/libzephyr.a(tracing_none.c.obj)
                              (--whole-archive)
zephyr/libzephyr.a(flash_map_partition_manager.c.obj)
                              (--whole-archive)
zephyr/libzephyr.a(nrf_cc3xx_platform_abort_zephyr.c.obj)
                              (--whole-archive)
zephyr/libzephyr.a(nrf_cc3xx_platform_mutex_zephyr.c.obj)
                              (--whole-archive)
zephyr/arch/common/libarch__common.a(sw_isr_common.c.obj)
                              (--whole-archive)
zephyr/arch/arch/arm/core/aarch32/libarch__arm__core__aarch32.a(cpu_idle.S.obj)
                              (--whole-archive)
zephyr/arch/arch/arm/core/aarch32/libarch__arm__core__aarch32.a(fatal.c.obj)
                              (--whole-archive)
zephyr/arch/arch/arm/core/aarch32/libarch__arm__core__aarch32.a(irq_manage.c.obj)
                              (--whole-archive)
zephyr/arch/arch/arm/core/aarch32/libarch__arm__core__aarch32.a(nmi.c.obj)
                              (--whole-archive)
zephyr/arch/arch/arm/core/aarch32/libarch__arm__core__aarch32.a(nmi_on_reset.S.obj)
                              (--whole-archive)
zephyr/arch/arch/arm/core/aarch32/libarch__arm__core__aarch32.a(prep_c.c.obj)
                              (--whole-archive)
[...]
Memory Configuration

Name             Origin             Length             Attributes
FLASH            0x0000000000000000 0x000000000000c000 xr
RAM              0x0000000020002000 0x000000000006e000 xw
IDT_LIST         0x00000000fffff7ff 0x0000000000000800 xw
*default*        0x0000000000000000 0xffffffffffffffff

Linker script and memory map

LOAD zephyr/CMakeFiles/zephyr_pre0.dir/misc/empty_file.c.obj
LOAD app/libapp.a
LOAD zephyr/libzephyr.a
LOAD zephyr/arch/common/libarch__common.a
LOAD zephyr/arch/arch/arm/core/aarch32/libarch__arm__core__aarch32.a
LOAD zephyr/arch/arch/arm/core/aarch32/cortex_m/libarch__arm__core__aarch32__cortex_m.a
LOAD zephyr/arch/arch/arm/core/aarch32/cortex_m/cmse/libarch__arm__core__aarch32__cortex_m__cmse.a
LOAD zephyr/arch/arch/arm/core/aarch32/mpu/libarch__arm__core__aarch32__mpu.a
LOAD zephyr/lib/libc/minimal/liblib__libc__minimal.a
LOAD zephyr/lib/libc/common/liblib__libc__common.a
LOAD zephyr/soc/soc/arm/common/cortex_m/libsoc__arm__common__cortex_m.a
LOAD zephyr/drivers/clock_control/libdrivers__clock_control.a
LOAD zephyr/drivers/flash/libdrivers__flash.a
LOAD zephyr/drivers/gpio/libdrivers__gpio.a
LOAD zephyr/drivers/pinctrl/libdrivers__pinctrl.a
LOAD zephyr/drivers/spi/libdrivers__spi.a
LOAD zephyr/drivers/timer/libdrivers__timer.a
LOAD modules/nrf/lib/fprotect/lib..__nrf__lib__fprotect.a
LOAD modules/nrf/subsys/pcd/lib..__nrf__subsys__pcd.a
LOAD modules/nrf/modules/mcuboot/hooks/lib..__nrf__modules__mcuboot__hooks.a
LOAD modules/nrf/drivers/hw_cc310/lib..__nrf__drivers__hw_cc310.a
LOAD modules/mcuboot/boot/bootutil/zephyr/libmcuboot_util.a
LOAD modules/mbedtls/libmbedTLSBase.a
LOAD modules/mbedtls/libmbedTLSCrypto.a
LOAD modules/mbedtls/libmbedTLSX509.a
LOAD modules/mbedtls/libmodules__mbedtls.a
LOAD modules/hal_nordic/nrfx/libmodules__hal_nordic__nrfx.a
LOAD modules/zcbor/libmodules__zcbor.a
LOAD zephyr/kernel/libkernel.a
LOAD zephyr/CMakeFiles/offsets.dir/./arch/arm/core/offsets/offsets.c.obj
LOAD /home/zachary/ncs/toolchains/7795df4459/opt/zephyr-sdk/arm-zephyr-eabi/bin/../lib/gcc/arm-zephyr-eabi/12.2.0/thumb/v8-m.main/nofp/libgcc.a
LOAD zephyr/arch/common/libisr_tables.a
LOAD modules/mbedtls/libmbedTLSBase.a
LOAD modules/mbedtls/libmbedTLSCrypto.a
LOAD modules/mbedtls/libmbedTLSX509.a
LOAD /home/zachary/ncs/v2.5.0/nrfxlib/crypto/nrf_cc312_platform/lib/cortex-m33/soft-float/no-interrupts/libnrf_cc312_platform_0.9.18.a
                0x0000000000000020                _region_min_align = 0x20

.rel.plt        0x0000000000000000        0x0
 *(SORT_BY_ALIGNMENT(.rel.plt))
                [!provide]                        PROVIDE (__rel_iplt_start = .)
 *(SORT_BY_ALIGNMENT(.rel.iplt))
 .rel.iplt      0x0000000000000000        0x0 app/libapp.a(main.c.obj)
                [!provide]                        PROVIDE (__rel_iplt_end = .)

.rela.plt       0x0000000000000000        0x0
 *(SORT_BY_ALIGNMENT(.rela.plt))
                [!provide]                        PROVIDE (__rela_iplt_start = .)
 *(SORT_BY_ALIGNMENT(.rela.iplt))
                [!provide]                        PROVIDE (__rela_iplt_end = .)

.rel.dyn
 *(SORT_BY_ALIGNMENT(.rel.*))

.rela.dyn
 *(SORT_BY_ALIGNMENT(.rela.*))

/DISCARD/
 *(SORT_BY_ALIGNMENT(.plt))

/DISCARD/
 *(SORT_BY_ALIGNMENT(.iplt))
                0x0000000000000000                __rom_region_start = 0x0

rom_start       0x0000000000000000      0x154
                0x0000000000000000                __rom_start_address = .
                0x0000000000000000                . = (. + (0x0 - (. - __rom_start_address)))
                0x0000000000000000                . = ALIGN (0x4)
                0x0000000000000000                . = ALIGN (0x80)
                0x0000000000000000                . = ALIGN (0x200)
                0x0000000000000000                _vector_start = .
 *(SORT_BY_ALIGNMENT(.exc_vector_table))
 *(SORT_BY_ALIGNMENT(.exc_vector_table.*))
 .exc_vector_table._vector_table_section
                0x0000000000000000       0x40 zephyr/arch/arch/arm/core/aarch32/cortex_m/libarch__arm__core__aarch32__cortex_m.a(vector_table.S.obj)
                0x0000000000000000                _vector_table
 *(SORT_BY_ALIGNMENT(.vectors))
                0x0000000000000154                _vector_end = .
                0x0000000000000040                . = ALIGN (0x4)
 *(SORT_BY_ALIGNMENT(.gnu.linkonce.irq_vector_table*))
 .gnu.linkonce.irq_vector_table
                0x0000000000000040      0x114 zephyr/arch/common/libisr_tables.a(isr_tables.c.obj)
                0x0000000000000040                _irq_vector_table
                0x0000000000000154                _vector_end = .

text            0x0000000000000154     0x906c
                0x0000000000000154                __text_region_start = .
 *(SORT_BY_ALIGNMENT(.text))
 .text          0x0000000000000154       0x30 /home/zachary/ncs/toolchains/7795df4459/opt/zephyr-sdk/arm-zephyr-eabi/bin/../lib/gcc/arm-zephyr-eabi/12.2.0/thumb/v8-m.main/nofp/libgcc.a(_aeabi_uldivmod.o)
                0x0000000000000154                __aeabi_uldivmod
 .text          0x0000000000000184        0x4 /home/zachary/ncs/toolchains/7795df4459/opt/zephyr-sdk/arm-zephyr-eabi/bin/../lib/gcc/arm-zephyr-eabi/12.2.0/thumb/v8-m.main/nofp/libgcc.a(_dvmd_tls.o)
                0x0000000000000184                __aeabi_ldiv0
                0x0000000000000184                __aeabi_idiv0
 .text          0x0000000000000188      0x29c /home/zachary/ncs/toolchains/7795df4459/opt/zephyr-sdk/arm-zephyr-eabi/bin/../lib/gcc/arm-zephyr-eabi/12.2.0/thumb/v8-m.main/nofp/libgcc.a(_udivmoddi4.o)
                0x0000000000000188                __udivmoddi4
 *(SORT_BY_ALIGNMENT(.text.*))
 .text.main     0x0000000000000424       0xc8 app/libapp.a(main.c.obj)
                0x0000000000000424                main
 .text.flash_area_id_from_multi_image_slot
                0x00000000000004ec       0x24 app/libapp.a(flash_map_extended.c.obj)
                0x00000000000004ec                flash_area_id_from_multi_image_slot
 .text.os_heap_init
                0x0000000000000510       0x10 app/libapp.a(os.c.obj)
                0x0000000000000510                os_heap_init
 .text.bootutil_img_validate
                0x0000000000000520      0x1d8 app/libapp.a(image_validate.c.obj)
                0x0000000000000520                bootutil_img_validate
 .text.bootutil_verify_sig
                0x00000000000006f8      0x1e8 app/libapp.a(image_rsa.c.obj)
                0x00000000000006f8                bootutil_verify_sig
 .text.boot_initialize_area
                0x00000000000008e0       0x60 app/libapp.a(loader.c.obj)
 .text.boot_read_sectors
                0x0000000000000940       0x4c app/libapp.a(loader.c.obj)
 .text.boot_validate_slot.isra.0
                0x000000000000098c      0x180 app/libapp.a(loader.c.obj)
 .text.boot_copy_region
                0x0000000000000b0c       0xac app/libapp.a(loader.c.obj)
                0x0000000000000b0c                boot_copy_region
 .text.context_boot_go
                0x0000000000000bb8      0x634 app/libapp.a(loader.c.obj)
                0x0000000000000bb8                context_boot_go
 .text.boot_go  0x00000000000011ec       0x20 app/libapp.a(loader.c.obj)
                0x00000000000011ec                boot_go
 .text.cleanup_arm_nvic
                0x000000000000120c       0x38 app/libapp.a(arm_cleanup.c.obj)
                0x000000000000120c                cleanup_arm_nvic
 .text.nrf_cleanup_peripheral
                0x0000000000001244       0x90 app/libapp.a(nrf_cleanup.c.obj)
                0x0000000000001244                nrf_cleanup_peripheral
 .text.process_event
                0x00000000000012d4      0x21c zephyr/libzephyr.a(onoff.c.obj)
 .text.rtc_pretick_init
                0x00000000000014f0       0x60 zephyr/libzephyr.a(soc.c.obj)
 .text.nrf_gpio_pin_control_select.constprop.0
                0x0000000000001550       0x1c zephyr/libzephyr.a(soc.c.obj)
 .text.nordicsemi_nrf53_init
                0x000000000000156c       0x38 zephyr/libzephyr.a(soc.c.obj)
 .text.z_arm_on_enter_cpu_idle
                0x00000000000015a4       0x64 zephyr/libzephyr.a(soc.c.obj)
                0x00000000000015a4                z_arm_on_enter_cpu_idle
 .text.arch_busy_wait
                0x0000000000001608       0x24 zephyr/libzephyr.a(soc.c.obj)
                0x0000000000001608                arch_busy_wait
 .text.z_arm_platform_init
                0x000000000000162c        0x4 zephyr/libzephyr.a(soc_nrf_common.S.obj)
                0x000000000000162c                z_arm_platform_init
 .text.flash_area_open
                0x0000000000001630       0x50 zephyr/libzephyr.a(flash_map.c.obj)
                0x0000000000001630                flash_area_open
 .text.flash_area_get_sectors
                0x0000000000001680       0x60 zephyr/libzephyr.a(flash_map_layout.c.obj)
                0x0000000000001680                flash_area_get_sectors
 .text.nrf_cc3xx_platform_abort_init
                0x00000000000016e0        0xc zephyr/libzephyr.a(nrf_cc3xx_platform_abort_zephyr.c.obj)
                0x00000000000016e0                nrf_cc3xx_platform_abort_init
 .text.mutex_free_platform
                0x00000000000016ec       0x54 zephyr/libzephyr.a(nrf_cc3xx_platform_mutex_zephyr.c.obj)
 .text.mutex_lock_platform
                0x0000000000001740       0x70 zephyr/libzephyr.a(nrf_cc3xx_platform_mutex_zephyr.c.obj)
 .text.mutex_unlock_platform
                0x00000000000017b0       0x68 zephyr/libzephyr.a(nrf_cc3xx_platform_mutex_zephyr.c.obj)
 .text.mutex_init_platform
                0x0000000000001818       0x90 zephyr/libzephyr.a(nrf_cc3xx_platform_mutex_zephyr.c.obj)
 .text.nrf_cc3xx_platform_mutex_init
                0x00000000000018a8       0x2c zephyr/libzephyr.a(nrf_cc3xx_platform_mutex_zephyr.c.obj)
                0x00000000000018a8                nrf_cc3xx_platform_mutex_init
 .text.z_arm_cpu_idle_init
                0x00000000000018d4        0xc zephyr/arch/arch/arm/core/aarch32/libarch__arm__core__aarch32.a(cpu_idle.S.obj)
                0x00000000000018d4                z_arm_cpu_idle_init
 .text.arch_cpu_idle
                0x00000000000018e0       0x28 zephyr/arch/arch/arm/core/aarch32/libarch__arm__core__aarch32.a(cpu_idle.S.obj)
                0x00000000000018e0                arch_cpu_idle
 .text.arch_cpu_atomic_idle
                0x0000000000001908       0x24 zephyr/arch/arch/arm/core/aarch32/libarch__arm__core__aarch32.a(cpu_idle.S.obj)
                0x0000000000001908                arch_cpu_atomic_idle
 .text.arch_irq_enable
                0x000000000000192c       0x1c zephyr/arch/arch/arm/core/aarch32/libarch__arm__core__aarch32.a(irq_manage.c.obj)
                0x000000000000192c                arch_irq_enable
 .text.arch_irq_disable
                0x0000000000001948       0x28 zephyr/arch/arch/arm/core/aarch32/libarch__arm__core__aarch32.a(irq_manage.c.obj)
                0x0000000000001948                arch_irq_disable
 .text.arch_irq_is_enabled
                0x0000000000001970       0x1c zephyr/arch/arch/arm/core/aarch32/libarch__arm__core__aarch32.a(irq_manage.c.obj)
                0x0000000000001970                arch_irq_is_enabled
 .text.z_arm_irq_priority_set
                0x000000000000198c       0x2c zephyr/arch/arch/arm/core/aarch32/libarch__arm__core__aarch32.a(irq_manage.c.obj)
                0x000000000000198c                z_arm_irq_priority_set
 .text.z_SysNmiOnReset
                0x00000000000019b8        0x8 zephyr/arch/arch/arm/core/aarch32/libarch__arm__core__aarch32.a(nmi_on_reset.S.obj)
                0x00000000000019b8                z_SysNmiOnReset
 .text.z_arm_prep_c
                0x00000000000019c0       0x38 zephyr/arch/arch/arm/core/aarch32/libarch__arm__core__aarch32.a(prep_c.c.obj)
                0x00000000000019c0                z_arm_prep_c
 .text.arch_swap
                0x00000000000019f8       0x34 zephyr/arch/arch/arm/core/aarch32/libarch__arm__core__aarch32.a(swap.c.obj)
                0x00000000000019f8                arch_swap
 .text.z_arm_pendsv
                0x0000000000001a2c       0x58 zephyr/arch/arch/arm/core/aarch32/libarch__arm__core__aarch32.a(swap_helper.S.obj)
                0x0000000000001a2c                z_arm_pendsv
 .text.z_arm_svc
                0x0000000000001a84       0x20 zephyr/arch/arch/arm/core/aarch32/libarch__arm__core__aarch32.a(swap_helper.S.obj)
                0x0000000000001a84                z_arm_svc
 .text.arch_new_thread
                0x0000000000001aa4       0x38 zephyr/arch/arch/arm/core/aarch32/libarch__arm__core__aarch32.a(thread.c.obj)
                0x0000000000001aa4                arch_new_thread
 .text.arch_switch_to_main_thread
                0x0000000000001adc       0x28 zephyr/arch/arch/arm/core/aarch32/libarch__arm__core__aarch32.a(thread.c.obj)
                0x0000000000001adc                arch_switch_to_main_thread
 .text._isr_wrapper
                0x0000000000001b04       0x28 zephyr/arch/arch/arm/core/aarch32/libarch__arm__core__aarch32.a(isr_wrapper.S.obj)
                0x0000000000001b04                _isr_wrapper
 .text._HandlerModeExit
                0x0000000000001b2c       0x1c zephyr/arch/arch/arm/core/aarch32/cortex_m/libarch__arm__core__aarch32__cortex_m.a(exc_exit.S.obj)
                0x0000000000001b2c                z_arm_exc_exit
                0x0000000000001b2c                z_arm_int_exit
 .text.usage_fault.constprop.0
                0x0000000000001b48       0x5c zephyr/arch/arch/arm/core/aarch32/cortex_m/libarch__arm__core__aarch32__cortex_m.a(fault.c.obj)
 .text.bus_fault.constprop.0
                0x0000000000001ba4       0x6c zephyr/arch/arch/arm/core/aarch32/cortex_m/libarch__arm__core__aarch32__cortex_m.a(fault.c.obj)
 .text.mem_manage_fault.constprop.0
                0x0000000000001c10       0x78 zephyr/arch/arch/arm/core/aarch32/cortex_m/libarch__arm__core__aarch32__cortex_m.a(fault.c.obj)
 .text.z_arm_fault
                0x0000000000001c88      0x118 zephyr/arch/arch/arm/core/aarch32/cortex_m/libarch__arm__core__aarch32__cortex_m.a(fault.c.obj)
                0x0000000000001c88                z_arm_fault
 .text.z_arm_fault_init
                0x0000000000001da0       0x18 zephyr/arch/arch/arm/core/aarch32/cortex_m/libarch__arm__core__aarch32__cortex_m.a(fault.c.obj)
                0x0000000000001da0                z_arm_fault_init
 .text.__fault  0x0000000000001db8       0x14 zephyr/arch/arch/arm/core/aarch32/cortex_m/libarch__arm__core__aarch32__cortex_m.a(fault_s.S.obj)
                0x0000000000001db8                z_arm_bus_fault
                0x0000000000001db8                z_arm_usage_fault
                0x0000000000001db8                z_arm_mpu_fault
                0x0000000000001db8                z_arm_exc_spurious
                0x0000000000001db8                z_arm_debug_monitor
                0x0000000000001db8                z_arm_hard_fault
 .text.z_arm_interrupt_init
                0x0000000000001dcc       0x18 zephyr/arch/arch/arm/core/aarch32/cortex_m/libarch__arm__core__aarch32__cortex_m.a(irq_init.c.obj)
                0x0000000000001dcc                z_arm_interrupt_init
 .text._reset_section
                0x0000000000001de4       0x60 zephyr/arch/arch/arm/core/aarch32/cortex_m/libarch__arm__core__aarch32__cortex_m.a(reset.S.obj)
                0x0000000000001de4                z_arm_reset
                0x0000000000001de4                __start
 .text.z_arm_clear_arm_mpu_config
                0x0000000000001e44       0x24 zephyr/arch/arch/arm/core/aarch32/cortex_m/libarch__arm__core__aarch32__cortex_m.a(scb.c.obj)
                0x0000000000001e44                z_arm_clear_arm_mpu_config
 .text.z_arm_init_arch_hw_at_boot
                0x0000000000001e68       0x4c zephyr/arch/arch/arm/core/aarch32/cortex_m/libarch__arm__core__aarch32__cortex_m.a(scb.c.obj)
                0x0000000000001e68                z_arm_init_arch_hw_at_boot
 .text.z_impl_k_thread_abort
                0x0000000000001eb4       0x2c zephyr/arch/arch/arm/core/aarch32/cortex_m/libarch__arm__core__aarch32__cortex_m.a(thread_abort.c.obj)
                0x0000000000001eb4                z_impl_k_thread_abort
 .text.z_arm_configure_static_mpu_regions
                0x0000000000001ee0       0x38 zephyr/arch/arch/arm/core/aarch32/mpu/libarch__arm__core__aarch32__mpu.a(arm_core_mpu.c.obj)
                0x0000000000001ee0                z_arm_configure_static_mpu_regions
 .text.region_init
                0x0000000000001f18       0x34 zephyr/arch/arch/arm/core/aarch32/mpu/libarch__arm__core__aarch32__mpu.a(arm_mpu.c.obj)
 .text.mpu_configure_regions_and_partition.constprop.0
                0x0000000000001f4c      0x14c zephyr/arch/arch/arm/core/aarch32/mpu/libarch__arm__core__aarch32__mpu.a(arm_mpu.c.obj)
 .text.arm_core_mpu_enable
                0x0000000000002098       0x18 zephyr/arch/arch/arm/core/aarch32/mpu/libarch__arm__core__aarch32__mpu.a(arm_mpu.c.obj)
                0x0000000000002098                arm_core_mpu_enable
 .text.arm_core_mpu_disable
                0x00000000000020b0       0x14 zephyr/arch/arch/arm/core/aarch32/mpu/libarch__arm__core__aarch32__mpu.a(arm_mpu.c.obj)
                0x00000000000020b0                arm_core_mpu_disable
 .text.arm_core_mpu_configure_static_mpu_regions
                0x00000000000020c4       0x14 zephyr/arch/arch/arm/core/aarch32/mpu/libarch__arm__core__aarch32__mpu.a(arm_mpu.c.obj)
                0x00000000000020c4                arm_core_mpu_configure_static_mpu_regions
 .text.arm_core_mpu_mark_areas_for_dynamic_regions
                0x00000000000020d8       0xb8 zephyr/arch/arch/arm/core/aarch32/mpu/libarch__arm__core__aarch32__mpu.a(arm_mpu.c.obj)
                0x00000000000020d8                arm_core_mpu_mark_areas_for_dynamic_regions
 .text.z_arm_mpu_init
                0x0000000000002190       0x4c zephyr/arch/arch/arm/core/aarch32/mpu/libarch__arm__core__aarch32__mpu.a(arm_mpu.c.obj)
                0x0000000000002190                z_arm_mpu_init
 .text.onoff_stop
                0x00000000000021dc       0x30 zephyr/drivers/clock_control/libdrivers__clock_control.a(clock_control_nrf.c.obj)
 .text.onoff_start
                0x000000000000220c       0x44 zephyr/drivers/clock_control/libdrivers__clock_control.a(clock_control_nrf.c.obj)
 .text.clk_init
                0x0000000000002250       0x64 zephyr/drivers/clock_control/libdrivers__clock_control.a(clock_control_nrf.c.obj)
 .text.clkstarted_handle.constprop.0
                0x00000000000022b4       0x34 zephyr/drivers/clock_control/libdrivers__clock_control.a(clock_control_nrf.c.obj)
 .text.clock_event_handler
                0x00000000000022e8       0x30 zephyr/drivers/clock_control/libdrivers__clock_control.a(clock_control_nrf.c.obj)
 .text.generic_hfclk_start
                0x0000000000002318       0x64 zephyr/drivers/clock_control/libdrivers__clock_control.a(clock_control_nrf.c.obj)
 .text.api_blocking_start
                0x000000000000237c       0x30 zephyr/drivers/clock_control/libdrivers__clock_control.a(clock_control_nrf.c.obj)
 .text.generic_hfclk_stop
                0x00000000000023ac       0x34 zephyr/drivers/clock_control/libdrivers__clock_control.a(clock_control_nrf.c.obj)
 .text.z_nrf_clock_control_lf_on
                0x00000000000023e0       0xf8 zephyr/drivers/clock_control/libdrivers__clock_control.a(clock_control_nrf.c.obj)
                0x00000000000023e0                z_nrf_clock_control_lf_on
 .text.flash_nor_get_parameters
                0x00000000000024d8        0x8 zephyr/drivers/flash/libdrivers__flash.a(spi_nor.c.obj)
 .text.flash_sim_page_layout
                0x00000000000024e0       0x10 zephyr/drivers/flash/libdrivers__flash.a(flash_simulator.c.obj)
 .text.flash_sim_get_parameters
                0x00000000000024f0        0x8 zephyr/drivers/flash/libdrivers__flash.a(flash_simulator.c.obj)
 .text.flash_sim_write
                0x00000000000024f8       0x78 zephyr/drivers/flash/libdrivers__flash.a(flash_simulator.c.obj)
 .text.flash_sim_read
                0x0000000000002570       0x28 zephyr/drivers/flash/libdrivers__flash.a(flash_simulator.c.obj)
 .text.flash_sim_erase
                0x0000000000002598       0x4c zephyr/drivers/flash/libdrivers__flash.a(flash_simulator.c.obj)
 .text.flash_init
                0x00000000000025e4       0x18 zephyr/drivers/flash/libdrivers__flash.a(flash_simulator.c.obj)
 .text.z_impl_flash_simulator_get_memory
                0x00000000000025fc       0x10 zephyr/drivers/flash/libdrivers__flash.a(flash_simulator.c.obj)
                0x00000000000025fc                z_impl_flash_simulator_get_memory
 .text.flash_nrf_pages_layout
                0x000000000000260c       0x10 zephyr/drivers/flash/libdrivers__flash.a(soc_flash_nrf.c.obj)
 .text.flash_nrf_get_parameters
                0x000000000000261c        0x8 zephyr/drivers/flash/libdrivers__flash.a(soc_flash_nrf.c.obj)
 .text.nrf_flash_init
                0x0000000000002624       0x28 zephyr/drivers/flash/libdrivers__flash.a(soc_flash_nrf.c.obj)
 .text.flash_nrf_erase
                0x000000000000264c       0x60 zephyr/drivers/flash/libdrivers__flash.a(soc_flash_nrf.c.obj)
 .text.flash_nrf_write
                0x00000000000026ac       0x60 zephyr/drivers/flash/libdrivers__flash.a(soc_flash_nrf.c.obj)
 .text.jesd216_bfp_decode_dw16
                0x000000000000270c       0x40 zephyr/drivers/flash/libdrivers__flash.a(jesd216.c.obj)
                0x000000000000270c                jesd216_bfp_decode_dw16
 .text.gpio_nrfx_pin_interrupt_configure
                0x000000000000274c       0xe4 zephyr/drivers/gpio/libdrivers__gpio.a(gpio_nrfx.c.obj)
 .text.gpio_nrfx_init
                0x0000000000002830       0x38 zephyr/drivers/gpio/libdrivers__gpio.a(gpio_nrfx.c.obj)
 .text.nrfx_gpio_handler
                0x0000000000002868       0x4c zephyr/drivers/gpio/libdrivers__gpio.a(gpio_nrfx.c.obj)
 .text.gpio_nrfx_pin_configure
                0x00000000000028b4      0x124 zephyr/drivers/gpio/libdrivers__gpio.a(gpio_nrfx.c.obj)
 .text.nrf_gpio_pin_port_decode
                0x00000000000029d8       0x24 zephyr/drivers/pinctrl/libdrivers__pinctrl.a(pinctrl_nrf.c.obj)
 .text.pinctrl_configure_pins
                0x00000000000029fc      0x18c zephyr/drivers/pinctrl/libdrivers__pinctrl.a(pinctrl_nrf.c.obj)
                0x00000000000029fc                pinctrl_configure_pins
 .text.transfer_next_chunk
                0x0000000000002b88       0x98 zephyr/drivers/spi/libdrivers__spi.a(spi_nrfx_spim.c.obj)
 .text.spi_nrfx_transceive
                0x0000000000002c20      0x36c zephyr/drivers/spi/libdrivers__spi.a(spi_nrfx_spim.c.obj)
 .text.nrf_gpio_cfg_input
                0x0000000000002f8c       0x40 zephyr/drivers/spi/libdrivers__spi.a(spi_nrfx_common.c.obj)
 .text.spi_nrfx_wake_init
                0x0000000000002fcc       0x54 zephyr/drivers/spi/libdrivers__spi.a(spi_nrfx_common.c.obj)
                0x0000000000002fcc                spi_nrfx_wake_init
 .text.compare_int_lock
                0x0000000000003020       0x40 zephyr/drivers/timer/libdrivers__timer.a(nrf_rtc_timer.c.obj)
 .text.compare_int_unlock
                0x0000000000003060       0x4c zephyr/drivers/timer/libdrivers__timer.a(nrf_rtc_timer.c.obj)
 .text.z_nrf_rtc_timer_read
                0x00000000000030ac       0x44 zephyr/drivers/timer/libdrivers__timer.a(nrf_rtc_timer.c.obj)
                0x00000000000030ac                z_nrf_rtc_timer_read
 .text.compare_set
                0x00000000000030f0      0x124 zephyr/drivers/timer/libdrivers__timer.a(nrf_rtc_timer.c.obj)
 .text.sys_clock_driver_init
                0x0000000000003214       0x8c zephyr/drivers/timer/libdrivers__timer.a(nrf_rtc_timer.c.obj)
 .text.sys_clock_timeout_handler
                0x00000000000032a0       0x74 zephyr/drivers/timer/libdrivers__timer.a(nrf_rtc_timer.c.obj)
 .text.rtc_nrf_isr
                0x0000000000003314       0xd0 zephyr/drivers/timer/libdrivers__timer.a(nrf_rtc_timer.c.obj)
                0x0000000000003314                rtc_nrf_isr
 .text.sys_clock_disable
                0x00000000000033e4       0x30 zephyr/drivers/timer/libdrivers__timer.a(nrf_rtc_timer.c.obj)
                0x00000000000033e4                sys_clock_disable
 .text.fprotect_area
                0x0000000000003414       0x3c modules/nrf/lib/fprotect/lib..__nrf__lib__fprotect.a(fprotect_spu.c.obj)
                0x0000000000003414                fprotect_area
 .text.pcd_fw_copy_status_get
                0x0000000000003450       0x38 modules/nrf/subsys/pcd/lib..__nrf__subsys__pcd.a(pcd.c.obj)
                0x0000000000003450                pcd_fw_copy_status_get
 .text.network_core_finished_check_handler
                0x0000000000003488       0x20 modules/nrf/subsys/pcd/lib..__nrf__subsys__pcd.a(pcd.c.obj)
 .text.network_core_pcd_cmdset.constprop.0
                0x00000000000034a8       0xd8 modules/nrf/subsys/pcd/lib..__nrf__subsys__pcd.a(pcd.c.obj)
 .text.pcd_network_core_update_initiate
                0x0000000000003580       0x34 modules/nrf/subsys/pcd/lib..__nrf__subsys__pcd.a(pcd.c.obj)
                0x0000000000003580                pcd_network_core_update_initiate
 .text.pcd_network_core_update
                0x00000000000035b4       0x14 modules/nrf/subsys/pcd/lib..__nrf__subsys__pcd.a(pcd.c.obj)
                0x00000000000035b4                pcd_network_core_update
 .text.pcd_lock_ram
                0x00000000000035c8       0x10 modules/nrf/subsys/pcd/lib..__nrf__subsys__pcd.a(pcd.c.obj)
                0x00000000000035c8                pcd_lock_ram
 .text.boot_image_check_hook
                0x00000000000035d8       0x14 modules/nrf/modules/mcuboot/hooks/lib..__nrf__modules__mcuboot__hooks.a(nrf53_hooks.c.obj)
                0x00000000000035d8                boot_image_check_hook
 .text.network_core_update
                0x00000000000035ec       0x50 modules/nrf/modules/mcuboot/hooks/lib..__nrf__modules__mcuboot__hooks.a(nrf53_hooks.c.obj)
                0x00000000000035ec                network_core_update
 .text.boot_write_magic
                0x000000000000363c       0x40 modules/mcuboot/boot/bootutil/zephyr/libmcuboot_util.a(bootutil_public.c.obj)
                0x000000000000363c                boot_write_magic
 .text.boot_read_swap_state
                0x000000000000367c       0xac modules/mcuboot/boot/bootutil/zephyr/libmcuboot_util.a(bootutil_public.c.obj)
                0x000000000000367c                boot_read_swap_state
 .text.boot_swap_type_multi
                0x0000000000003728       0xb0 modules/mcuboot/boot/bootutil/zephyr/libmcuboot_util.a(bootutil_public.c.obj)
                0x0000000000003728                boot_swap_type_multi
 .text.mbedtls_calloc
                0x00000000000037d8        0xc modules/mbedtls/libmbedTLSBase.a(platform.c.obj)
                0x00000000000037d8                mbedtls_calloc
 .text.mbedtls_free
                0x00000000000037e4        0xc modules/mbedtls/libmbedTLSBase.a(platform.c.obj)
                0x00000000000037e4                mbedtls_free
 .text.mbedtls_platform_set_calloc_free
                0x00000000000037f0       0x14 modules/mbedtls/libmbedTLSBase.a(platform.c.obj)
                0x00000000000037f0                mbedtls_platform_set_calloc_free
 .text.mbedtls_hash_info_psa_from_md
                0x0000000000003804       0x18 modules/mbedtls/libmbedTLSBase.a(hash_info.c.obj)
                0x0000000000003804                mbedtls_hash_info_psa_from_md
 .text.verify_header
                0x000000000000381c       0x40 modules/mbedtls/libmbedTLSBase.a(memory_buffer_alloc.c.obj)
 .text.verify_chain
                0x000000000000385c       0x3c modules/mbedtls/libmbedTLSBase.a(memory_buffer_alloc.c.obj)
 .text.buffer_alloc_calloc
                0x0000000000003898      0x114 modules/mbedtls/libmbedTLSBase.a(memory_buffer_alloc.c.obj)
 .text.buffer_alloc_free
                0x00000000000039ac      0x124 modules/mbedtls/libmbedTLSBase.a(memory_buffer_alloc.c.obj)
 .text.mbedtls_memory_buffer_alloc_init
                0x0000000000003ad0       0x68 modules/mbedtls/libmbedTLSBase.a(memory_buffer_alloc.c.obj)
                0x0000000000003ad0                mbedtls_memory_buffer_alloc_init
 .text.rsa_check_context.constprop.0
                0x0000000000003b38       0xb8 modules/mbedtls/libmbedTLSBase.a(rsa.c.obj)
 .text.mbedtls_rsa_set_padding
                0x0000000000003bf0       0x2c modules/mbedtls/libmbedTLSBase.a(rsa.c.obj)
                0x0000000000003bf0                mbedtls_rsa_set_padding
 .text.mbedtls_rsa_check_pubkey
                0x0000000000003c1c       0x4c modules/mbedtls/libmbedTLSBase.a(rsa.c.obj)
                0x0000000000003c1c                mbedtls_rsa_check_pubkey
 .text.mbedtls_rsa_public
                0x0000000000003c68       0x90 modules/mbedtls/libmbedTLSBase.a(rsa.c.obj)
                0x0000000000003c68                mbedtls_rsa_public
 .text.mbedtls_sha256_starts
                0x0000000000003cf8       0xcc modules/mbedtls/libmbedTLSBase.a(sha256.c.obj)
                0x0000000000003cf8                mbedtls_sha256_starts
 .text.mbedtls_internal_sha256_process
                0x0000000000003dc4      0x148 modules/mbedtls/libmbedTLSBase.a(sha256.c.obj)
                0x0000000000003dc4                mbedtls_internal_sha256_process
 .text.nrf53_errata_42
                0x0000000000003f0c       0x24 modules/hal_nordic/nrfx/libmodules__hal_nordic__nrfx.a(system_nrf5340_application.c.obj)
 .text.SystemInit
                0x0000000000003f30      0x1c4 modules/hal_nordic/nrfx/libmodules__hal_nordic__nrfx.a(system_nrf5340_application.c.obj)
                0x0000000000003f30                SystemInit
 .text.nrfx_flag32_alloc
                0x00000000000040f4       0x40 modules/hal_nordic/nrfx/libmodules__hal_nordic__nrfx.a(nrfx_flag32_allocator.c.obj)
                0x00000000000040f4                nrfx_flag32_alloc
 .text.nrfx_flag32_free
                0x0000000000004134       0x38 modules/hal_nordic/nrfx/libmodules__hal_nordic__nrfx.a(nrfx_flag32_allocator.c.obj)
                0x0000000000004134                nrfx_flag32_free
 .text.nrfx_gppi_channels_enable
                0x000000000000416c        0xc modules/hal_nordic/nrfx/libmodules__hal_nordic__nrfx.a(nrfx_gppi_dppi.c.obj)
                0x000000000000416c                nrfx_gppi_channels_enable
 .text.nrfx_clock_init
                0x0000000000004178       0x20 modules/hal_nordic/nrfx/libmodules__hal_nordic__nrfx.a(nrfx_clock.c.obj)
                0x0000000000004178                nrfx_clock_init
 .text.nrfx_power_clock_irq_handler
                0x0000000000004198       0xb0 modules/hal_nordic/nrfx/libmodules__hal_nordic__nrfx.a(nrfx_clock.c.obj)
                0x0000000000004198                nrfx_power_clock_irq_handler
 .text.nrfx_dppi_channel_alloc
                0x0000000000004248        0xc modules/hal_nordic/nrfx/libmodules__hal_nordic__nrfx.a(nrfx_dppi.c.obj)
                0x0000000000004248                nrfx_dppi_channel_alloc
 .text.nrf_gpio_pin_port_decode
                0x0000000000004254       0x24 modules/hal_nordic/nrfx/libmodules__hal_nordic__nrfx.a(nrfx_gpiote.c.obj)
 .text.get_pin_idx
                0x0000000000004278       0x14 modules/hal_nordic/nrfx/libmodules__hal_nordic__nrfx.a(nrfx_gpiote.c.obj)
 .text.pin_in_use_by_te
                0x000000000000428c       0x18 modules/hal_nordic/nrfx/libmodules__hal_nordic__nrfx.a(nrfx_gpiote.c.obj)
 .text.pin_is_output
                0x00000000000042a4       0x18 modules/hal_nordic/nrfx/libmodules__hal_nordic__nrfx.a(nrfx_gpiote.c.obj)
 .text.pin_te_get
                0x00000000000042bc       0x18 modules/hal_nordic/nrfx/libmodules__hal_nordic__nrfx.a(nrfx_gpiote.c.obj)
 .text.call_handler
                0x00000000000042d4       0x40 modules/hal_nordic/nrfx/libmodules__hal_nordic__nrfx.a(nrfx_gpiote.c.obj)
 .text.release_handler
                0x0000000000004314       0x58 modules/hal_nordic/nrfx/libmodules__hal_nordic__nrfx.a(nrfx_gpiote.c.obj)
 .text.__nrfy_internal_gpiote_events_process.constprop.0
                0x000000000000436c       0x54 modules/hal_nordic/nrfx/libmodules__hal_nordic__nrfx.a(nrfx_gpiote.c.obj)
 .text.nrfx_gpiote_input_configure
                0x00000000000043c0      0x170 modules/hal_nordic/nrfx/libmodules__hal_nordic__nrfx.a(nrfx_gpiote.c.obj)
                0x00000000000043c0                nrfx_gpiote_input_configure
 .text.nrfx_gpiote_output_configure
                0x0000000000004530       0xfc modules/hal_nordic/nrfx/libmodules__hal_nordic__nrfx.a(nrfx_gpiote.c.obj)
                0x0000000000004530                nrfx_gpiote_output_configure
 .text.nrfx_gpiote_global_callback_set
                0x000000000000462c        0xc modules/hal_nordic/nrfx/libmodules__hal_nordic__nrfx.a(nrfx_gpiote.c.obj)
                0x000000000000462c                nrfx_gpiote_global_callback_set
 .text.nrfx_gpiote_channel_get
                0x0000000000004638       0x30 modules/hal_nordic/nrfx/libmodules__hal_nordic__nrfx.a(nrfx_gpiote.c.obj)
                0x0000000000004638                nrfx_gpiote_channel_get
 .text.nrfx_gpiote_init
                0x0000000000004668       0x50 modules/hal_nordic/nrfx/libmodules__hal_nordic__nrfx.a(nrfx_gpiote.c.obj)
                0x0000000000004668                nrfx_gpiote_init
 .text.nrfx_gpiote_is_init
                0x00000000000046b8       0x14 modules/hal_nordic/nrfx/libmodules__hal_nordic__nrfx.a(nrfx_gpiote.c.obj)
                0x00000000000046b8                nrfx_gpiote_is_init
 .text.nrfx_gpiote_channel_free
                0x00000000000046cc        0xc modules/hal_nordic/nrfx/libmodules__hal_nordic__nrfx.a(nrfx_gpiote.c.obj)
                0x00000000000046cc                nrfx_gpiote_channel_free
 .text.nrfx_gpiote_channel_alloc
                0x00000000000046d8        0xc modules/hal_nordic/nrfx/libmodules__hal_nordic__nrfx.a(nrfx_gpiote.c.obj)
                0x00000000000046d8                nrfx_gpiote_channel_alloc
 .text.nrfx_gpiote_trigger_enable
                0x00000000000046e4       0x98 modules/hal_nordic/nrfx/libmodules__hal_nordic__nrfx.a(nrfx_gpiote.c.obj)
                0x00000000000046e4                nrfx_gpiote_trigger_enable
 .text.nrfx_gpiote_trigger_disable
                0x000000000000477c       0x4c modules/hal_nordic/nrfx/libmodules__hal_nordic__nrfx.a(nrfx_gpiote.c.obj)
                0x000000000000477c                nrfx_gpiote_trigger_disable
 .text.nrfx_gpiote_pin_uninit
                0x00000000000047c8       0x84 modules/hal_nordic/nrfx/libmodules__hal_nordic__nrfx.a(nrfx_gpiote.c.obj)
                0x00000000000047c8                nrfx_gpiote_pin_uninit
 .text.nrfx_gpiote_irq_handler
                0x000000000000484c      0x19c modules/hal_nordic/nrfx/libmodules__hal_nordic__nrfx.a(nrfx_gpiote.c.obj)
                0x000000000000484c                nrfx_gpiote_irq_handler
 .text.nvmc_readonly_mode_set
                0x00000000000049e8       0x14 modules/hal_nordic/nrfx/libmodules__hal_nordic__nrfx.a(nrfx_nvmc.c.obj)
 .text.nvmc_word_write
                0x00000000000049fc       0x18 modules/hal_nordic/nrfx/libmodules__hal_nordic__nrfx.a(nrfx_nvmc.c.obj)
 .text.nrfx_nvmc_page_erase
                0x0000000000004a14       0x3c modules/hal_nordic/nrfx/libmodules__hal_nordic__nrfx.a(nrfx_nvmc.c.obj)
                0x0000000000004a14                nrfx_nvmc_page_erase
 .text.nrfx_nvmc_word_write
                0x0000000000004a50       0x20 modules/hal_nordic/nrfx/libmodules__hal_nordic__nrfx.a(nrfx_nvmc.c.obj)
                0x0000000000004a50                nrfx_nvmc_word_write
 .text.nrf_gpio_pin_port_decode
                0x0000000000004a70       0x24 modules/hal_nordic/nrfx/libmodules__hal_nordic__nrfx.a(nrfx_spim.c.obj)
 .text.spim_configuration_verify
                0x0000000000004a94       0xd4 modules/hal_nordic/nrfx/libmodules__hal_nordic__nrfx.a(nrfx_spim.c.obj)
 .text.pin_init
                0x0000000000004b68       0x50 modules/hal_nordic/nrfx/libmodules__hal_nordic__nrfx.a(nrfx_spim.c.obj)
 .text.spim_configure
                0x0000000000004bb8      0x254 modules/hal_nordic/nrfx/libmodules__hal_nordic__nrfx.a(nrfx_spim.c.obj)
 .text.spim_pin_uninit
                0x0000000000004e0c       0x30 modules/hal_nordic/nrfx/libmodules__hal_nordic__nrfx.a(nrfx_spim.c.obj)
 .text.nrfx_spim_init
                0x0000000000004e3c       0x60 modules/hal_nordic/nrfx/libmodules__hal_nordic__nrfx.a(nrfx_spim.c.obj)
                0x0000000000004e3c                nrfx_spim_init
 .text.nrfx_spim_uninit
                0x0000000000004e9c       0x8c modules/hal_nordic/nrfx/libmodules__hal_nordic__nrfx.a(nrfx_spim.c.obj)
                0x0000000000004e9c                nrfx_spim_uninit
 .text.nrfx_spim_xfer
                0x0000000000004f28      0x164 modules/hal_nordic/nrfx/libmodules__hal_nordic__nrfx.a(nrfx_spim.c.obj)
                0x0000000000004f28                nrfx_spim_xfer
 .text.nrfx_spim_4_irq_handler
                0x000000000000508c       0x54 modules/hal_nordic/nrfx/libmodules__hal_nordic__nrfx.a(nrfx_spim.c.obj)
                0x000000000000508c                nrfx_spim_4_irq_handler
 .text.z_sys_init_run_level
                0x00000000000050e0       0x48 zephyr/kernel/libkernel.a(init.c.obj)
 .text.bg_thread_main
                0x0000000000005128       0x34 zephyr/kernel/libkernel.a(init.c.obj)
 .text.z_bss_zero
                0x000000000000515c       0x18 zephyr/kernel/libkernel.a(init.c.obj)
                0x000000000000515c                z_bss_zero
 .text.z_init_cpu
                0x0000000000005174       0x7c zephyr/kernel/libkernel.a(init.c.obj)
                0x0000000000005174                z_init_cpu
 .text.z_cstart
                0x00000000000051f0       0xdc zephyr/kernel/libkernel.a(init.c.obj)
                0x00000000000051f0                z_cstart
 .text.init_mem_slab_module
                0x00000000000052cc       0x24 zephyr/kernel/libkernel.a(mem_slab.c.obj)
 .text.k_mem_slab_alloc
                0x00000000000052f0       0x54 zephyr/kernel/libkernel.a(mem_slab.c.obj)
                0x00000000000052f0                k_mem_slab_alloc
 .text.z_setup_new_thread
                0x0000000000005344       0x60 zephyr/kernel/libkernel.a(thread.c.obj)
                0x0000000000005344                z_setup_new_thread
 .text.z_init_static_threads
                0x00000000000053a4       0xb4 zephyr/kernel/libkernel.a(thread.c.obj)
                0x00000000000053a4                z_init_static_threads
 .text.z_impl_k_mutex_lock
                0x0000000000005458       0xe8 zephyr/kernel/libkernel.a(mutex.c.obj)
                0x0000000000005458                z_impl_k_mutex_lock
 .text.z_impl_k_mutex_unlock
                0x0000000000005540       0x78 zephyr/kernel/libkernel.a(mutex.c.obj)
                0x0000000000005540                z_impl_k_mutex_unlock
 .text.z_impl_k_sem_give
                0x00000000000055b8       0x48 zephyr/kernel/libkernel.a(sem.c.obj)
                0x00000000000055b8                z_impl_k_sem_give
 .text.z_impl_k_sem_take
                0x0000000000005600       0x44 zephyr/kernel/libkernel.a(sem.c.obj)
                0x0000000000005600                z_impl_k_sem_take
 .text.z_impl_k_sem_reset
                0x0000000000005644       0x3c zephyr/kernel/libkernel.a(sem.c.obj)
                0x0000000000005644                z_impl_k_sem_reset
 .text.update_cache
                0x0000000000005680       0x30 zephyr/kernel/libkernel.a(sched.c.obj)
 .text.unready_thread
                0x00000000000056b0       0x30 zephyr/kernel/libkernel.a(sched.c.obj)
 .text.pend_locked
                0x00000000000056e0       0x24 zephyr/kernel/libkernel.a(sched.c.obj)
 .text.ready_thread
                0x0000000000005704       0x68 zephyr/kernel/libkernel.a(sched.c.obj)
 .text.z_pend_curr
                0x000000000000576c       0x30 zephyr/kernel/libkernel.a(sched.c.obj)
                0x000000000000576c                z_pend_curr
 .text.z_set_prio
                0x000000000000579c       0x8c zephyr/kernel/libkernel.a(sched.c.obj)
                0x000000000000579c                z_set_prio
 .text.z_reschedule
                0x0000000000005828       0x24 zephyr/kernel/libkernel.a(sched.c.obj)
                0x0000000000005828                z_reschedule
 .text.z_sched_start
                0x000000000000584c       0x3c zephyr/kernel/libkernel.a(sched.c.obj)
                0x000000000000584c                z_sched_start
 .text.z_impl_k_thread_suspend
                0x0000000000005888       0x64 zephyr/kernel/libkernel.a(sched.c.obj)
                0x0000000000005888                z_impl_k_thread_suspend
 .text.k_sched_lock
                0x00000000000058ec       0x28 zephyr/kernel/libkernel.a(sched.c.obj)
                0x00000000000058ec                k_sched_lock
 .text.k_sched_unlock
                0x0000000000005914       0x38 zephyr/kernel/libkernel.a(sched.c.obj)
                0x0000000000005914                k_sched_unlock
 .text.z_sched_init
                0x000000000000594c       0x10 zephyr/kernel/libkernel.a(sched.c.obj)
                0x000000000000594c                z_sched_init
 .text.z_impl_k_yield
                0x000000000000595c       0x7c zephyr/kernel/libkernel.a(sched.c.obj)
                0x000000000000595c                z_impl_k_yield
 .text.z_tick_sleep
                0x00000000000059d8       0x64 zephyr/kernel/libkernel.a(sched.c.obj)
 .text.z_impl_k_sleep
                0x0000000000005a3c       0x2c zephyr/kernel/libkernel.a(sched.c.obj)
                0x0000000000005a3c                z_impl_k_sleep
 .text.z_impl_z_current_get
                0x0000000000005a68        0xc zephyr/kernel/libkernel.a(sched.c.obj)
                0x0000000000005a68                z_impl_z_current_get
 .text.z_thread_abort
                0x0000000000005a74       0xc0 zephyr/kernel/libkernel.a(sched.c.obj)
                0x0000000000005a74                z_thread_abort
 .text.z_data_copy
                0x0000000000005b34       0x34 zephyr/kernel/libkernel.a(xip.c.obj)
                0x0000000000005b34                z_data_copy
 .text.elapsed  0x0000000000005b68       0x14 zephyr/kernel/libkernel.a(timeout.c.obj)
 .text.next_timeout
                0x0000000000005b7c       0x2c zephyr/kernel/libkernel.a(timeout.c.obj)
 .text.remove_timeout
                0x0000000000005ba8       0x2c zephyr/kernel/libkernel.a(timeout.c.obj)
 .text.z_add_timeout
                0x0000000000005bd4       0x84 zephyr/kernel/libkernel.a(timeout.c.obj)
                0x0000000000005bd4                z_add_timeout
 .text.sys_clock_announce
                0x0000000000005c58       0xb4 zephyr/kernel/libkernel.a(timeout.c.obj)
                0x0000000000005c58                sys_clock_announce
 .text.sys_clock_tick_get
                0x0000000000005d0c       0x34 zephyr/kernel/libkernel.a(timeout.c.obj)
                0x0000000000005d0c                sys_clock_tick_get
 .text.sys_clock_tick_get_32
                0x0000000000005d40        0xc zephyr/kernel/libkernel.a(timeout.c.obj)
                0x0000000000005d40                sys_clock_tick_get_32
 .text.z_timer_expiration_handler
                0x0000000000005d4c       0x8c zephyr/kernel/libkernel.a(timer.c.obj)
                0x0000000000005d4c                z_timer_expiration_handler
 .text.z_impl_k_timer_start
                0x0000000000005dd8       0x2c zephyr/kernel/libkernel.a(timer.c.obj)
                0x0000000000005dd8                z_impl_k_timer_start
 .text.nrf_cc3xx_platform_init_no_rng
                0x0000000000005e04       0x38 /home/zachary/ncs/v2.5.0/nrfxlib/crypto/nrf_cc312_platform/lib/cortex-m33/soft-float/no-interrupts/libnrf_cc312_platform_0.9.18.a(nrf_cc3xx_platform.c.obj)
                0x0000000000005e04                nrf_cc3xx_platform_init_no_rng
 .text.nrf_cc3xx_platform_abort
                0x0000000000005e3c       0x24 /home/zachary/ncs/v2.5.0/nrfxlib/crypto/nrf_cc312_platform/lib/cortex-m33/soft-float/no-interrupts/libnrf_cc312_platform_0.9.18.a(nrf_cc3xx_platform_abort.c.obj)
 .text.CC_PalAbort
                0x0000000000005e60       0x44 /home/zachary/ncs/v2.5.0/nrfxlib/crypto/nrf_cc312_platform/lib/cortex-m33/soft-float/no-interrupts/libnrf_cc312_platform_0.9.18.a(nrf_cc3xx_platform_abort.c.obj)
                0x0000000000005e60                CC_PalAbort
 .text.nrf_cc3xx_platform_set_abort
                0x0000000000005ea4       0x10 /home/zachary/ncs/v2.5.0/nrfxlib/crypto/nrf_cc312_platform/lib/cortex-m33/soft-float/no-interrupts/libnrf_cc312_platform_0.9.18.a(nrf_cc3xx_platform_abort.c.obj)
                0x0000000000005ea4                nrf_cc3xx_platform_set_abort
 .text.mutex_free
                0x0000000000005eb4       0x34 /home/zachary/ncs/v2.5.0/nrfxlib/crypto/nrf_cc312_platform/lib/cortex-m33/soft-float/no-interrupts/libnrf_cc312_platform_0.9.18.a(nrf_cc3xx_platform_mutex.c.obj)
 .text.mutex_lock
                0x0000000000005ee8       0x48 /home/zachary/ncs/v2.5.0/nrfxlib/crypto/nrf_cc312_platform/lib/cortex-m33/soft-float/no-interrupts/libnrf_cc312_platform_0.9.18.a(nrf_cc3xx_platform_mutex.c.obj)
 .text.mutex_unlock
                0x0000000000005f30       0x38 /home/zachary/ncs/v2.5.0/nrfxlib/crypto/nrf_cc312_platform/lib/cortex-m33/soft-float/no-interrupts/libnrf_cc312_platform_0.9.18.a(nrf_cc3xx_platform_mutex.c.obj)
 .text.mutex_init
                0x0000000000005f68       0x20 /home/zachary/ncs/v2.5.0/nrfxlib/crypto/nrf_cc312_platform/lib/cortex-m33/soft-float/no-interrupts/libnrf_cc312_platform_0.9.18.a(nrf_cc3xx_platform_mutex.c.obj)
 .text.nrf_cc3xx_platform_set_mutexes
                0x0000000000005f88       0x78 /home/zachary/ncs/v2.5.0/nrfxlib/crypto/nrf_cc312_platform/lib/cortex-m33/soft-float/no-interrupts/libnrf_cc312_platform_0.9.18.a(nrf_cc3xx_platform_mutex.c.obj)
                0x0000000000005f88                nrf_cc3xx_platform_set_mutexes
 .text.mbedtls_platform_zeroize
                0x0000000000006000       0x14 /home/zachary/ncs/v2.5.0/nrfxlib/crypto/nrf_cc312_platform/lib/cortex-m33/soft-float/no-interrupts/libnrf_cc312_platform_0.9.18.a(mbedtls_common.c.obj)
                0x0000000000006000                mbedtls_platform_zeroize
 .text.CC_LibInitNoRng
                0x0000000000006014       0x28 /home/zachary/ncs/v2.5.0/nrfxlib/crypto/nrf_cc312_platform/lib/cortex-m33/soft-float/no-interrupts/libnrf_cc312_platform_0.9.18.a(cc_lib.c.obj)
                0x0000000000006014                CC_LibInitNoRng
 .text.CC_HalInit
                0x000000000000603c        0x4 /home/zachary/ncs/v2.5.0/nrfxlib/crypto/nrf_cc312_platform/lib/cortex-m33/soft-float/no-interrupts/libnrf_cc312_platform_0.9.18.a(cc_hal.c.obj)
                0x000000000000603c                CC_HalInit
 .text.CC_PalInit
                0x0000000000006040       0x5c /home/zachary/ncs/v2.5.0/nrfxlib/crypto/nrf_cc312_platform/lib/cortex-m33/soft-float/no-interrupts/libnrf_cc312_platform_0.9.18.a(cc_pal.c.obj)
                0x0000000000006040                CC_PalInit
 .text.CC_PalTerminate
                0x000000000000609c       0x34 /home/zachary/ncs/v2.5.0/nrfxlib/crypto/nrf_cc312_platform/lib/cortex-m33/soft-float/no-interrupts/libnrf_cc312_platform_0.9.18.a(cc_pal.c.obj)
                0x000000000000609c                CC_PalTerminate
 .text.CC_PalDmaInit
                0x00000000000060d0        0x4 /home/zachary/ncs/v2.5.0/nrfxlib/crypto/nrf_cc312_platform/lib/cortex-m33/soft-float/no-interrupts/libnrf_cc312_platform_0.9.18.a(cc_pal_dma.c.obj)
                0x00000000000060d0                CC_PalDmaInit
 .text.CC_PalDmaTerminate
                0x00000000000060d4        0x4 /home/zachary/ncs/v2.5.0/nrfxlib/crypto/nrf_cc312_platform/lib/cortex-m33/soft-float/no-interrupts/libnrf_cc312_platform_0.9.18.a(cc_pal_dma.c.obj)
                0x00000000000060d4                CC_PalDmaTerminate
 .text.CC_PalMutexCreate
                0x00000000000060d8       0x14 /home/zachary/ncs/v2.5.0/nrfxlib/crypto/nrf_cc312_platform/lib/cortex-m33/soft-float/no-interrupts/libnrf_cc312_platform_0.9.18.a(cc_pal_mutex.c.obj)
                0x00000000000060d8                CC_PalMutexCreate
 .text.CC_PalMutexDestroy
                0x00000000000060ec       0x14 /home/zachary/ncs/v2.5.0/nrfxlib/crypto/nrf_cc312_platform/lib/cortex-m33/soft-float/no-interrupts/libnrf_cc312_platform_0.9.18.a(cc_pal_mutex.c.obj)
                0x00000000000060ec                CC_PalMutexDestroy
 .text.CC_PalPowerSaveModeInit
                0x0000000000006100       0x3c /home/zachary/ncs/v2.5.0/nrfxlib/crypto/nrf_cc312_platform/lib/cortex-m33/soft-float/no-interrupts/libnrf_cc312_platform_0.9.18.a(cc_pal_pm.c.obj)
                0x0000000000006100                CC_PalPowerSaveModeInit
 .text.flash_device_base
                0x000000000000613c        0xc app/libapp.a(flash_map_extended.c.obj)
                0x000000000000613c                flash_device_base
 .text.flash_area_get_device_id
                0x0000000000006148        0x4 app/libapp.a(flash_map_extended.c.obj)
                0x0000000000006148                flash_area_get_device_id
 .text.bootutil_tlv_iter_begin
                0x000000000000614c       0x9c app/libapp.a(tlv.c.obj)
                0x000000000000614c                bootutil_tlv_iter_begin
 .text.bootutil_tlv_iter_next
                0x00000000000061e8       0x98 app/libapp.a(tlv.c.obj)
                0x00000000000061e8                bootutil_tlv_iter_next
 .text.boot_fih_memequal
                0x0000000000006280        0x4 app/libapp.a(bootutil_misc.c.obj)
                0x0000000000006280                boot_fih_memequal
 .text.boot_trailer_sz
                0x0000000000006284        0xa app/libapp.a(bootutil_misc.c.obj)
                0x0000000000006284                boot_trailer_sz
 .text.bootutil_max_image_size
                0x000000000000628e        0x4 app/libapp.a(bootutil_misc.c.obj)
                0x000000000000628e                bootutil_max_image_size
 .text.boot_read_image_headers
                0x0000000000006292       0x5e app/libapp.a(loader.c.obj)
 .text.boot_status_reset
                0x00000000000062f0       0x12 app/libapp.a(loader.c.obj)
                0x00000000000062f0                boot_status_reset
 .text.boot_status_is_reset
                0x0000000000006302       0x1a app/libapp.a(loader.c.obj)
                0x0000000000006302                boot_status_is_reset
 .text.boot_read_image_header
                0x000000000000631c       0x38 app/libapp.a(swap_scratch.c.obj)
                0x000000000000631c                boot_read_image_header
 .text.boot_slots_compatible
                0x0000000000006354       0x88 app/libapp.a(swap_scratch.c.obj)
                0x0000000000006354                boot_slots_compatible
 .text.z_thread_entry
                0x00000000000063dc       0x14 zephyr/libzephyr.a(thread_entry.c.obj)
                0x00000000000063dc                z_thread_entry
 .text.process_recheck
                0x00000000000063f0       0x38 zephyr/libzephyr.a(onoff.c.obj)
 .text.validate_args
                0x0000000000006428       0x20 zephyr/libzephyr.a(onoff.c.obj)
 .text.notify_one
                0x0000000000006448       0x2c zephyr/libzephyr.a(onoff.c.obj)
 .text.transition_complete
                0x0000000000006474       0x1c zephyr/libzephyr.a(onoff.c.obj)
 .text.onoff_manager_init
                0x0000000000006490       0x26 zephyr/libzephyr.a(onoff.c.obj)
                0x0000000000006490                onoff_manager_init
 .text.onoff_request
                0x00000000000064b6       0xb0 zephyr/libzephyr.a(onoff.c.obj)
                0x00000000000064b6                onoff_request
 .text.sys_notify_validate
                0x0000000000006566       0x22 zephyr/libzephyr.a(notify.c.obj)
                0x0000000000006566                sys_notify_validate
 .text.sys_notify_finalize
                0x0000000000006588       0x1a zephyr/libzephyr.a(notify.c.obj)
                0x0000000000006588                sys_notify_finalize
 .text._ConfigAbsSyms
                0x00000000000065a2        0x2 zephyr/libzephyr.a(configs.c.obj)
                0x00000000000065a2                _ConfigAbsSyms
 .text.flash_area_close
                0x00000000000065a4        0x2 zephyr/libzephyr.a(flash_map.c.obj)
                0x00000000000065a4                flash_area_close
 .text.flash_area_read
                0x00000000000065a6       0x2a zephyr/libzephyr.a(flash_map.c.obj)
                0x00000000000065a6                flash_area_read
 .text.flash_area_write
                0x00000000000065d0       0x2a zephyr/libzephyr.a(flash_map.c.obj)
                0x00000000000065d0                flash_area_write
 .text.flash_area_erase
                0x00000000000065fa       0x28 zephyr/libzephyr.a(flash_map.c.obj)
                0x00000000000065fa                flash_area_erase
 .text.flash_area_align
                0x0000000000006622        0xe zephyr/libzephyr.a(flash_map.c.obj)
                0x0000000000006622                flash_area_align
 .text.flash_area_erased_val
                0x0000000000006630        0xe zephyr/libzephyr.a(flash_map.c.obj)
                0x0000000000006630                flash_area_erased_val
 .text.get_sectors_cb
                0x000000000000663e       0x44 zephyr/libzephyr.a(flash_map_layout.c.obj)
 .text.abort_function
                0x0000000000006682        0x2 zephyr/libzephyr.a(nrf_cc3xx_platform_abort_zephyr.c.obj)
 .text.z_arm_fatal_error
                0x0000000000006684        0x4 zephyr/arch/arch/arm/core/aarch32/libarch__arm__core__aarch32.a(fatal.c.obj)
                0x0000000000006684                z_arm_fatal_error
 .text.z_do_kernel_oops
                0x0000000000006688        0x8 zephyr/arch/arch/arm/core/aarch32/libarch__arm__core__aarch32.a(fatal.c.obj)
                0x0000000000006688                z_do_kernel_oops
 .text.z_irq_spurious
                0x0000000000006690        0x8 zephyr/arch/arch/arm/core/aarch32/libarch__arm__core__aarch32.a(irq_manage.c.obj)
                0x0000000000006690                z_irq_spurious
 .text.z_arm_nmi
                0x0000000000006698        0xe zephyr/arch/arch/arm/core/aarch32/libarch__arm__core__aarch32.a(nmi.c.obj)
                0x0000000000006698                z_arm_nmi
 .text.configure_builtin_stack_guard
                0x00000000000066a6        0x8 zephyr/arch/arch/arm/core/aarch32/libarch__arm__core__aarch32.a(thread.c.obj)
                0x00000000000066a6                configure_builtin_stack_guard
 .text.arm_cmse_mpu_region_get
                0x00000000000066ae       0x12 zephyr/arch/arch/arm/core/aarch32/cortex_m/cmse/libarch__arm__core__aarch32__cortex_m__cmse.a(arm_core_cmse.c.obj)
                0x00000000000066ae                arm_cmse_mpu_region_get
 .text.mpu_configure_region
                0x00000000000066c0       0x3a zephyr/arch/arch/arm/core/aarch32/mpu/libarch__arm__core__aarch32__mpu.a(arm_mpu.c.obj)
 .text.memcmp   0x00000000000066fa       0x20 zephyr/lib/libc/minimal/liblib__libc__minimal.a(string.c.obj)
                0x00000000000066fa                memcmp
 .text.memcpy   0x000000000000671a       0x16 zephyr/lib/libc/minimal/liblib__libc__minimal.a(string.c.obj)
                0x000000000000671a                memcpy
 .text.memset   0x0000000000006730       0x12 zephyr/lib/libc/minimal/liblib__libc__minimal.a(string.c.obj)
                0x0000000000006730                memset
 .text.get_status
                0x0000000000006742       0x12 zephyr/drivers/clock_control/libdrivers__clock_control.a(clock_control_nrf.c.obj)
 .text.set_on_state
                0x0000000000006754       0x26 zephyr/drivers/clock_control/libdrivers__clock_control.a(clock_control_nrf.c.obj)
 .text.stop     0x000000000000677a       0x54 zephyr/drivers/clock_control/libdrivers__clock_control.a(clock_control_nrf.c.obj)
 .text.api_stop
                0x00000000000067ce        0x6 zephyr/drivers/clock_control/libdrivers__clock_control.a(clock_control_nrf.c.obj)
 .text.async_start
                0x00000000000067d4       0x5e zephyr/drivers/clock_control/libdrivers__clock_control.a(clock_control_nrf.c.obj)
 .text.api_start
                0x0000000000006832        0xe zephyr/drivers/clock_control/libdrivers__clock_control.a(clock_control_nrf.c.obj)
 .text.onoff_started_callback
                0x0000000000006840       0x12 zephyr/drivers/clock_control/libdrivers__clock_control.a(clock_control_nrf.c.obj)
 .text.hfclkaudio_start
                0x0000000000006852        0x6 zephyr/drivers/clock_control/libdrivers__clock_control.a(clock_control_nrf.c.obj)
 .text.hfclk192m_start
                0x0000000000006858        0x6 zephyr/drivers/clock_control/libdrivers__clock_control.a(clock_control_nrf.c.obj)
 .text.lfclk_start
                0x000000000000685e        0x6 zephyr/drivers/clock_control/libdrivers__clock_control.a(clock_control_nrf.c.obj)
 .text.hfclkaudio_stop
                0x0000000000006864        0x6 zephyr/drivers/clock_control/libdrivers__clock_control.a(clock_control_nrf.c.obj)
 .text.hfclk192m_stop
                0x000000000000686a        0x6 zephyr/drivers/clock_control/libdrivers__clock_control.a(clock_control_nrf.c.obj)
 .text.lfclk_stop
                0x0000000000006870        0x6 zephyr/drivers/clock_control/libdrivers__clock_control.a(clock_control_nrf.c.obj)
 .text.blocking_start_callback
                0x0000000000006876        0x6 zephyr/drivers/clock_control/libdrivers__clock_control.a(clock_control_nrf.c.obj)
 .text.spi_nor_pages_layout
                0x000000000000687c        0xc zephyr/drivers/flash/libdrivers__flash.a(spi_nor.c.obj)
 .text.release_device.isra.0
                0x0000000000006888        0x4 zephyr/drivers/flash/libdrivers__flash.a(spi_nor.c.obj)
 .text.acquire_device.isra.0
                0x000000000000688c        0x8 zephyr/drivers/flash/libdrivers__flash.a(spi_nor.c.obj)
 .text.spi_nor_access
                0x0000000000006894       0x8e zephyr/drivers/flash/libdrivers__flash.a(spi_nor.c.obj)
 .text.spi_nor_write_protection_set
                0x0000000000006922       0x1e zephyr/drivers/flash/libdrivers__flash.a(spi_nor.c.obj)
 .text.spi_nor_rdsr
                0x0000000000006940       0x22 zephyr/drivers/flash/libdrivers__flash.a(spi_nor.c.obj)
 .text.spi_nor_read
                0x0000000000006962       0x40 zephyr/drivers/flash/libdrivers__flash.a(spi_nor.c.obj)
 .text.spi_nor_wait_until_ready.isra.0
                0x00000000000069a2       0x28 zephyr/drivers/flash/libdrivers__flash.a(spi_nor.c.obj)
 .text.spi_nor_write
                0x00000000000069ca       0xba zephyr/drivers/flash/libdrivers__flash.a(spi_nor.c.obj)
 .text.spi_nor_erase
                0x0000000000006a84      0x126 zephyr/drivers/flash/libdrivers__flash.a(spi_nor.c.obj)
 .text.spi_nor_init
                0x0000000000006baa      0x262 zephyr/drivers/flash/libdrivers__flash.a(spi_nor.c.obj)
 .text.is_regular_addr_valid
                0x0000000000006e0c       0x22 zephyr/drivers/flash/libdrivers__flash.a(soc_flash_nrf.c.obj)
 .text.flash_nrf_read
                0x0000000000006e2e       0x28 zephyr/drivers/flash/libdrivers__flash.a(soc_flash_nrf.c.obj)
 .text.flash_page_foreach
                0x0000000000006e56       0x58 zephyr/drivers/flash/libdrivers__flash.a(flash_page_layout.c.obj)
                0x0000000000006e56                flash_page_foreach
 .text.jesd216_bfp_erase
                0x0000000000006eae       0x26 zephyr/drivers/flash/libdrivers__flash.a(jesd216.c.obj)
                0x0000000000006eae                jesd216_bfp_erase
 .text.gpio_nrfx_port_get_raw
                0x0000000000006ed4        0xc zephyr/drivers/gpio/libdrivers__gpio.a(gpio_nrfx.c.obj)
 .text.gpio_nrfx_port_set_masked_raw
                0x0000000000006ee0       0x14 zephyr/drivers/gpio/libdrivers__gpio.a(gpio_nrfx.c.obj)
 .text.gpio_nrfx_port_set_bits_raw
                0x0000000000006ef4        0xa zephyr/drivers/gpio/libdrivers__gpio.a(gpio_nrfx.c.obj)
 .text.gpio_nrfx_port_clear_bits_raw
                0x0000000000006efe        0xa zephyr/drivers/gpio/libdrivers__gpio.a(gpio_nrfx.c.obj)
 .text.gpio_nrfx_port_toggle_bits
                0x0000000000006f08       0x14 zephyr/drivers/gpio/libdrivers__gpio.a(gpio_nrfx.c.obj)
 .text.gpio_nrfx_manage_callback
                0x0000000000006f1c       0x52 zephyr/drivers/gpio/libdrivers__gpio.a(gpio_nrfx.c.obj)
 .text.pinctrl_lookup_state
                0x0000000000006f6e       0x26 zephyr/drivers/pinctrl/libdrivers__pinctrl.a(common.c.obj)
                0x0000000000006f6e                pinctrl_lookup_state
 .text.irq_connect4
                0x0000000000006f94        0xa zephyr/drivers/spi/libdrivers__spi.a(spi_nrfx_spim.c.obj)
 .text.spi_context_get_next_buf.constprop.0
                0x0000000000006f9e       0x26 zephyr/drivers/spi/libdrivers__spi.a(spi_nrfx_spim.c.obj)
 .text.gpio_pin_set_dt.isra.0
                0x0000000000006fc4       0x28 zephyr/drivers/spi/libdrivers__spi.a(spi_nrfx_spim.c.obj)
 .text.spi_context_unlock_unconditionally
                0x0000000000006fec       0x30 zephyr/drivers/spi/libdrivers__spi.a(spi_nrfx_spim.c.obj)
 .text.spi_nrfx_release
                0x000000000000701c       0x24 zephyr/drivers/spi/libdrivers__spi.a(spi_nrfx_spim.c.obj)
 .text.spi_nrfx_init
                0x0000000000007040       0xc2 zephyr/drivers/spi/libdrivers__spi.a(spi_nrfx_spim.c.obj)
 .text.finish_transaction.isra.0
                0x0000000000007102       0x38 zephyr/drivers/spi/libdrivers__spi.a(spi_nrfx_spim.c.obj)
 .text.event_handler
                0x000000000000713a       0x98 zephyr/drivers/spi/libdrivers__spi.a(spi_nrfx_spim.c.obj)
 .text.spi_nrfx_wake_request
                0x00000000000071d2       0x50 zephyr/drivers/spi/libdrivers__spi.a(spi_nrfx_common.c.obj)
                0x00000000000071d2                spi_nrfx_wake_request
 .text.event_clear
                0x0000000000007222       0x18 zephyr/drivers/timer/libdrivers__timer.a(nrf_rtc_timer.c.obj)
 .text.sys_clock_set_timeout
                0x000000000000723a        0x2 zephyr/drivers/timer/libdrivers__timer.a(nrf_rtc_timer.c.obj)
                0x000000000000723a                sys_clock_set_timeout
 .text.sys_clock_elapsed
                0x000000000000723c        0x4 zephyr/drivers/timer/libdrivers__timer.a(nrf_rtc_timer.c.obj)
                0x000000000000723c                sys_clock_elapsed
 .text.sys_clock_cycle_get_32
                0x0000000000007240        0x8 zephyr/drivers/timer/libdrivers__timer.a(nrf_rtc_timer.c.obj)
                0x0000000000007240                sys_clock_cycle_get_32
 .text.boot_read_image_header_hook
                0x0000000000007248       0x5e modules/nrf/modules/mcuboot/hooks/lib..__nrf__modules__mcuboot__hooks.a(nrf53_hooks.c.obj)
                0x0000000000007248                boot_read_image_header_hook
 .text.boot_perform_update_hook
                0x00000000000072a6        0x4 modules/nrf/modules/mcuboot/hooks/lib..__nrf__modules__mcuboot__hooks.a(nrf53_hooks.c.obj)
                0x00000000000072a6                boot_perform_update_hook
 .text.boot_read_swap_state_primary_slot_hook
                0x00000000000072aa       0x18 modules/nrf/modules/mcuboot/hooks/lib..__nrf__modules__mcuboot__hooks.a(nrf53_hooks.c.obj)
                0x00000000000072aa                boot_read_swap_state_primary_slot_hook
 .text.boot_copy_region_post_hook
                0x00000000000072c2        0xc modules/nrf/modules/mcuboot/hooks/lib..__nrf__modules__mcuboot__hooks.a(nrf53_hooks.c.obj)
                0x00000000000072c2                boot_copy_region_post_hook
 .text.hw_cc3xx_init_internal
                0x00000000000072ce        0x4 modules/nrf/drivers/hw_cc310/lib..__nrf__drivers__hw_cc310.a(hw_cc310.c.obj)
 .text.hw_cc3xx_init
                0x00000000000072d2       0x12 modules/nrf/drivers/hw_cc310/lib..__nrf__drivers__hw_cc310.a(hw_cc310.c.obj)
 .text.boot_swap_info_off
                0x00000000000072e4        0xc modules/mcuboot/boot/bootutil/zephyr/libmcuboot_util.a(bootutil_public.c.obj)
                0x00000000000072e4                boot_swap_info_off
 .text.boot_magic_compatible_check
                0x00000000000072f0       0x1c modules/mcuboot/boot/bootutil/zephyr/libmcuboot_util.a(bootutil_public.c.obj)
                0x00000000000072f0                boot_magic_compatible_check
 .text.bootutil_buffer_is_erased
                0x000000000000730c       0x26 modules/mcuboot/boot/bootutil/zephyr/libmcuboot_util.a(bootutil_public.c.obj)
                0x000000000000730c                bootutil_buffer_is_erased
 .text.boot_read_flag
                0x0000000000007332       0x38 modules/mcuboot/boot/bootutil/zephyr/libmcuboot_util.a(bootutil_public.c.obj)
 .text.boot_read_image_ok
                0x000000000000736a        0xc modules/mcuboot/boot/bootutil/zephyr/libmcuboot_util.a(bootutil_public.c.obj)
                0x000000000000736a                boot_read_image_ok
 .text.boot_read_swap_state_by_id
                0x0000000000007376       0x28 modules/mcuboot/boot/bootutil/zephyr/libmcuboot_util.a(bootutil_public.c.obj)
                0x0000000000007376                boot_read_swap_state_by_id
 .text.mbedtls_asn1_get_len
                0x000000000000739e       0x98 modules/mbedtls/libmbedTLSBase.a(asn1parse.c.obj)
                0x000000000000739e                mbedtls_asn1_get_len
 .text.mbedtls_asn1_get_tag
                0x0000000000007436       0x28 modules/mbedtls/libmbedTLSBase.a(asn1parse.c.obj)
                0x0000000000007436                mbedtls_asn1_get_tag
 .text.mbedtls_asn1_get_mpi
                0x000000000000745e       0x26 modules/mbedtls/libmbedTLSBase.a(asn1parse.c.obj)
                0x000000000000745e                mbedtls_asn1_get_mpi
 .text.mpi_select
                0x0000000000007484       0x32 modules/mbedtls/libmbedTLSBase.a(bignum.c.obj)
 .text.mpi_montmul.isra.0
                0x00000000000074b6       0x1e modules/mbedtls/libmbedTLSBase.a(bignum.c.obj)
 .text.mbedtls_mpi_init
                0x00000000000074d4        0xc modules/mbedtls/libmbedTLSBase.a(bignum.c.obj)
                0x00000000000074d4                mbedtls_mpi_init
 .text.mbedtls_mpi_free
                0x00000000000074e0       0x24 modules/mbedtls/libmbedTLSBase.a(bignum.c.obj)
                0x00000000000074e0                mbedtls_mpi_free
 .text.mbedtls_mpi_grow
                0x0000000000007504       0x4e modules/mbedtls/libmbedTLSBase.a(bignum.c.obj)
                0x0000000000007504                mbedtls_mpi_grow
 .text.mbedtls_mpi_resize_clear
                0x0000000000007552       0x36 modules/mbedtls/libmbedTLSBase.a(bignum.c.obj)
 .text.mbedtls_mpi_copy
                0x0000000000007588       0x68 modules/mbedtls/libmbedTLSBase.a(bignum.c.obj)
                0x0000000000007588                mbedtls_mpi_copy
 .text.mbedtls_mpi_lset
                0x00000000000075f0       0x34 modules/mbedtls/libmbedTLSBase.a(bignum.c.obj)
                0x00000000000075f0                mbedtls_mpi_lset
 .text.mbedtls_mpi_get_bit
                0x0000000000007624       0x20 modules/mbedtls/libmbedTLSBase.a(bignum.c.obj)
                0x0000000000007624                mbedtls_mpi_get_bit
 .text.mbedtls_mpi_bitlen
                0x0000000000007644        0x8 modules/mbedtls/libmbedTLSBase.a(bignum.c.obj)
                0x0000000000007644                mbedtls_mpi_bitlen
 .text.mbedtls_mpi_size
                0x000000000000764c        0xc modules/mbedtls/libmbedTLSBase.a(bignum.c.obj)
                0x000000000000764c                mbedtls_mpi_size
 .text.mbedtls_mpi_read_binary
                0x0000000000007658       0x2c modules/mbedtls/libmbedTLSBase.a(bignum.c.obj)
                0x0000000000007658                mbedtls_mpi_read_binary
 .text.mbedtls_mpi_write_binary
                0x0000000000007684        0xc modules/mbedtls/libmbedTLSBase.a(bignum.c.obj)
                0x0000000000007684                mbedtls_mpi_write_binary
 .text.mbedtls_mpi_shift_l
                0x0000000000007690       0xae modules/mbedtls/libmbedTLSBase.a(bignum.c.obj)
                0x0000000000007690                mbedtls_mpi_shift_l
 .text.mbedtls_mpi_shift_r
                0x000000000000773e       0x12 modules/mbedtls/libmbedTLSBase.a(bignum.c.obj)
                0x000000000000773e                mbedtls_mpi_shift_r
 .text.mbedtls_mpi_cmp_abs
                0x0000000000007750       0x6a modules/mbedtls/libmbedTLSBase.a(bignum.c.obj)
                0x0000000000007750                mbedtls_mpi_cmp_abs
 .text.mbedtls_mpi_cmp_mpi
                0x00000000000077ba       0x82 modules/mbedtls/libmbedTLSBase.a(bignum.c.obj)
                0x00000000000077ba                mbedtls_mpi_cmp_mpi
 .text.mbedtls_mpi_cmp_int
                0x000000000000783c       0x26 modules/mbedtls/libmbedTLSBase.a(bignum.c.obj)
                0x000000000000783c                mbedtls_mpi_cmp_int
 .text.mbedtls_mpi_add_abs
                0x0000000000007862       0x90 modules/mbedtls/libmbedTLSBase.a(bignum.c.obj)
                0x0000000000007862                mbedtls_mpi_add_abs
 .text.mbedtls_mpi_sub_abs
                0x00000000000078f2       0x9e modules/mbedtls/libmbedTLSBase.a(bignum.c.obj)
                0x00000000000078f2                mbedtls_mpi_sub_abs
 .text.add_sub_mpi
                0x0000000000007990       0x5c modules/mbedtls/libmbedTLSBase.a(bignum.c.obj)
 .text.mbedtls_mpi_add_mpi
                0x00000000000079ec        0x6 modules/mbedtls/libmbedTLSBase.a(bignum.c.obj)
                0x00000000000079ec                mbedtls_mpi_add_mpi
 .text.mbedtls_mpi_sub_mpi
                0x00000000000079f2        0x8 modules/mbedtls/libmbedTLSBase.a(bignum.c.obj)
                0x00000000000079f2                mbedtls_mpi_sub_mpi
 .text.mbedtls_mpi_mul_int
                0x00000000000079fa       0x62 modules/mbedtls/libmbedTLSBase.a(bignum.c.obj)
                0x00000000000079fa                mbedtls_mpi_mul_int
 .text.mbedtls_mpi_div_mpi
                0x0000000000007a5c      0x330 modules/mbedtls/libmbedTLSBase.a(bignum.c.obj)
                0x0000000000007a5c                mbedtls_mpi_div_mpi
 .text.mbedtls_mpi_mod_mpi
                0x0000000000007d8c       0x64 modules/mbedtls/libmbedTLSBase.a(bignum.c.obj)
                0x0000000000007d8c                mbedtls_mpi_mod_mpi
 .text.mbedtls_mpi_exp_mod
                0x0000000000007df0      0x452 modules/mbedtls/libmbedTLSBase.a(bignum.c.obj)
                0x0000000000007df0                mbedtls_mpi_exp_mod
 .text.mbedtls_mpi_core_clz
                0x0000000000008242       0x20 modules/mbedtls/libmbedTLSBase.a(bignum_core.c.obj)
                0x0000000000008242                mbedtls_mpi_core_clz
 .text.mbedtls_mpi_core_bitlen
                0x0000000000008262       0x28 modules/mbedtls/libmbedTLSBase.a(bignum_core.c.obj)
                0x0000000000008262                mbedtls_mpi_core_bitlen
 .text.mbedtls_mpi_core_bigendian_to_host
                0x000000000000828a       0x54 modules/mbedtls/libmbedTLSBase.a(bignum_core.c.obj)
                0x000000000000828a                mbedtls_mpi_core_bigendian_to_host
 .text.mbedtls_mpi_core_cond_assign
                0x00000000000082de       0x18 modules/mbedtls/libmbedTLSBase.a(bignum_core.c.obj)
                0x00000000000082de                mbedtls_mpi_core_cond_assign
 .text.mbedtls_mpi_core_read_be
                0x00000000000082f6       0x4a modules/mbedtls/libmbedTLSBase.a(bignum_core.c.obj)
                0x00000000000082f6                mbedtls_mpi_core_read_be
 .text.mbedtls_mpi_core_write_be
                0x0000000000008340       0x64 modules/mbedtls/libmbedTLSBase.a(bignum_core.c.obj)
                0x0000000000008340                mbedtls_mpi_core_write_be
 .text.mbedtls_mpi_core_shift_r
                0x00000000000083a4       0x74 modules/mbedtls/libmbedTLSBase.a(bignum_core.c.obj)
                0x00000000000083a4                mbedtls_mpi_core_shift_r
 .text.mbedtls_mpi_core_add
                0x0000000000008418       0x2c modules/mbedtls/libmbedTLSBase.a(bignum_core.c.obj)
                0x0000000000008418                mbedtls_mpi_core_add
 .text.mbedtls_mpi_core_sub
                0x0000000000008444       0x3a modules/mbedtls/libmbedTLSBase.a(bignum_core.c.obj)
                0x0000000000008444                mbedtls_mpi_core_sub
 .text.mbedtls_mpi_core_mla
                0x000000000000847e      0x178 modules/mbedtls/libmbedTLSBase.a(bignum_core.c.obj)
                0x000000000000847e                mbedtls_mpi_core_mla
 .text.mbedtls_mpi_core_montmul_init
                0x00000000000085f6       0x22 modules/mbedtls/libmbedTLSBase.a(bignum_core.c.obj)
                0x00000000000085f6                mbedtls_mpi_core_montmul_init
 .text.mbedtls_mpi_core_montmul
                0x0000000000008618       0x92 modules/mbedtls/libmbedTLSBase.a(bignum_core.c.obj)
                0x0000000000008618                mbedtls_mpi_core_montmul
 .text.mbedtls_mpi_core_sub_int
                0x00000000000086aa       0x22 modules/mbedtls/libmbedTLSBase.a(bignum_core.c.obj)
                0x00000000000086aa                mbedtls_mpi_core_sub_int
 .text.platform_calloc_uninit
                0x00000000000086cc        0x4 modules/mbedtls/libmbedTLSBase.a(platform.c.obj)
 .text.platform_exit_uninit
                0x00000000000086d0        0x2 modules/mbedtls/libmbedTLSBase.a(platform.c.obj)
 .text.platform_free_uninit
                0x00000000000086d2        0x2 modules/mbedtls/libmbedTLSBase.a(platform.c.obj)
 .text.mbedtls_ct_size_bool_eq
                0x00000000000086d4        0xc modules/mbedtls/libmbedTLSBase.a(constant_time.c.obj)
                0x00000000000086d4                mbedtls_ct_size_bool_eq
 .text.mbedtls_ct_mpi_uint_cond_assign
                0x00000000000086e0       0x24 modules/mbedtls/libmbedTLSBase.a(constant_time.c.obj)
                0x00000000000086e0                mbedtls_ct_mpi_uint_cond_assign
 .text.mbedtls_mpi_safe_cond_assign
                0x0000000000008704       0x5e modules/mbedtls/libmbedTLSBase.a(constant_time.c.obj)
                0x0000000000008704                mbedtls_mpi_safe_cond_assign
 .text.mbedtls_rsa_import
                0x0000000000008762       0x86 modules/mbedtls/libmbedTLSBase.a(rsa.c.obj)
                0x0000000000008762                mbedtls_rsa_import
 .text.mbedtls_rsa_init
                0x00000000000087e8       0x14 modules/mbedtls/libmbedTLSBase.a(rsa.c.obj)
                0x00000000000087e8                mbedtls_rsa_init
 .text.mbedtls_rsa_get_len
                0x00000000000087fc        0x4 modules/mbedtls/libmbedTLSBase.a(rsa.c.obj)
                0x00000000000087fc                mbedtls_rsa_get_len
 .text.mbedtls_rsa_free
                0x0000000000008800       0x72 modules/mbedtls/libmbedTLSBase.a(rsa.c.obj)
                0x0000000000008800                mbedtls_rsa_free
 .text.mbedtls_sha256_init
                0x0000000000008872        0x8 modules/mbedtls/libmbedTLSBase.a(sha256.c.obj)
                0x0000000000008872                mbedtls_sha256_init
 .text.mbedtls_sha256_update
                0x000000000000887a       0x88 modules/mbedtls/libmbedTLSBase.a(sha256.c.obj)
                0x000000000000887a                mbedtls_sha256_update
 .text.mbedtls_sha256_finish
                0x0000000000008902      0x104 modules/mbedtls/libmbedTLSBase.a(sha256.c.obj)
                0x0000000000008902                mbedtls_sha256_finish
 .text._mbedtls_init
                0x0000000000008a06        0x4 modules/mbedtls/libmbedTLSBase.a(zephyr_init.c.obj)
 .text.nrfx_isr
                0x0000000000008a0a        0x2 modules/hal_nordic/nrfx/libmodules__hal_nordic__nrfx.a(nrfx_glue.c.obj)
                0x0000000000008a0a                nrfx_isr
 .text.nrfx_busy_wait
                0x0000000000008a0c        0x4 modules/hal_nordic/nrfx/libmodules__hal_nordic__nrfx.a(nrfx_glue.c.obj)
                0x0000000000008a0c                nrfx_busy_wait
 .text.nrfx_gppi_event_endpoint_setup
                0x0000000000008a10        0xa modules/hal_nordic/nrfx/libmodules__hal_nordic__nrfx.a(nrfx_gppi_dppi.c.obj)
                0x0000000000008a10                nrfx_gppi_event_endpoint_setup
 .text.nrfx_gppi_task_endpoint_setup
                0x0000000000008a1a        0xa modules/hal_nordic/nrfx/libmodules__hal_nordic__nrfx.a(nrfx_gppi_dppi.c.obj)
                0x0000000000008a1a                nrfx_gppi_task_endpoint_setup
 .text.nrfx_gppi_channel_alloc
                0x0000000000008a24        0x4 modules/hal_nordic/nrfx/libmodules__hal_nordic__nrfx.a(nrfx_gppi_dppi.c.obj)
                0x0000000000008a24                nrfx_gppi_channel_alloc
 .text.clock_stop
                0x0000000000008a28      0x162 modules/hal_nordic/nrfx/libmodules__hal_nordic__nrfx.a(nrfx_clock.c.obj)
 .text.nrfx_clock_enable
                0x0000000000008b8a       0x24 modules/hal_nordic/nrfx/libmodules__hal_nordic__nrfx.a(nrfx_clock.c.obj)
                0x0000000000008b8a                nrfx_clock_enable
 .text.nrfx_clock_start
                0x0000000000008bae       0xbe modules/hal_nordic/nrfx/libmodules__hal_nordic__nrfx.a(nrfx_clock.c.obj)
                0x0000000000008bae                nrfx_clock_start
 .text.nrfx_clock_stop
                0x0000000000008c6c        0x4 modules/hal_nordic/nrfx/libmodules__hal_nordic__nrfx.a(nrfx_clock.c.obj)
                0x0000000000008c6c                nrfx_clock_stop
 .text.nrf_gpio_reconfigure
                0x0000000000008c70       0x92 modules/hal_nordic/nrfx/libmodules__hal_nordic__nrfx.a(nrfx_gpiote.c.obj)
 .text.nrf_gpio_cfg_sense_set
                0x0000000000008d02       0x1e modules/hal_nordic/nrfx/libmodules__hal_nordic__nrfx.a(nrfx_gpiote.c.obj)
 .text.nrfx_gpiote_in_event_get
                0x0000000000008d20       0x22 modules/hal_nordic/nrfx/libmodules__hal_nordic__nrfx.a(nrfx_gpiote.c.obj)
                0x0000000000008d20                nrfx_gpiote_in_event_get
 .text.nrfx_nvmc_flash_size_get
                0x0000000000008d42        0x6 modules/hal_nordic/nrfx/libmodules__hal_nordic__nrfx.a(nrfx_nvmc.c.obj)
                0x0000000000008d42                nrfx_nvmc_flash_size_get
 .text.nrfx_nvmc_flash_page_size_get
                0x0000000000008d48        0x6 modules/hal_nordic/nrfx/libmodules__hal_nordic__nrfx.a(nrfx_nvmc.c.obj)
                0x0000000000008d48                nrfx_nvmc_flash_page_size_get
 .text.nrfx_nvmc_flash_page_count_get
                0x0000000000008d4e        0x6 modules/hal_nordic/nrfx/libmodules__hal_nordic__nrfx.a(nrfx_nvmc.c.obj)
                0x0000000000008d4e                nrfx_nvmc_flash_page_count_get
 .text.__nrfy_internal_spim_event_handle
                0x0000000000008d54       0x2a modules/hal_nordic/nrfx/libmodules__hal_nordic__nrfx.a(nrfx_spim.c.obj)
 .text.__nrfy_internal_spim_events_process
                0x0000000000008d7e       0x7c modules/hal_nordic/nrfx/libmodules__hal_nordic__nrfx.a(nrfx_spim.c.obj)
 .text.nrf_gpio_pin_set
                0x0000000000008dfa       0x18 modules/hal_nordic/nrfx/libmodules__hal_nordic__nrfx.a(nrfx_spim.c.obj)
 .text.nrf_gpio_pin_clear
                0x0000000000008e12       0x18 modules/hal_nordic/nrfx/libmodules__hal_nordic__nrfx.a(nrfx_spim.c.obj)
 .text.spim_abort
                0x0000000000008e2a       0x2c modules/hal_nordic/nrfx/libmodules__hal_nordic__nrfx.a(nrfx_spim.c.obj)
 .text.z_impl_k_busy_wait
                0x0000000000008e56        0x8 zephyr/kernel/libkernel.a(busy_wait.c.obj)
                0x0000000000008e56                z_impl_k_busy_wait
 .text.z_device_state_init
                0x0000000000008e5e        0x2 zephyr/kernel/libkernel.a(device.c.obj)
                0x0000000000008e5e                z_device_state_init
 .text.z_device_is_ready
                0x0000000000008e60       0x16 zephyr/kernel/libkernel.a(device.c.obj)
                0x0000000000008e60                z_device_is_ready
 .text.arch_system_halt
                0x0000000000008e76       0x12 zephyr/kernel/libkernel.a(fatal.c.obj)
                0x0000000000008e76                arch_system_halt
 .text.k_sys_fatal_error_handler
                0x0000000000008e88        0x6 zephyr/kernel/libkernel.a(fatal.c.obj)
                0x0000000000008e88                k_sys_fatal_error_handler
 .text.z_fatal_error
                0x0000000000008e8e       0x36 zephyr/kernel/libkernel.a(fatal.c.obj)
                0x0000000000008e8e                z_fatal_error
 .text.z_early_memset
                0x0000000000008ec4        0x4 zephyr/kernel/libkernel.a(init.c.obj)
                0x0000000000008ec4                z_early_memset
 .text.z_early_memcpy
                0x0000000000008ec8        0x4 zephyr/kernel/libkernel.a(init.c.obj)
                0x0000000000008ec8                z_early_memcpy
 .text.create_free_list
                0x0000000000008ecc       0x2c zephyr/kernel/libkernel.a(mem_slab.c.obj)
 .text.k_mem_slab_init
                0x0000000000008ef8       0x1c zephyr/kernel/libkernel.a(mem_slab.c.obj)
                0x0000000000008ef8                k_mem_slab_init
 .text.k_mem_slab_free
                0x0000000000008f14       0x4c zephyr/kernel/libkernel.a(mem_slab.c.obj)
                0x0000000000008f14                k_mem_slab_free
 .text.k_is_in_isr
                0x0000000000008f60        0xc zephyr/kernel/libkernel.a(thread.c.obj)
                0x0000000000008f60                k_is_in_isr
 .text.idle     0x0000000000008f6c       0x18 zephyr/kernel/libkernel.a(idle.c.obj)
                0x0000000000008f6c                idle
 .text.adjust_owner_prio.isra.0
                0x0000000000008f84       0x10 zephyr/kernel/libkernel.a(mutex.c.obj)
 .text.z_impl_k_mutex_init
                0x0000000000008f94        0xe zephyr/kernel/libkernel.a(mutex.c.obj)
                0x0000000000008f94                z_impl_k_mutex_init
 .text.z_impl_k_sem_init
                0x0000000000008fa2       0x18 zephyr/kernel/libkernel.a(sem.c.obj)
                0x0000000000008fa2                z_impl_k_sem_init
 .text.sys_dlist_remove
                0x0000000000008fba       0x10 zephyr/kernel/libkernel.a(sched.c.obj)
 .text.unpend_thread_no_timeout
                0x0000000000008fca       0x14 zephyr/kernel/libkernel.a(sched.c.obj)
 .text.add_to_waitq_locked
                0x0000000000008fde       0x50 zephyr/kernel/libkernel.a(sched.c.obj)
 .text.z_ready_thread
                0x000000000000902e       0x20 zephyr/kernel/libkernel.a(sched.c.obj)
                0x000000000000902e                z_ready_thread
 .text.z_unpend_thread_no_timeout
                0x000000000000904e       0x24 zephyr/kernel/libkernel.a(sched.c.obj)
                0x000000000000904e                z_unpend_thread_no_timeout
 .text.z_sched_wake_thread
                0x0000000000009072       0x44 zephyr/kernel/libkernel.a(sched.c.obj)
                0x0000000000009072                z_sched_wake_thread
 .text.z_thread_timeout
                0x00000000000090b6        0x8 zephyr/kernel/libkernel.a(sched.c.obj)
                0x00000000000090b6                z_thread_timeout
 .text.z_unpend1_no_timeout
                0x00000000000090be       0x2e zephyr/kernel/libkernel.a(sched.c.obj)
                0x00000000000090be                z_unpend1_no_timeout
 .text.z_unpend_first_thread
                0x00000000000090ec       0x38 zephyr/kernel/libkernel.a(sched.c.obj)
                0x00000000000090ec                z_unpend_first_thread
 .text.z_reschedule_irqlock
                0x0000000000009124       0x18 zephyr/kernel/libkernel.a(sched.c.obj)
                0x0000000000009124                z_reschedule_irqlock
 .text.z_reschedule_unlocked
                0x000000000000913c       0x14 zephyr/kernel/libkernel.a(sched.c.obj)
 .text.z_abort_timeout
                0x0000000000009150       0x2c zephyr/kernel/libkernel.a(timeout.c.obj)
                0x0000000000009150                z_abort_timeout
 .text.z_impl_k_uptime_ticks
                0x000000000000917c        0x4 zephyr/kernel/libkernel.a(timeout.c.obj)
                0x000000000000917c                z_impl_k_uptime_ticks
 .text.z_impl_k_timer_stop
                0x0000000000009180       0x3a zephyr/kernel/libkernel.a(timer.c.obj)
                0x0000000000009180                z_impl_k_timer_stop
 .text.boot_banner
                0x00000000000091ba        0x2 zephyr/kernel/libkernel.a(banner.c.obj)
                0x00000000000091ba                boot_banner
 .text._OffsetAbsSyms
                0x00000000000091bc        0x2 zephyr/CMakeFiles/offsets.dir/./arch/arm/core/offsets/offsets.c.obj
                0x00000000000091bc                _OffsetAbsSyms
 *(SORT_BY_ALIGNMENT(.TEXT.*))
 *(SORT_BY_ALIGNMENT(.gnu.linkonce.t.*))
 *(SORT_BY_ALIGNMENT(.glue_7t))
 .glue_7t       0x00000000000091be        0x0 linker stubs
 *(SORT_BY_ALIGNMENT(.glue_7))
 .glue_7        0x00000000000091be        0x0 linker stubs
 *(SORT_BY_ALIGNMENT(.vfp11_veneer))
 .vfp11_veneer  0x00000000000091be        0x0 linker stubs
 *(SORT_BY_ALIGNMENT(.v4_bx))
 .v4_bx         0x00000000000091be        0x0 linker stubs
                0x00000000000091c0                . = ALIGN (0x4)
 *fill*         0x00000000000091be        0x2 
                0x00000000000091c0                __text_region_end = .

.ARM.exidx      0x00000000000091c0        0x8
                0x00000000000091c0                __exidx_start = .
 *(SORT_BY_ALIGNMENT(.ARM.exidx*) SORT_BY_ALIGNMENT(gnu.linkonce.armexidx.*))
 .ARM.exidx     0x00000000000091c0        0x8 /home/zachary/ncs/toolchains/7795df4459/opt/zephyr-sdk/arm-zephyr-eabi/bin/../lib/gcc/arm-zephyr-eabi/12.2.0/thumb/v8-m.main/nofp/libgcc.a(_udivmoddi4.o)
                0x00000000000091c8                __exidx_end = .
                0x00000000000091c8                __rodata_region_start = .

initlevel       0x00000000000091c8       0x70
                0x00000000000091c8                __init_start = .
                0x00000000000091c8                __init_EARLY_start = .
 *(SORT_BY_NAME(SORT_BY_ALIGNMENT(.z_init_EARLY?_*)))
 *(SORT_BY_NAME(SORT_BY_ALIGNMENT(.z_init_EARLY??_*)))
                0x00000000000091c8                __init_PRE_KERNEL_1_start = .
 *(SORT_BY_NAME(SORT_BY_ALIGNMENT(.z_init_PRE_KERNEL_1?_*)))
 .z_init_PRE_KERNEL_10_0_
                0x00000000000091c8        0x8 zephyr/libzephyr.a(soc.c.obj)
 *(SORT_BY_NAME(SORT_BY_ALIGNMENT(.z_init_PRE_KERNEL_1??_*)))
 .z_init_PRE_KERNEL_130_00084_
                0x00000000000091d0        0x8 zephyr/drivers/clock_control/libdrivers__clock_control.a(clock_control_nrf.c.obj)
 .z_init_PRE_KERNEL_130_0_
                0x00000000000091d8        0x8 zephyr/kernel/libkernel.a(mem_slab.c.obj)
 .z_init_PRE_KERNEL_140_00008_
                0x00000000000091e0        0x8 zephyr/drivers/gpio/libdrivers__gpio.a(gpio_nrfx.c.obj)
 .z_init_PRE_KERNEL_140_00009_
                0x00000000000091e8        0x8 zephyr/drivers/gpio/libdrivers__gpio.a(gpio_nrfx.c.obj)
 .z_init_PRE_KERNEL_140_0_
                0x00000000000091f0        0x8 modules/nrf/drivers/hw_cc310/lib..__nrf__drivers__hw_cc310.a(hw_cc310.c.obj)
                0x00000000000091f8                __init_PRE_KERNEL_2_start = .
 *(SORT_BY_NAME(SORT_BY_ALIGNMENT(.z_init_PRE_KERNEL_2?_*)))
 .z_init_PRE_KERNEL_20_0_
                0x00000000000091f8        0x8 zephyr/drivers/timer/libdrivers__timer.a(nrf_rtc_timer.c.obj)
 *(SORT_BY_NAME(SORT_BY_ALIGNMENT(.z_init_PRE_KERNEL_2??_*)))
                0x0000000000009200                __init_POST_KERNEL_start = .
 *(SORT_BY_NAME(SORT_BY_ALIGNMENT(.z_init_POST_KERNEL?_*)))
 .z_init_POST_KERNEL0_0_
                0x0000000000009200        0x8 zephyr/libzephyr.a(soc.c.obj)
 .z_init_POST_KERNEL0_0_
                0x0000000000009208        0x8 modules/mbedtls/libmbedTLSBase.a(zephyr_init.c.obj)
 *(SORT_BY_NAME(SORT_BY_ALIGNMENT(.z_init_POST_KERNEL??_*)))
 .z_init_POST_KERNEL40_0_
                0x0000000000009210        0x8 modules/nrf/drivers/hw_cc310/lib..__nrf__drivers__hw_cc310.a(hw_cc310.c.obj)
 .z_init_POST_KERNEL50_00079_
                0x0000000000009218        0x8 zephyr/drivers/flash/libdrivers__flash.a(flash_simulator.c.obj)
 .z_init_POST_KERNEL50_00129_
                0x0000000000009220        0x8 zephyr/drivers/flash/libdrivers__flash.a(soc_flash_nrf.c.obj)
 .z_init_POST_KERNEL70_00144_
                0x0000000000009228        0x8 zephyr/drivers/spi/libdrivers__spi.a(spi_nrfx_spim.c.obj)
 .z_init_POST_KERNEL80_00145_
                0x0000000000009230        0x8 zephyr/drivers/flash/libdrivers__flash.a(spi_nor.c.obj)
                0x0000000000009238                __init_APPLICATION_start = .
 *(SORT_BY_NAME(SORT_BY_ALIGNMENT(.z_init_APPLICATION?_*)))
 *(SORT_BY_NAME(SORT_BY_ALIGNMENT(.z_init_APPLICATION??_*)))
                0x0000000000009238                __init_SMP_start = .
 *(SORT_BY_NAME(SORT_BY_ALIGNMENT(.z_init_SMP?_*)))
 *(SORT_BY_NAME(SORT_BY_ALIGNMENT(.z_init_SMP??_*)))
                0x0000000000009238                __init_end = .

device_area     0x0000000000009238       0x8c
                0x0000000000009238                _device_list_start = .
 *(SORT_BY_NAME(SORT_BY_ALIGNMENT(._device.static.*_?_*)))
 *(SORT_BY_NAME(SORT_BY_ALIGNMENT(._device.static.*_??_*)))
 ._device.static.1_30_
                0x0000000000009238       0x14 zephyr/drivers/clock_control/libdrivers__clock_control.a(clock_control_nrf.c.obj)
                0x0000000000009238                __device_dts_ord_84
 ._device.static.1_40_
                0x000000000000924c       0x28 zephyr/drivers/gpio/libdrivers__gpio.a(gpio_nrfx.c.obj)
                0x000000000000924c                __device_dts_ord_9
                0x0000000000009260                __device_dts_ord_8
 ._device.static.3_50_
                0x0000000000009274       0x14 zephyr/drivers/flash/libdrivers__flash.a(flash_simulator.c.obj)
                0x0000000000009274                __device_dts_ord_79
 ._device.static.3_50_
                0x0000000000009288       0x14 zephyr/drivers/flash/libdrivers__flash.a(soc_flash_nrf.c.obj)
                0x0000000000009288                __device_dts_ord_129
 ._device.static.3_70_
                0x000000000000929c       0x14 zephyr/drivers/spi/libdrivers__spi.a(spi_nrfx_spim.c.obj)
                0x000000000000929c                __device_dts_ord_144
 ._device.static.3_80_
                0x00000000000092b0       0x14 zephyr/drivers/flash/libdrivers__flash.a(spi_nor.c.obj)
                0x00000000000092b0                __device_dts_ord_145
                0x00000000000092c4                _device_list_end = .

sw_isr_table    0x00000000000092c4      0x228
                0x00000000000092c4                . = ALIGN (0x4)
 *(SORT_BY_ALIGNMENT(.gnu.linkonce.sw_isr_table*))
 .gnu.linkonce.sw_isr_table
                0x00000000000092c4      0x228 zephyr/arch/common/libisr_tables.a(isr_tables.c.obj)
                0x00000000000092c4                _sw_isr_table

initlevel_error
                0x00000000000091c8        0x0
 *(SORT_BY_NAME(SORT_BY_ALIGNMENT(.z_init_[_A-Z0-9]*)))
                0x0000000000000001                ASSERT ((SIZEOF (initlevel_error) == 0x0), Undefined initialization levels used.)

app_shmem_regions
                0x00000000000094ec        0x0
                0x00000000000094ec                __app_shmem_regions_start = .
 *(SORT_BY_NAME(SORT_BY_ALIGNMENT(.app_regions.*)))
                0x00000000000094ec                __app_shmem_regions_end = .

k_p4wq_initparam_area
                0x00000000000094ec        0x0
                0x00000000000094ec                _k_p4wq_initparam_list_start = .
 *(SORT_BY_NAME(SORT_BY_ALIGNMENT(._k_p4wq_initparam.static.*)))
                0x00000000000094ec                _k_p4wq_initparam_list_end = .

_static_thread_data_area
                0x00000000000094ec        0x0
                0x00000000000094ec                __static_thread_data_list_start = .
 *(SORT_BY_NAME(SORT_BY_ALIGNMENT(.__static_thread_data.static.*)))
                0x00000000000094ec                __static_thread_data_list_end = .

device_deps     0x00000000000094ec        0x0
                0x00000000000094ec                __device_deps_start = .
 *(SORT_BY_NAME(SORT_BY_ALIGNMENT(.__device_deps_pass2*)))
                0x00000000000094ec                __device_deps_end = .

ztest           0x00000000000094ec        0x0
                0x00000000000094ec                _ztest_expected_result_entry_list_start = .
 *(SORT_BY_NAME(SORT_BY_ALIGNMENT(._ztest_expected_result_entry.static.*)))
                0x00000000000094ec                _ztest_expected_result_entry_list_end = .
                0x00000000000094ec                _ztest_suite_node_list_start = .
 *(SORT_BY_NAME(SORT_BY_ALIGNMENT(._ztest_suite_node.static.*)))
                0x00000000000094ec                _ztest_suite_node_list_end = .
                0x00000000000094ec                _ztest_unit_test_list_start = .
 *(SORT_BY_NAME(SORT_BY_ALIGNMENT(._ztest_unit_test.static.*)))
                0x00000000000094ec                _ztest_unit_test_list_end = .
                0x00000000000094ec                _ztest_test_rule_list_start = .
 *(SORT_BY_NAME(SORT_BY_ALIGNMENT(._ztest_test_rule.static.*)))
                0x00000000000094ec                _ztest_test_rule_list_end = .

bt_l2cap_fixed_chan_area
                0x00000000000094ec        0x0
                0x00000000000094ec                _bt_l2cap_fixed_chan_list_start = .
 *(SORT_BY_NAME(SORT_BY_ALIGNMENT(._bt_l2cap_fixed_chan.static.*)))
                0x00000000000094ec                _bt_l2cap_fixed_chan_list_end = .

bt_gatt_service_static_area
                0x00000000000094ec        0x0
                0x00000000000094ec                _bt_gatt_service_static_list_start = .
 *(SORT_BY_NAME(SORT_BY_ALIGNMENT(._bt_gatt_service_static.static.*)))
                0x00000000000094ec                _bt_gatt_service_static_list_end = .

log_strings_area
                0x00000000000094ec        0x0
                0x00000000000094ec                _log_strings_list_start = .
 *(SORT_BY_NAME(SORT_BY_ALIGNMENT(._log_strings.static.*)))
                0x00000000000094ec                _log_strings_list_end = .

log_const_area  0x00000000000094ec       0x70